08-19 20:31:45.933 24020 24020 I flutter : âŒ Failed to load existing wallet: Error: Cannot read wallet. No file at /data/user/0/com.bitcoinz.wallet/app_flutter/bitcoinz-black-amber/wallet/bitcoinz-light-wallet.dat
08-19 20:31:45.933 24020 24020 I flutter :    Restoring Rust wallet from seed phrase...
08-19 20:31:45.933 24020 24020 I flutter : ðŸš€ Initializing Rust Bridge...
08-19 20:31:45.933 24020 24020 I flutter : âœ… Rust bridge already initialized, skipping
08-19 20:31:45.947 24020 24020 I flutter : ðŸ“ Using Black Amber wallet directory: /data/user/0/com.bitcoinz.wallet/app_flutter/bitcoinz-black-amber/wallet
08-19 20:31:45.948 24020 24020 I flutter : ðŸ”„ Restoring wallet from seed...
08-19 20:31:45.948 24020 24020 I flutter : ðŸ“ Restoring wallet to: /data/user/0/com.bitcoinz.wallet/app_flutter/bitcoinz-black-amber/wallet
08-19 20:31:46.664 24020 24020 I flutter : âœ… Wallet restored
08-19 20:31:46.666 24020 24020 I flutter : âœ… Rust service marked as initialized
08-19 20:31:46.666 24020 24020 I flutter :    Seed available: true
08-19 20:31:46.666 24020 24020 I flutter :    Birthday: null
08-19 20:31:46.670 24020 24020 I flutter : â±ï¸ Starting update timers...
08-19 20:31:46.672 24020 24020 I flutter : ðŸ”„ Syncing with network via Rust...
08-19 20:31:46.682 24020 24020 I flutter : ðŸ”„ Full refresh via Rust...
08-19 20:31:46.682 24020 24020 I flutter : ðŸ”„ Syncing with network via Rust...
08-19 20:31:49.876 24020 24020 I flutter : ðŸ” checkConnectionStatus: hasWallet=false, _wallet=null, rustInitialized=true
08-19 20:31:54.867 24020 24020 I flutter : ðŸ” checkConnectionStatus: hasWallet=false, _wallet=null, rustInitialized=true
08-19 20:31:59.878 24020 24020 I flutter : ðŸ” checkConnectionStatus: hasWallet=false, _wallet=null, rustInitialized=true
08-19 20:32:00.547 24020 24026 I bitcoinz.wallet: Background concurrent mark compact GC freed 2923KB AllocSpace bytes, 10(280KB) LOS objects, 49% free, 2498KB/4997KB, paused 378us,3.520ms total 775.405ms
08-19 20:32:04.866 24020 24020 I flutter : ðŸ” checkConnectionStatus: hasWallet=false, _wallet=null, rustInitialized=true
08-19 20:32:09.866 24020 24020 I flutter : ðŸ” checkConnectionStatus: hasWallet=false, _wallet=null, rustInitialized=true
08-19 20:32:14.866 24020 24020 I flutter : ðŸ” checkConnectionStatus: hasWallet=false, _wallet=null, rustInitialized=true
08-19 20:32:19.902 24020 24020 I flutter : ðŸ” checkConnectionStatus: hasWallet=false, _wallet=null, rustInitialized=true
08-19 20:32:24.875 24020 24020 I flutter : ðŸ” checkConnectionStatus: hasWallet=false, _wallet=null, rustInitialized=true
08-19 20:32:29.866 24020 24020 I flutter : ðŸ” checkConnectionStatus: hasWallet=false, _wallet=null, rustInitialized=true
08-19 20:32:34.909 24020 24020 I flutter : ðŸ” checkConnectionStatus: hasWallet=false, _wallet=null, rustInitialized=true
08-19 20:32:39.866 24020 24020 I flutter : ðŸ” checkConnectionStatus: hasWallet=false, _wallet=null, rustInitialized=true
08-19 20:32:44.866 24020 24020 I flutter : ðŸ” checkConnectionStatus: hasWallet=false, _wallet=null, rustInitialized=true
08-19 20:32:46.679 24020 24020 I flutter : ðŸ”„ Full refresh via Rust...
08-19 20:32:46.682 24020 24020 I flutter : ðŸ”„ Syncing with network via Rust...
08-19 20:32:49.879 24020 24020 I flutter : ðŸ” checkConnectionStatus: hasWallet=false, _wallet=null, rustInitialized=true
08-19 20:32:54.867 24020 24020 I flutter : ðŸ” checkConnectionStatus: hasWallet=false, _wallet=null, rustInitialized=true
08-19 20:32:59.867 24020 24020 I flutter : ðŸ” checkConnectionStatus: hasWallet=false, _wallet=null, rustInitialized=true
08-19 20:33:04.866 24020 24020 I flutter : ðŸ” checkConnectionStatus: hasWallet=false, _wallet=null, rustInitialized=true
08-19 20:33:09.866 24020 24020 I flutter : ðŸ” checkConnectionStatus: hasWallet=false, _wallet=null, rustInitialized=true
08-19 20:33:14.866 24020 24020 I flutter : ðŸ” checkConnectionStatus: hasWallet=false, _wallet=null, rustInitialized=true
08-19 20:33:19.874 24020 24020 I flutter : ðŸ” checkConnectionStatus: hasWallet=false, _wallet=null, rustInitialized=true
08-19 20:33:24.867 24020 24020 I flutter : ðŸ” checkConnectionStatus: hasWallet=false, _wallet=null, rustInitialized=true
08-19 20:33:29.867 24020 24020 I flutter : ðŸ” checkConnectionStatus: hasWallet=false, _wallet=null, rustInitialized=true
08-19 20:33:34.867 24020 24020 I flutter : ðŸ” checkConnectionStatus: hasWallet=false, _wallet=null, rustInitialized=true
08-19 20:33:39.866 24020 24020 I flutter : ðŸ” checkConnectionStatus: hasWallet=false, _wallet=null, rustInitialized=true
08-19 20:33:44.866 24020 24020 I flutter : ðŸ” checkConnectionStatus: hasWallet=false, _wallet=null, rustInitialized=true
08-19 20:33:46.674 24020 24020 I flutter : ðŸ”„ Full refresh via Rust...
08-19 20:33:46.676 24020 24020 I flutter : ðŸ”„ Syncing with network via Rust...
08-19 20:33:49.866 24020 24020 I flutter : ðŸ” checkConnectionStatus: hasWallet=false, _wallet=null, rustInitialized=true
08-19 20:33:54.870 24020 24020 I flutter : ðŸ” checkConnectionStatus: hasWallet=false, _wallet=null, rustInitialized=true
08-19 20:33:59.867 24020 24020 I flutter : ðŸ” checkConnectionStatus: hasWallet=false, _wallet=null, rustInitialized=true
08-19 20:34:04.866 24020 24020 I flutter : ðŸ” checkConnectionStatus: hasWallet=false, _wallet=null, rustInitialized=true
08-19 20:34:09.866 24020 24020 I flutter : ðŸ” checkConnectionStatus: hasWallet=false, _wallet=null, rustInitialized=true
08-19 20:34:14.866 24020 24020 I flutter : ðŸ” checkConnectionStatus: hasWallet=false, _wallet=null, rustInitialized=true
08-19 20:34:19.880 24020 24020 I flutter : ðŸ” checkConnectionStatus: hasWallet=false, _wallet=null, rustInitialized=true
08-19 20:34:24.866 24020 24020 I flutter : ðŸ” checkConnectionStatus: hasWallet=false, _wallet=null, rustInitialized=true
08-19 20:34:29.867 24020 24020 I flutter : ðŸ” checkConnectionStatus: hasWallet=false, _wallet=null, rustInitialized=true
08-19 20:34:34.872 24020 24020 I flutter : ðŸ” checkConnectionStatus: hasWallet=false, _wallet=null, rustInitialized=true
08-19 20:34:39.866 24020 24020 I flutter : ðŸ” checkConnectionStatus: hasWallet=false, _wallet=null, rustInitialized=true
08-19 20:34:44.866 24020 24020 I flutter : ðŸ” checkConnectionStatus: hasWallet=false, _wallet=null, rustInitialized=true
08-19 20:34:46.678 24020 24020 I flutter : ðŸ”„ Full refresh via Rust...
08-19 20:34:46.679 24020 24020 I flutter : ðŸ”„ Syncing with network via Rust...
08-19 20:34:49.866 24020 24020 I flutter : ðŸ” checkConnectionStatus: hasWallet=false, _wallet=null, rustInitialized=true
08-19 20:34:54.867 24020 24020 I flutter : ðŸ” checkConnectionStatus: hasWallet=false, _wallet=null, rustInitialized=true
08-19 20:34:59.866 24020 24020 I flutter : ðŸ” checkConnectionStatus: hasWallet=false, _wallet=null, rustInitialized=true
08-19 20:35:04.867 24020 24020 I flutter : ðŸ” checkConnectionStatus: hasWallet=false, _wallet=null, rustInitialized=true
08-19 20:35:09.872 24020 24020 I flutter : ðŸ” checkConnectionStatus: hasWallet=false, _wallet=null, rustInitialized=true
08-19 20:35:14.866 24020 24020 I flutter : ðŸ” checkConnectionStatus: hasWallet=false, _wallet=null, rustInitialized=true
08-19 20:35:19.866 24020 24020 I flutter : ðŸ” checkConnectionStatus: hasWallet=false, _wallet=null, rustInitialized=true
08-19 20:35:24.867 24020 24020 I flutter : ðŸ” checkConnectionStatus: hasWallet=false, _wallet=null, rustInitialized=true
08-19 20:35:29.866 24020 24020 I flutter : ðŸ” checkConnectionStatus: hasWallet=false, _wallet=null, rustInitialized=true
08-19 20:35:34.867 24020 24020 I flutter : ðŸ” checkConnectionStatus: hasWallet=false, _wallet=null, rustInitialized=true
08-19 20:35:39.873 24020 24020 I flutter : ðŸ” checkConnectionStatus: hasWallet=false, _wallet=null, rustInitialized=true
08-19 20:35:42.839  1057  1121 I QuickAccessWalletTile: QAW service is unavailable, recreating the wallet client.
08-19 20:35:44.866 24020 24020 I flutter : ðŸ” checkConnectionStatus: hasWallet=false, _wallet=null, rustInitialized=true
08-19 20:35:46.672 24020 24020 I flutter : ðŸ”„ Full refresh via Rust...
08-19 20:35:46.672 24020 24020 I flutter : ðŸ”„ Syncing with network via Rust...
08-19 20:35:49.866 24020 24020 I flutter : ðŸ” checkConnectionStatus: hasWallet=false, _wallet=null, rustInitialized=true
08-19 20:35:54.867 24020 24020 I flutter : ðŸ” checkConnectionStatus: hasWallet=false, _wallet=null, rustInitialized=true
08-19 20:35:59.877 24020 24020 I flutter : ðŸ” checkConnectionStatus: hasWallet=false, _wallet=null, rustInitialized=true
08-19 20:36:04.866 24020 24020 I flutter : ðŸ” checkConnectionStatus: hasWallet=false, _wallet=null, rustInitialized=true
08-19 20:36:09.866 24020 24020 I flutter : ðŸ” checkConnectionStatus: hasWallet=false, _wallet=null, rustInitialized=true
08-19 20:36:14.866 24020 24020 I flutter : ðŸ” checkConnectionStatus: hasWallet=false, _wallet=null, rustInitialized=true
08-19 20:36:16.612   631   752 I ActivityManager: Force stopping com.bitcoinz.wallet appid=10214 user=0: from pid 24697
08-19 20:36:16.716   631   752 I ActivityManager: Killing 24020:com.bitcoinz.wallet/u0a214 (adj 0): stop com.bitcoinz.wallet due to from pid 24697
08-19 20:36:16.834   631   752 W ActivityTaskManager: Force removing ActivityRecord{157616095 u0 com.bitcoinz.wallet/com.example.flutter_app.MainActivity t23 f}}: app died, no saved state
08-19 20:36:16.899  1057  1091 V WindowManagerShell: Transition requested (#95): android.os.BinderProxy@16bd55 TransitionRequestInfo { type = CLOSE, triggerTask = TaskInfo{userId=0 taskId=23 effectiveUid=10214 displayId=0 isRunning=false baseIntent=Intent { flg=0x10000000 cmp=com.bitcoinz.wallet/com.example.flutter_app.MainActivity } baseActivity=null topActivity=null origActivity=null realActivity=ComponentInfo{com.bitcoinz.wallet/com.example.flutter_app.MainActivity} numActivities=0 lastActiveTime=10180124 supportsMultiWindow=true resizeMode=1 isResizeable=true minWidth=-1 minHeight=-1 defaultMinSize=220 token=WCT{android.window.IWindowContainerToken$Stub$Proxy@c1cb36a} topActivityType=1 pictureInPictureParams=null shouldDockBigOverlays=false launchIntoPipHostTaskId=-1 lastParentTaskIdBeforePip=-1 displayCutoutSafeInsets=Rect(0, 0 - 0, 0) topActivityInfo=null launchCookies=[] positionInParent=Point(0, 0) parentTaskId=-1 isFocused=true isVisible=true isVisibleRequested=true isTopActivityNoDisplay=false isSleeping=false locusId=null displayAreaFeatureId=1 isTopActivityTransparent=false isActivityStackTransparent=true lastNonFullscreenBounds=Rect(284, 660 - 796, 1740) capturedLink=null capturedLinkTimestamp=0 requestedVisibleTypes=-9 topActivityRequestOpenInBrowserEducationTimestamp=0 appCompatTaskInfo=AppCompatTaskInfo { topActivityInSizeCompat=false eligibleForLetterboxEducation= false isLetterboxEducationEnabled= false isLetterboxDoubleTapEnabled= false eligibleForUserAspectRatioButton= false topActivityBoundsLetterboxed= false isFromLetterboxDoubleTap= false topActivityLetterboxVerticalPosition= -1 topActivityLetterboxHorizontalPosition= -1 topActivityLetterboxWidth=-1 topActivityLetterboxHeight=-1 topActivityAppBounds=Rect(0, 0 - 0, 0) isUserFullscreenOverrideEnabled=false isSystemFullscreenOverrideEnabled=false hasMinAspectRatioOverride=false topActivityLetterboxBounds=null cameraCompatTaskInfo=CameraCompatTaskInfo { freeformCameraCompatMode=undefined}} topActivityMainWindowFrame=null}, pipChange = null, remoteTransition = null, displayChange = null, flags = 0, debugId = 95 }
08-19 20:36:17.245   631   791 W InputDispatcher: channel '30837c1 com.bitcoinz.wallet/com.example.flutter_app.MainActivity' ~ Consumer closed input channel or an error occurred.  events=0x9
08-19 20:36:17.247   631   791 E InputDispatcher: channel '30837c1 com.bitcoinz.wallet/com.example.flutter_app.MainActivity' ~ Channel is unrecoverably broken and will be disposed!
08-19 20:36:17.249   631   791 I WindowManager: WINDOW DIED Window{30837c1 u0 com.bitcoinz.wallet/com.example.flutter_app.MainActivity}
08-19 20:36:17.410   631  1279 I WindowManager: WIN DEATH: Window{30837c1 u0 com.bitcoinz.wallet/com.example.flutter_app.MainActivity EXITING}
08-19 20:36:17.449   631  1916 I ImeTracker: com.bitcoinz.wallet:505b0d8e: onRequestHide at ORIGIN_SERVER reason HIDE_REMOVE_CLIENT fromUser false
08-19 20:36:17.467   631  1916 I ImeTracker: com.bitcoinz.wallet:505b0d8e: onCancelled at PHASE_SERVER_SHOULD_HIDE
08-19 20:36:17.706   631  1087 V ActivityManager: Got obituary of 24020:com.bitcoinz.wallet
08-19 20:36:18.162  1228  1228 D CarrierSvcBindHelper: onHandleForceStop: [com.bitcoinz.wallet]
08-19 20:36:18.262   631   661 V WindowManager: Sent Transition (#95) createdAt=08-19 20:36:16.849 via request=TransitionRequestInfo { type = CLOSE, triggerTask = TaskInfo{userId=0 taskId=23 effectiveUid=10214 displayId=0 isRunning=false baseIntent=Intent { flg=0x10000000 cmp=com.bitcoinz.wallet/com.example.flutter_app.MainActivity } baseActivity=null topActivity=null origActivity=null realActivity=ComponentInfo{com.bitcoinz.wallet/com.example.flutter_app.MainActivity} numActivities=0 lastActiveTime=10180124 supportsMultiWindow=true resizeMode=1 isResizeable=true minWidth=-1 minHeight=-1 defaultMinSize=220 token=WCT{RemoteToken{31fe0eb Task{de47c2c #23 type=standard I=com.bitcoinz.wallet/com.example.flutter_app.MainActivity}}} topActivityType=1 pictureInPictureParams=null shouldDockBigOverlays=false launchIntoPipHostTaskId=-1 lastParentTaskIdBeforePip=-1 displayCutoutSafeInsets=Rect(0, 0 - 0, 0) topActivityInfo=null launchCookies=[] positionInParent=Point(0, 0) parentTaskId=-1 isFocused=true isVisible=true isVisibleRequested=true isTopActivityNoDisplay=false isSleeping=false locusId=null displayAreaFeatureId=1 isTopActivityTransparent=false isActivityStackTransparent=true lastNonFullscreenBounds=Rect(284, 660 - 796, 1740) capturedLink=null capturedLinkTimestamp=0 requestedVisibleTypes=-9 topActivityRequestOpenInBrowserEducationTimestamp=0 appCompatTaskInfo=AppCompatTaskInfo { topActivityInSizeCompat=false eligibleForLetterboxEducation= false isLetterboxEducationEnabled= false isLetterboxDoubleTapEnabled= false eligibleForUserAspectRatioButton= false topActivityBoundsLetterboxed= false isFromLetterboxDoubleTap= false topActivityLetterboxVerticalPosition= -1 topActivityLetterboxHorizontalPosition= -1 topActivityLetterboxWidth=-1 topActivityLetterboxHeight=-1 topActivityAppBounds=Rect(0, 0 - 0, 0) isUserFullscreenOverrideEnabled=false isSystemFullscreenOverrideEnabled=false hasMinAspectRatioOverride=false topActivityLetterboxBounds=null cameraCompatTaskInfo=CameraCompatTaskInfo { freeformCameraCompatMode=undefined}} topActivityMainWindowFrame=null}, pipChange = null, remoteTransition = null, displayChange = null, flags = 0, debugId = 95 }
08-19 20:36:18.262   631   661 V WindowManager:         {WCT{RemoteToken{31fe0eb Task{de47c2c #23 type=standard I=com.bitcoinz.wallet/com.example.flutter_app.MainActivity}}} m=CLOSE f=NONE leash=Surface(name=Task=23)/@0x7c5a6cf sb=Rect(0, 0 - 1080, 2400) eb=Rect(0, 0 - 1080, 2400) epz=Point(1080, 2400) d=0 taskParent=-1},
08-19 20:36:19.489   631  1087 W WindowManager: Exception thrown during dispatchAppVisibility Window{30837c1 u0 com.bitcoinz.wallet/com.example.flutter_app.MainActivity EXITING}
08-19 20:36:25.523   631  1095 I ActivityTaskManager: START u0 {flg=0x10000000 xflg=0x5 cmp=com.bitcoinz.wallet/com.example.flutter_app.MainActivity} with LAUNCH_SINGLE_TOP from uid 2000 (BAL_ALLOW_PERMISSION) result code=0
08-19 20:36:25.532  1057  1091 V WindowManagerShell: Transition requested (#96): android.os.BinderProxy@f507ee6 TransitionRequestInfo { type = OPEN, triggerTask = TaskInfo{userId=0 taskId=24 effectiveUid=10214 displayId=0 isRunning=true baseIntent=Intent { flg=0x10000000 cmp=com.bitcoinz.wallet/com.example.flutter_app.MainActivity } baseActivity=ComponentInfo{com.bitcoinz.wallet/com.example.flutter_app.MainActivity} topActivity=ComponentInfo{com.bitcoinz.wallet/com.example.flutter_app.MainActivity} origActivity=null realActivity=ComponentInfo{com.bitcoinz.wallet/com.example.flutter_app.MainActivity} numActivities=1 lastActiveTime=10475137 supportsMultiWindow=true resizeMode=1 isResizeable=true minWidth=-1 minHeight=-1 defaultMinSize=220 token=WCT{android.window.IWindowContainerToken$Stub$Proxy@7d44c27} topActivityType=1 pictureInPictureParams=null shouldDockBigOverlays=false launchIntoPipHostTaskId=-1 lastParentTaskIdBeforePip=-1 displayCutoutSafeInsets=Rect(0, 0 - 0, 0) topActivityInfo=ActivityInfo{1c27ed4 com.example.flutter_app.MainActivity} launchCookies=[] positionInParent=Point(0, 0) parentTaskId=-1 isFocused=false isVisible=false isVisibleRequested=false isTopActivityNoDisplay=false isSleeping=false locusId=null displayAreaFeatureId=1 isTopActivityTransparent=false isActivityStackTransparent=false lastNonFullscreenBounds=Rect(284, 660 - 796, 1740) capturedLink=null capturedLinkTimestamp=0 requestedVisibleTypes=-9 topActivityRequestOpenInBrowserEducationTimestamp=0 appCompatTaskInfo=AppCompatTaskInfo { topActivityInSizeCompat=false eligibleForLetterboxEducation= false isLetterboxEducationEnabled= true isLetterboxDoubleTapEnabled= false eligibleForUserAspectRatioButton= false topActivityBoundsLetterboxed= false isFromLetterboxDoubleTap= false topActivityLetterboxVerticalPosition= -1 topActivityLetterboxHorizontalPosition= -1 topActivityLetterboxWidth=-1 topActivityLetterboxHeight=-1 topActivityAppBounds=Rect(0, 0 - 1080, 2400) isUserFullscreenOverrideEnabled=false isSystemFullscreenOverrideEnabled=false hasMinAspectRatioOverride=false topActivityLetterboxBounds=null cameraCompatTaskInfo=CameraCompatTaskInfo { freeformCameraCompatMode=inactive}} topActivityMainWindowFrame=null}, pipChange = null, remoteTransition = null, displayChange = null, flags = 0, debugId = 96 }
08-19 20:36:25.716   631  1927 D CoreBackPreview: Window{dede764 u0 Splash Screen com.bitcoinz.wallet}: Setting back callback OnBackInvokedCallbackInfo{mCallback=android.window.IOnBackInvokedCallback$Stub$Proxy@1fa3193, mPriority=0, mIsAnimationCallback=false, mOverrideBehavior=0}
08-19 20:36:25.958 24710 24710 I bitcoinz.wallet: Late-enabling -Xcheck:jni
08-19 20:36:26.028   631   672 I ActivityManager: Start proc 24710:com.bitcoinz.wallet/u0a214 for next-top-activity {com.bitcoinz.wallet/com.example.flutter_app.MainActivity}
08-19 20:36:26.208 24710 24710 I bitcoinz.wallet: Using CollectorTypeCMC GC.
08-19 20:36:26.270   631   661 V WindowManager: Sent Transition (#96) createdAt=08-19 20:36:25.437 via request=TransitionRequestInfo { type = OPEN, triggerTask = TaskInfo{userId=0 taskId=24 effectiveUid=10214 displayId=0 isRunning=true baseIntent=Intent { flg=0x10000000 cmp=com.bitcoinz.wallet/com.example.flutter_app.MainActivity } baseActivity=ComponentInfo{com.bitcoinz.wallet/com.example.flutter_app.MainActivity} topActivity=ComponentInfo{com.bitcoinz.wallet/com.example.flutter_app.MainActivity} origActivity=null realActivity=ComponentInfo{com.bitcoinz.wallet/com.example.flutter_app.MainActivity} numActivities=1 lastActiveTime=10475137 supportsMultiWindow=true resizeMode=1 isResizeable=true minWidth=-1 minHeight=-1 defaultMinSize=220 token=WCT{RemoteToken{59c83a6 Task{4bc9a1b #24 type=standard I=com.bitcoinz.wallet/com.example.flutter_app.MainActivity}}} topActivityType=1 pictureInPictureParams=null shouldDockBigOverlays=false launchIntoPipHostTaskId=-1 lastParentTaskIdBeforePip=-1 displayCutoutSafeInsets=Rect(0, 0 - 0, 0) topActivityInfo=ActivityInfo{c24d1e7 com.example.flutter_app.MainActivity} launchCookies=[] positionInParent=Point(0, 0) parentTaskId=-1 isFocused=false isVisible=false isVisibleRequested=false isTopActivityNoDisplay=false isSleeping=false locusId=null displayAreaFeatureId=1 isTopActivityTransparent=false isActivityStackTransparent=false lastNonFullscreenBounds=Rect(284, 660 - 796, 1740) capturedLink=null capturedLinkTimestamp=0 requestedVisibleTypes=-9 topActivityRequestOpenInBrowserEducationTimestamp=0 appCompatTaskInfo=AppCompatTaskInfo { topActivityInSizeCompat=false eligibleForLetterboxEducation= false isLetterboxEducationEnabled= true isLetterboxDoubleTapEnabled= false eligibleForUserAspectRatioButton= false topActivityBoundsLetterboxed= false isFromLetterboxDoubleTap= false topActivityLetterboxVerticalPosition= -1 topActivityLetterboxHorizontalPosition= -1 topActivityLetterboxWidth=-1 topActivityLetterboxHeight=-1 topActivityAppBounds=Rect(0, 0 - 1080, 2400) isUserFullscreenOverrideEnabled=false isSystemFullscreenOverrideEnabled=false hasMinAspectRatioOverride=false topActivityLetterboxBounds=null cameraCompatTaskInfo=CameraCompatTaskInfo { freeformCameraCompatMode=inactive}} topActivityMainWindowFrame=null}, pipChange = null, remoteTransition = null, displayChange = null, flags = 0, debugId = 96 }
08-19 20:36:26.302   631   661 V WindowManager:         {WCT{RemoteToken{59c83a6 Task{4bc9a1b #24 type=standard I=com.bitcoinz.wallet/com.example.flutter_app.MainActivity}}} m=OPEN f=NONE leash=Surface(name=Task=24)/@0x874400b sb=Rect(0, 0 - 1080, 2400) eb=Rect(0, 0 - 1080, 2400) epz=Point(1080, 2400) d=0 taskParent=-1},
08-19 20:36:27.233 24710 24710 D nativeloader: Configuring clns-9 for other apk /data/app/~~5HlFnbeekIfIECVfoWGDcg==/com.bitcoinz.wallet-d0bpvgb2c1Lxi-nOe6tPDQ==/base.apk. target_sdk_version=35, uses_libraries=, library_path=/data/app/~~5HlFnbeekIfIECVfoWGDcg==/com.bitcoinz.wallet-d0bpvgb2c1Lxi-nOe6tPDQ==/lib/arm64:/data/app/~~5HlFnbeekIfIECVfoWGDcg==/com.bitcoinz.wallet-d0bpvgb2c1Lxi-nOe6tPDQ==/base.apk!/lib/arm64-v8a, permitted_path=/data:/mnt/expand:/data/user/0/com.bitcoinz.wallet
08-19 20:36:27.249 24710 24710 I bitcoinz.wallet: AssetManager2(0xb400007913798cb8) locale list changing from [] to [en-US]
08-19 20:36:27.261 24710 24710 V GraphicsEnvironment: com.bitcoinz.wallet is not listed in per-application setting
08-19 20:36:27.261 24710 24710 V GraphicsEnvironment: com.bitcoinz.wallet is not listed in ANGLE allowlist or settings, returning default
08-19 20:36:27.345 24710 24710 I bitcoinz.wallet: AssetManager2(0xb4000079137a1c78) locale list changing from [] to [en-US]
08-19 20:36:27.430 24710 24726 D nativeloader: Load /data/app/~~5HlFnbeekIfIECVfoWGDcg==/com.bitcoinz.wallet-d0bpvgb2c1Lxi-nOe6tPDQ==/lib/arm64/libflutter.so using class loader ns clns-9 (caller=/data/app/~~5HlFnbeekIfIECVfoWGDcg==/com.bitcoinz.wallet-d0bpvgb2c1Lxi-nOe6tPDQ==/base.apk): ok
08-19 20:36:27.453 24710 24710 I bitcoinz.wallet: AssetManager2(0xb40000791379fd38) locale list changing from [] to [en-US]
08-19 20:36:27.470 24710 24710 W bitcoinz.wallet: type=1400 audit(0.0:227): avc:  denied  { read } for  name="max_map_count" dev="proc" ino=87279 scontext=u:r:untrusted_app:s0:c214,c256,c512,c768 tcontext=u:object_r:proc_max_map_count:s0 tclass=file permissive=0 app=com.bitcoinz.wallet
08-19 20:36:27.687 24710 24710 I flutter : [IMPORTANT:flutter/shell/platform/android/android_context_gl_impeller.cc(94)] Using the Impeller rendering backend (OpenGLES).
08-19 20:36:27.739 24710 24736 I flutter : The Dart VM service is listening on http://127.0.0.1:35903/gFmpwQIUHq8=/
08-19 20:36:28.409 24710 24710 I bitcoinz.wallet: hiddenapi: Accessing hidden method Landroid/view/accessibility/AccessibilityNodeInfo;->getSourceNodeId()J (runtime_flags=0, domain=platform, api=unsupported,test-api) from Lio/flutter/view/AccessibilityViewEmbedder$ReflectionAccessors; (domain=app) using reflection: allowed
08-19 20:36:28.410 24710 24710 I bitcoinz.wallet: hiddenapi: Accessing hidden method Landroid/view/accessibility/AccessibilityRecord;->getSourceNodeId()J (runtime_flags=0, domain=platform, api=unsupported) from Lio/flutter/view/AccessibilityViewEmbedder$ReflectionAccessors; (domain=app) using reflection: allowed
08-19 20:36:28.410 24710 24710 I bitcoinz.wallet: hiddenapi: Accessing hidden field Landroid/view/accessibility/AccessibilityNodeInfo;->mChildNodeIds:Landroid/util/LongArray; (runtime_flags=0, domain=platform, api=unsupported) from Lio/flutter/view/AccessibilityViewEmbedder$ReflectionAccessors; (domain=app) using reflection: allowed
08-19 20:36:28.410 24710 24710 I bitcoinz.wallet: hiddenapi: Accessing hidden method Landroid/util/LongArray;->get(I)J (runtime_flags=0, domain=platform, api=unsupported) from Lio/flutter/view/AccessibilityViewEmbedder$ReflectionAccessors; (domain=app) using reflection: allowed
08-19 20:36:28.579   631  1916 D CoreBackPreview: Window{4265619 u0 com.bitcoinz.wallet/com.example.flutter_app.MainActivity}: Setting back callback OnBackInvokedCallbackInfo{mCallback=android.window.IOnBackInvokedCallback$Stub$Proxy@b2759db, mPriority=0, mIsAnimationCallback=false, mOverrideBehavior=0}
08-19 20:36:28.989 24710 24710 D WindowLayoutComponentImpl: Register WindowLayoutInfoListener on Context=com.example.flutter_app.MainActivity@9351ebf, of which baseContext=android.app.ContextImpl@b17a278
08-19 20:36:29.052 24710 24710 I flutter : ðŸ’¾ StorageService: Using flutter_secure_storage
08-19 20:36:29.073 24710 24710 I flutter : [38;5;12mâ”Œâ”€â”€â”€â”€â”€â”€â”€â”€â”€â”€â”€â”€â”€â”€â”€â”€â”€â”€â”€â”€â”€â”€â”€â”€â”€â”€â”€â”€â”€â”€â”€â”€â”€â”€â”€â”€â”€â”€â”€â”€â”€â”€â”€â”€â”€â”€â”€â”€â”€â”€â”€â”€â”€â”€â”€â”€â”€â”€â”€â”€â”€â”€â”€â”€â”€â”€â”€â”€â”€â”€â”€â”€â”€â”€â”€â”€â”€â”€â”€â”€â”€â”€â”€â”€â”€â”€â”€â”€â”€â”€â”€â”€â”€â”€â”€â”€â”€â”€â”€â”€â”€â”€â”€â”€â”€â”€â”€â”€â”€â”€â”€â”€â”€â”€â”€â”€â”€â”€â”€[0m
08-19 20:36:29.074 24710 24710 I flutter : [38;5;12mâ”‚ #0   main (package:bitcoinz_black_amber/main.dart:27:12)[0m
08-19 20:36:29.074 24710 24710 I flutter : [38;5;12mâ”‚ #1   <asynchronous suspension>[0m
08-19 20:36:29.074 24710 24710 I flutter : [38;5;12mâ”œâ”„â”„â”„â”„â”„â”„â”„â”„â”„â”„â”„â”„â”„â”„â”„â”„â”„â”„â”„â”„â”„â”„â”„â”„â”„â”„â”„â”„â”„â”„â”„â”„â”„â”„â”„â”„â”„â”„â”„â”„â”„â”„â”„â”„â”„â”„â”„â”„â”„â”„â”„â”„â”„â”„â”„â”„â”„â”„â”„â”„â”„â”„â”„â”„â”„â”„â”„â”„â”„â”„â”„â”„â”„â”„â”„â”„â”„â”„â”„â”„â”„â”„â”„â”„â”„â”„â”„â”„â”„â”„â”„â”„â”„â”„â”„â”„â”„â”„â”„â”„â”„â”„â”„â”„â”„â”„â”„â”„â”„â”„â”„â”„â”„â”„â”„â”„â”„â”„â”„[0m
08-19 20:36:29.074 24710 24710 I flutter : [38;5;12mâ”‚ ðŸ’¡ Storage service initialized: flutter_secure_storage[0m
08-19 20:36:29.074 24710 24710 I flutter : [38;5;12mâ””â”€â”€â”€â”€â”€â”€â”€â”€â”€â”€â”€â”€â”€â”€â”€â”€â”€â”€â”€â”€â”€â”€â”€â”€â”€â”€â”€â”€â”€â”€â”€â”€â”€â”€â”€â”€â”€â”€â”€â”€â”€â”€â”€â”€â”€â”€â”€â”€â”€â”€â”€â”€â”€â”€â”€â”€â”€â”€â”€â”€â”€â”€â”€â”€â”€â”€â”€â”€â”€â”€â”€â”€â”€â”€â”€â”€â”€â”€â”€â”€â”€â”€â”€â”€â”€â”€â”€â”€â”€â”€â”€â”€â”€â”€â”€â”€â”€â”€â”€â”€â”€â”€â”€â”€â”€â”€â”€â”€â”€â”€â”€â”€â”€â”€â”€â”€â”€â”€â”€[0m
08-19 20:36:29.091 24710 24710 I flutter : [38;5;12mâ”Œâ”€â”€â”€â”€â”€â”€â”€â”€â”€â”€â”€â”€â”€â”€â”€â”€â”€â”€â”€â”€â”€â”€â”€â”€â”€â”€â”€â”€â”€â”€â”€â”€â”€â”€â”€â”€â”€â”€â”€â”€â”€â”€â”€â”€â”€â”€â”€â”€â”€â”€â”€â”€â”€â”€â”€â”€â”€â”€â”€â”€â”€â”€â”€â”€â”€â”€â”€â”€â”€â”€â”€â”€â”€â”€â”€â”€â”€â”€â”€â”€â”€â”€â”€â”€â”€â”€â”€â”€â”€â”€â”€â”€â”€â”€â”€â”€â”€â”€â”€â”€â”€â”€â”€â”€â”€â”€â”€â”€â”€â”€â”€â”€â”€â”€â”€â”€â”€â”€â”€[0m
08-19 20:36:29.091 24710 24710 I flutter : [38;5;12mâ”‚ #0   main (package:bitcoinz_black_amber/main.dart:44:14)[0m
08-19 20:36:29.091 24710 24710 I flutter : [38;5;12mâ”‚ #1   <asynchronous suspension>[0m
08-19 20:36:29.091 24710 24710 I flutter : [38;5;12mâ”œâ”„â”„â”„â”„â”„â”„â”„â”„â”„â”„â”„â”„â”„â”„â”„â”„â”„â”„â”„â”„â”„â”„â”„â”„â”„â”„â”„â”„â”„â”„â”„â”„â”„â”„â”„â”„â”„â”„â”„â”„â”„â”„â”„â”„â”„â”„â”„â”„â”„â”„â”„â”„â”„â”„â”„â”„â”„â”„â”„â”„â”„â”„â”„â”„â”„â”„â”„â”„â”„â”„â”„â”„â”„â”„â”„â”„â”„â”„â”„â”„â”„â”„â”„â”„â”„â”„â”„â”„â”„â”„â”„â”„â”„â”„â”„â”„â”„â”„â”„â”„â”„â”„â”„â”„â”„â”„â”„â”„â”„â”„â”„â”„â”„â”„â”„â”„â”„â”„â”„[0m
08-19 20:36:29.091 24710 24710 I flutter : [38;5;12mâ”‚ ðŸ’¡ ðŸ¦€ Rust bridge initialized for mempool monitoring[0m
08-19 20:36:29.091 24710 24710 I flutter : [38;5;12mâ””â”€â”€â”€â”€â”€â”€â”€â”€â”€â”€â”€â”€â”€â”€â”€â”€â”€â”€â”€â”€â”€â”€â”€â”€â”€â”€â”€â”€â”€â”€â”€â”€â”€â”€â”€â”€â”€â”€â”€â”€â”€â”€â”€â”€â”€â”€â”€â”€â”€â”€â”€â”€â”€â”€â”€â”€â”€â”€â”€â”€â”€â”€â”€â”€â”€â”€â”€â”€â”€â”€â”€â”€â”€â”€â”€â”€â”€â”€â”€â”€â”€â”€â”€â”€â”€â”€â”€â”€â”€â”€â”€â”€â”€â”€â”€â”€â”€â”€â”€â”€â”€â”€â”€â”€â”€â”€â”€â”€â”€â”€â”€â”€â”€â”€â”€â”€â”€â”€â”€[0m
08-19 20:36:29.096 24710 24710 I flutter : [38;5;12mâ”Œâ”€â”€â”€â”€â”€â”€â”€â”€â”€â”€â”€â”€â”€â”€â”€â”€â”€â”€â”€â”€â”€â”€â”€â”€â”€â”€â”€â”€â”€â”€â”€â”€â”€â”€â”€â”€â”€â”€â”€â”€â”€â”€â”€â”€â”€â”€â”€â”€â”€â”€â”€â”€â”€â”€â”€â”€â”€â”€â”€â”€â”€â”€â”€â”€â”€â”€â”€â”€â”€â”€â”€â”€â”€â”€â”€â”€â”€â”€â”€â”€â”€â”€â”€â”€â”€â”€â”€â”€â”€â”€â”€â”€â”€â”€â”€â”€â”€â”€â”€â”€â”€â”€â”€â”€â”€â”€â”€â”€â”€â”€â”€â”€â”€â”€â”€â”€â”€â”€â”€[0m
08-19 20:36:29.097 24710 24710 I flutter : [38;5;12mâ”‚ #0   BitcoinZService.initialize (package:bitcoinz_black_amber/services/bitcoinz_service.dart:139:15)[0m
08-19 20:36:29.097 24710 24710 I flutter : [38;5;12mâ”‚ #1   main (package:bitcoinz_black_amber/main.dart:54:36)[0m
08-19 20:36:29.097 24710 24710 I flutter : [38;5;12mâ”œâ”„â”„â”„â”„â”„â”„â”„â”„â”„â”„â”„â”„â”„â”„â”„â”„â”„â”„â”„â”„â”„â”„â”„â”„â”„â”„â”„â”„â”„â”„â”„â”„â”„â”„â”„â”„â”„â”„â”„â”„â”„â”„â”„â”„â”„â”„â”„â”„â”„â”„â”„â”„â”„â”„â”„â”„â”„â”„â”„â”„â”„â”„â”„â”„â”„â”„â”„â”„â”„â”„â”„â”„â”„â”„â”„â”„â”„â”„â”„â”„â”„â”„â”„â”„â”„â”„â”„â”„â”„â”„â”„â”„â”„â”„â”„â”„â”„â”„â”„â”„â”„â”„â”„â”„â”„â”„â”„â”„â”„â”„â”„â”„â”„â”„â”„â”„â”„â”„â”„[0m
08-19 20:36:29.097 24710 24710 I flutter : [38;5;12mâ”‚ ðŸ’¡ BitcoinZ service initialized successfully[0m
08-19 20:36:29.097 24710 24710 I flutter : [38;5;12mâ””â”€â”€â”€â”€â”€â”€â”€â”€â”€â”€â”€â”€â”€â”€â”€â”€â”€â”€â”€â”€â”€â”€â”€â”€â”€â”€â”€â”€â”€â”€â”€â”€â”€â”€â”€â”€â”€â”€â”€â”€â”€â”€â”€â”€â”€â”€â”€â”€â”€â”€â”€â”€â”€â”€â”€â”€â”€â”€â”€â”€â”€â”€â”€â”€â”€â”€â”€â”€â”€â”€â”€â”€â”€â”€â”€â”€â”€â”€â”€â”€â”€â”€â”€â”€â”€â”€â”€â”€â”€â”€â”€â”€â”€â”€â”€â”€â”€â”€â”€â”€â”€â”€â”€â”€â”€â”€â”€â”€â”€â”€â”€â”€â”€â”€â”€â”€â”€â”€â”€[0m
08-19 20:36:29.098 24710 24710 I flutter : [38;5;12mâ”Œâ”€â”€â”€â”€â”€â”€â”€â”€â”€â”€â”€â”€â”€â”€â”€â”€â”€â”€â”€â”€â”€â”€â”€â”€â”€â”€â”€â”€â”€â”€â”€â”€â”€â”€â”€â”€â”€â”€â”€â”€â”€â”€â”€â”€â”€â”€â”€â”€â”€â”€â”€â”€â”€â”€â”€â”€â”€â”€â”€â”€â”€â”€â”€â”€â”€â”€â”€â”€â”€â”€â”€â”€â”€â”€â”€â”€â”€â”€â”€â”€â”€â”€â”€â”€â”€â”€â”€â”€â”€â”€â”€â”€â”€â”€â”€â”€â”€â”€â”€â”€â”€â”€â”€â”€â”€â”€â”€â”€â”€â”€â”€â”€â”€â”€â”€â”€â”€â”€â”€[0m
08-19 20:36:29.098 24710 24710 I flutter : [38;5;12mâ”‚ #0   main (package:bitcoinz_black_amber/main.dart:55:12)[0m
08-19 20:36:29.098 24710 24710 I flutter : [38;5;12mâ”‚ #1   <asynchronous suspension>[0m
08-19 20:36:29.098 24710 24710 I flutter : [38;5;12mâ”œâ”„â”„â”„â”„â”„â”„â”„â”„â”„â”„â”„â”„â”„â”„â”„â”„â”„â”„â”„â”„â”„â”„â”„â”„â”„â”„â”„â”„â”„â”„â”„â”„â”„â”„â”„â”„â”„â”„â”„â”„â”„â”„â”„â”„â”„â”„â”„â”„â”„â”„â”„â”„â”„â”„â”„â”„â”„â”„â”„â”„â”„â”„â”„â”„â”„â”„â”„â”„â”„â”„â”„â”„â”„â”„â”„â”„â”„â”„â”„â”„â”„â”„â”„â”„â”„â”„â”„â”„â”„â”„â”„â”„â”„â”„â”„â”„â”„â”„â”„â”„â”„â”„â”„â”„â”„â”„â”„â”„â”„â”„â”„â”„â”„â”„â”„â”„â”„â”„â”„[0m
08-19 20:36:29.098 24710 24710 I flutter : [38;5;12mâ”‚ ðŸ’¡ BitcoinZ service initialized successfully[0m
08-19 20:36:29.098 24710 24710 I flutter : [38;5;12mâ””â”€â”€â”€â”€â”€â”€â”€â”€â”€â”€â”€â”€â”€â”€â”€â”€â”€â”€â”€â”€â”€â”€â”€â”€â”€â”€â”€â”€â”€â”€â”€â”€â”€â”€â”€â”€â”€â”€â”€â”€â”€â”€â”€â”€â”€â”€â”€â”€â”€â”€â”€â”€â”€â”€â”€â”€â”€â”€â”€â”€â”€â”€â”€â”€â”€â”€â”€â”€â”€â”€â”€â”€â”€â”€â”€â”€â”€â”€â”€â”€â”€â”€â”€â”€â”€â”€â”€â”€â”€â”€â”€â”€â”€â”€â”€â”€â”€â”€â”€â”€â”€â”€â”€â”€â”€â”€â”€â”€â”€â”€â”€â”€â”€â”€â”€â”€â”€â”€â”€[0m
08-19 20:36:29.355 24710 24710 I flutter : ðŸ”¨ Creating new BitcoinzRustService singleton instance
08-19 20:36:29.356 24710 24710 I flutter : ðŸ” AuthProvider._loadStoredData() - Starting storage reads...
08-19 20:36:29.356 24710 24710 I flutter :   Keys to read: has_wallet, wallet_id, biometrics_enabled, cli_wallet_imported
08-19 20:36:29.523 24710 24710 I flutter : ðŸ“Š Unread memo count: 0 (from 0 total memos)
08-19 20:36:29.524 24710 24710 I flutter : ðŸ“± SharedPreferences initialized with 0 memo statuses
08-19 20:36:29.747   631   661 I ActivityTaskManager: Displayed com.bitcoinz.wallet/com.example.flutter_app.MainActivity for user 0: +4s324ms
08-19 20:36:29.747   631   661 I ActivityTaskManager: Fully drawn com.bitcoinz.wallet/com.example.flutter_app.MainActivity: +4s324ms
08-19 20:36:30.000 24710 24710 I flutter : ðŸ” StorageService.read(secure): has_wallet = "true"
08-19 20:36:30.005 24710 24710 I flutter :   Read has_wallet: "true"
08-19 20:36:30.112   631  1095 D CoreBackPreview: Window{dede764 u0 Splash Screen com.bitcoinz.wallet EXITING}: Setting back callback null
08-19 20:36:30.117   631   799 I ImeTracker: com.bitcoinz.wallet:2409dcdb: onRequestHide at ORIGIN_SERVER reason HIDE_UNSPECIFIED_WINDOW fromUser false
08-19 20:36:30.132 24710 24710 I ImeTracker: com.bitcoinz.wallet:2409dcdb: onCancelled at PHASE_CLIENT_ALREADY_HIDDEN
08-19 20:36:30.148 24710 24710 I flutter : ðŸ” StorageService.read(secure): wallet_id = "wallet_1755621149390"
08-19 20:36:30.148 24710 24710 I flutter :   Read wallet_id: "wallet_1755621149390"
08-19 20:36:30.176 24710 24710 I flutter : ðŸ” StorageService.read(secure): biometrics_enabled = "null"
08-19 20:36:30.179 24710 24710 I flutter :   Read biometrics_enabled: "null"
08-19 20:36:30.184 24710 24710 I flutter : ðŸ” StorageService.read(secure): cli_wallet_imported = "null"
08-19 20:36:30.188 24710 24710 I flutter :   Read cli_wallet_imported: "null"
08-19 20:36:30.188 24710 24710 I flutter : âœ… AuthProvider._loadStoredData() completed:
08-19 20:36:30.189 24710 24710 I flutter :   _hasWallet: true (from "true")
08-19 20:36:30.189 24710 24710 I flutter :   _walletId: wallet_1755621149390
08-19 20:36:30.190 24710 24710 I flutter :   needsSetup: false
08-19 20:36:30.190 24710 24710 I flutter :   needsAuthentication: true
08-19 20:36:30.199   631  1095 D BiometricService/PreAuthInfo: Package: com.bitcoinz.wallet Sensor ID: 0 Modality: 2 User id: 0 Status: 7
08-19 20:36:30.216   631  1095 D BiometricService/PreAuthInfo: Package: com.bitcoinz.wallet Sensor ID: 0 Modality: 2 User id: 0 Status: 7
08-19 20:36:30.221   631  1095 D BiometricService/PreAuthInfo: Package: com.bitcoinz.wallet Sensor ID: 0 Modality: 2 User id: 0 Status: 7
08-19 20:36:30.232 24710 24710 I flutter : ðŸ”Œ Pre-connecting to server while on splash screen...
08-19 20:36:30.232 24710 24710 I flutter : ðŸ”Œ Checking server connectivity...
08-19 20:36:30.568  7813  7813 I GoogleInputMethodService: GoogleInputMethodService.onStartInput():1293 onStartInput(EditorInfo{EditorInfo{packageName=com.bitcoinz.wallet, inputType=0, inputTypeString=NULL, enableLearning=false, autoCorrection=false, autoComplete=false, imeOptions=0, privateImeOptions=null, actionName=UNSPECIFIED, actionLabel=null, initialSelStart=-1, initialSelEnd=-1, initialCapsMode=0, label=null, fieldId=0, fieldName=null, extras=null, hintText=null, hintLocales=[]}}, false)
08-19 20:36:30.586   631  1916 W PackageConfigPersister: App-specific configuration not found for packageName: com.bitcoinz.wallet and userId: 0
08-19 20:36:30.621 24710 24710 I flutter : âœ… Server appears to be reachable
08-19 20:36:30.622 24710 24710 I flutter : âœ… Early connection established
08-19 20:36:32.013 24710 24714 I bitcoinz.wallet: Compiler allocated 5111KB to compile void android.view.ViewRootImpl.performTraversals()
08-19 20:36:32.253 24710 24710 I flutter : ðŸš€ SplashScreen._navigateToNextScreen():
08-19 20:36:32.253 24710 24710 I flutter :   hasWallet: true
08-19 20:36:32.254 24710 24710 I flutter :   isAuthenticated: false
08-19 20:36:32.254 24710 24710 I flutter :   needsSetup: false
08-19 20:36:32.254 24710 24710 I flutter :   needsAuthentication: true
08-19 20:36:32.264 24710 24710 I flutter : ðŸ” StorageService.read(secure): pin_hash = "09d7d8153a8178a958ecaa130aad71becfb73f2c5d30f5f3f33066ec7624b355"
08-19 20:36:32.264 24710 24710 I flutter : â†’ Navigating to AuthScreen (needsAuthentication)
08-19 20:36:32.455   631  1927 D BiometricService/PreAuthInfo: Package: com.bitcoinz.wallet Sensor ID: 0 Modality: 2 User id: 0 Status: 7
08-19 20:36:32.464   631  1927 D BiometricService/PreAuthInfo: Package: com.bitcoinz.wallet Sensor ID: 0 Modality: 2 User id: 0 Status: 7
08-19 20:36:32.468   631  1927 D BiometricService/PreAuthInfo: Package: com.bitcoinz.wallet Sensor ID: 0 Modality: 2 User id: 0 Status: 7
08-19 20:36:33.115 24710 24754 D ProfileInstaller: Installing profile for com.bitcoinz.wallet
08-19 20:36:41.641 24710 24710 I flutter : ðŸ” StorageService.read(secure): pin_hash = "09d7d8153a8178a958ecaa130aad71becfb73f2c5d30f5f3f33066ec7624b355"
08-19 20:36:41.793 24710 24710 I flutter : ðŸš€ MainScreen._initializeWallet() starting...
08-19 20:36:41.793 24710 24710 I flutter :    User has wallet, attempting restoration...
08-19 20:36:41.794 24710 24710 I flutter :    authProvider.hasWallet: true
08-19 20:36:41.794 24710 24710 I flutter :    authProvider.isAuthenticated: true
08-19 20:36:41.796 24710 24710 I flutter : ðŸ” checkConnectionStatus: hasWallet=false, _wallet=null, rustInitialized=false
08-19 20:36:41.798 24710 24710 I flutter : [CurrencyService] Fetching prices from CoinGecko...
08-19 20:36:41.820 24710 24710 I flutter : ðŸ”„ WalletProvider.restoreFromStoredData() starting...
08-19 20:36:41.831 24710 24710 I flutter : ðŸ” StorageService.read(secure): seed_phrase_encrypted = "conduct crystal race layer health shoot wheat aunt hamster cloth despair manual valley faith reveal leave sword season live task across capital ribbon animal"
08-19 20:36:41.833 24710 24710 I flutter : ðŸ” StorageService.read(secure): wallet_data = "{"birthday":1615900,"created_at":"2025-08-19T17:32:29.402853"}"
08-19 20:36:41.835 24710 24710 I flutter :   seedPhrase found: true
08-19 20:36:41.835 24710 24710 I flutter :   walletData found: true
08-19 20:36:41.835 24710 24710 I flutter :   walletId: null
08-19 20:36:41.835 24710 24710 I flutter :   transparent addresses: 0
08-19 20:36:41.836 24710 24710 I flutter :   shielded addresses: 0
08-19 20:36:41.839 24710 24710 I flutter : ðŸ¦€ Initializing Rust Bridge for restored wallet...
08-19 20:36:41.839 24710 24710 I flutter :    Attempting to load existing Rust wallet...
08-19 20:36:41.841 24710 24710 I flutter : ðŸš€ Initializing Rust Bridge...
08-19 20:36:41.841 24710 24710 I flutter : ðŸ“± ANDROID: Attempting to load Rust native library...
08-19 20:36:41.843 24710 24710 I flutter : âœ… Rust bridge already initialized
08-19 20:36:41.919 24710 24710 I flutter : ðŸ“ Using Black Amber wallet directory: /data/user/0/com.bitcoinz.wallet/app_flutter/bitcoinz-black-amber/wallet
08-19 20:36:41.919 24710 24710 I flutter : ðŸ“‚ Loading existing wallet...
08-19 20:36:41.919 24710 24710 I flutter : ðŸ“ Loading wallet from: /data/user/0/com.bitcoinz.wallet/app_flutter/bitcoinz-black-amber/wallet
08-19 20:36:42.684 24710 24710 I flutter : [CurrencyService] Successfully fetched 37 currency prices
08-19 20:36:42.810 24710 24710 I flutter : âŒ Failed to load existing wallet: Error: Cannot read wallet. No file at /data/user/0/com.bitcoinz.wallet/app_flutter/bitcoinz-black-amber/wallet/bitcoinz-light-wallet.dat
08-19 20:36:42.810 24710 24710 I flutter :    Restoring Rust wallet from seed phrase...
08-19 20:36:42.811 24710 24710 I flutter : ðŸš€ Initializing Rust Bridge...
08-19 20:36:42.811 24710 24710 I flutter : âœ… Rust bridge already initialized, skipping
08-19 20:36:42.815 24710 24710 I flutter : ðŸ“ Using Black Amber wallet directory: /data/user/0/com.bitcoinz.wallet/app_flutter/bitcoinz-black-amber/wallet
08-19 20:36:42.816 24710 24710 I flutter : ðŸ”„ Restoring wallet from seed...
08-19 20:36:42.816 24710 24710 I flutter : ðŸ“ Restoring wallet to: /data/user/0/com.bitcoinz.wallet/app_flutter/bitcoinz-black-amber/wallet
08-19 20:36:43.486 24710 24710 I flutter : âœ… Wallet restored
08-19 20:36:43.488 24710 24710 I flutter : âœ… Rust service marked as initialized
08-19 20:36:43.489 24710 24710 I flutter :    Seed available: true
08-19 20:36:43.489 24710 24710 I flutter :    Birthday: null
08-19 20:36:43.490 24710 24710 I flutter : â±ï¸ Starting update timers...
08-19 20:36:43.491 24710 24710 I flutter : ðŸ”„ Syncing with network via Rust...
08-19 20:36:43.497 24710 24710 I flutter : ðŸ”„ Full refresh via Rust...
08-19 20:36:43.497 24710 24710 I flutter : ðŸ”„ Syncing with network via Rust...
08-19 20:36:46.840 24710 24710 I flutter : ðŸ” checkConnectionStatus: hasWallet=false, _wallet=null, rustInitialized=true
08-19 20:36:51.832 24710 24710 I flutter : ðŸ” checkConnectionStatus: hasWallet=false, _wallet=null, rustInitialized=true
08-19 20:36:56.824 24710 24710 I flutter : ðŸ” checkConnectionStatus: hasWallet=false, _wallet=null, rustInitialized=true
08-19 20:37:01.826 24710 24710 I flutter : ðŸ” checkConnectionStatus: hasWallet=false, _wallet=null, rustInitialized=true
08-19 20:37:06.830 24710 24710 I flutter : ðŸ” checkConnectionStatus: hasWallet=false, _wallet=null, rustInitialized=true
08-19 20:37:11.823 24710 24710 I flutter : ðŸ” checkConnectionStatus: hasWallet=false, _wallet=null, rustInitialized=true
08-19 20:37:16.825 24710 24710 I flutter : ðŸ” checkConnectionStatus: hasWallet=false, _wallet=null, rustInitialized=true
08-19 20:37:21.823 24710 24710 I flutter : ðŸ” checkConnectionStatus: hasWallet=false, _wallet=null, rustInitialized=true
08-19 20:37:26.821 24710 24710 I flutter : ðŸ” checkConnectionStatus: hasWallet=false, _wallet=null, rustInitialized=true
08-19 20:37:31.823 24710 24710 I flutter : ðŸ” checkConnectionStatus: hasWallet=false, _wallet=null, rustInitialized=true
08-19 20:37:36.823 24710 24710 I flutter : ðŸ” checkConnectionStatus: hasWallet=false, _wallet=null, rustInitialized=true
08-19 20:37:41.821 24710 24710 I flutter : ðŸ” checkConnectionStatus: hasWallet=false, _wallet=null, rustInitialized=true
08-19 20:37:43.494 24710 24710 I flutter : ðŸ”„ Full refresh via Rust...
08-19 20:37:43.494 24710 24710 I flutter : ðŸ”„ Syncing with network via Rust...
08-19 20:37:47.042 24710 24710 I flutter : ðŸ” checkConnectionStatus: hasWallet=false, _wallet=null, rustInitialized=true
08-19 20:37:51.821 24710 24710 I flutter : ðŸ” checkConnectionStatus: hasWallet=false, _wallet=null, rustInitialized=true
08-19 20:37:56.823 24710 24710 I flutter : ðŸ” checkConnectionStatus: hasWallet=false, _wallet=null, rustInitialized=true
08-19 20:38:01.821 24710 24710 I flutter : ðŸ” checkConnectionStatus: hasWallet=false, _wallet=null, rustInitialized=true
08-19 20:38:06.823 24710 24710 I flutter : ðŸ” checkConnectionStatus: hasWallet=false, _wallet=null, rustInitialized=true
08-19 20:38:11.821 24710 24710 I flutter : ðŸ” checkConnectionStatus: hasWallet=false, _wallet=null, rustInitialized=true
08-19 20:38:16.824 24710 24710 I flutter : ðŸ” checkConnectionStatus: hasWallet=false, _wallet=null, rustInitialized=true
08-19 20:38:21.821 24710 24710 I flutter : ðŸ” checkConnectionStatus: hasWallet=false, _wallet=null, rustInitialized=true
08-19 20:38:26.823 24710 24710 I flutter : ðŸ” checkConnectionStatus: hasWallet=false, _wallet=null, rustInitialized=true
08-19 20:38:31.821 24710 24710 I flutter : ðŸ” checkConnectionStatus: hasWallet=false, _wallet=null, rustInitialized=true
08-19 20:38:36.823 24710 24710 I flutter : ðŸ” checkConnectionStatus: hasWallet=false, _wallet=null, rustInitialized=true
08-19 20:38:41.821 24710 24710 I flutter : ðŸ” checkConnectionStatus: hasWallet=false, _wallet=null, rustInitialized=true
08-19 20:38:43.492 24710 24710 I flutter : ðŸ”„ Full refresh via Rust...
08-19 20:38:43.493 24710 24710 I flutter : ðŸ”„ Syncing with network via Rust...
08-19 20:38:46.823 24710 24710 I flutter : ðŸ” checkConnectionStatus: hasWallet=false, _wallet=null, rustInitialized=true
08-19 20:38:51.821 24710 24710 I flutter : ðŸ” checkConnectionStatus: hasWallet=false, _wallet=null, rustInitialized=true
08-19 20:38:56.824 24710 24710 I flutter : ðŸ” checkConnectionStatus: hasWallet=false, _wallet=null, rustInitialized=true
08-19 20:39:01.831 24710 24710 I flutter : ðŸ” checkConnectionStatus: hasWallet=false, _wallet=null, rustInitialized=true
08-19 20:39:06.822 24710 24710 I flutter : ðŸ” checkConnectionStatus: hasWallet=false, _wallet=null, rustInitialized=true
08-19 20:39:11.821 24710 24710 I flutter : ðŸ” checkConnectionStatus: hasWallet=false, _wallet=null, rustInitialized=true
08-19 20:39:16.821 24710 24710 I flutter : ðŸ” checkConnectionStatus: hasWallet=false, _wallet=null, rustInitialized=true
08-19 20:39:21.821 24710 24710 I flutter : ðŸ” checkConnectionStatus: hasWallet=false, _wallet=null, rustInitialized=true
08-19 20:39:26.824 24710 24710 I flutter : ðŸ” checkConnectionStatus: hasWallet=false, _wallet=null, rustInitialized=true
08-19 20:39:31.821 24710 24710 I flutter : ðŸ” checkConnectionStatus: hasWallet=false, _wallet=null, rustInitialized=true
08-19 20:39:36.823 24710 24710 I flutter : ðŸ” checkConnectionStatus: hasWallet=false, _wallet=null, rustInitialized=true
08-19 20:39:41.821 24710 24710 I flutter : ðŸ” checkConnectionStatus: hasWallet=false, _wallet=null, rustInitialized=true
08-19 20:39:43.492 24710 24710 I flutter : ðŸ”„ Full refresh via Rust...
08-19 20:39:43.493 24710 24710 I flutter : ðŸ”„ Syncing with network via Rust...
08-19 20:39:46.823 24710 24710 I flutter : ðŸ” checkConnectionStatus: hasWallet=false, _wallet=null, rustInitialized=true
08-19 20:39:51.825 24710 24710 I flutter : ðŸ” checkConnectionStatus: hasWallet=false, _wallet=null, rustInitialized=true
08-19 20:39:56.825 24710 24710 I flutter : ðŸ” checkConnectionStatus: hasWallet=false, _wallet=null, rustInitialized=true
08-19 20:40:01.828 24710 24710 I flutter : ðŸ” checkConnectionStatus: hasWallet=false, _wallet=null, rustInitialized=true
08-19 20:40:06.839 24710 24710 I flutter : ðŸ” checkConnectionStatus: hasWallet=false, _wallet=null, rustInitialized=true
08-19 20:40:11.822 24710 24710 I flutter : ðŸ” checkConnectionStatus: hasWallet=false, _wallet=null, rustInitialized=true
08-19 20:40:16.821 24710 24710 I flutter : ðŸ” checkConnectionStatus: hasWallet=false, _wallet=null, rustInitialized=true
08-19 20:40:21.822 24710 24710 I flutter : ðŸ” checkConnectionStatus: hasWallet=false, _wallet=null, rustInitialized=true
08-19 20:40:26.822 24710 24710 I flutter : ðŸ” checkConnectionStatus: hasWallet=false, _wallet=null, rustInitialized=true
08-19 20:40:31.825 24710 24710 I flutter : ðŸ” checkConnectionStatus: hasWallet=false, _wallet=null, rustInitialized=true
08-19 20:40:36.823 24710 24710 I flutter : ðŸ” checkConnectionStatus: hasWallet=false, _wallet=null, rustInitialized=true
08-19 20:40:41.821 24710 24710 I flutter : ðŸ” checkConnectionStatus: hasWallet=false, _wallet=null, rustInitialized=true
08-19 20:40:43.492 24710 24710 I flutter : ðŸ”„ Full refresh via Rust...
08-19 20:40:43.496 24710 24710 I flutter : ðŸ”„ Syncing with network via Rust...
08-19 20:40:46.823 24710 24710 I flutter : ðŸ” checkConnectionStatus: hasWallet=false, _wallet=null, rustInitialized=true
08-19 20:40:51.821 24710 24710 I flutter : ðŸ” checkConnectionStatus: hasWallet=false, _wallet=null, rustInitialized=true
08-19 20:40:56.822 24710 24710 I flutter : ðŸ” checkConnectionStatus: hasWallet=false, _wallet=null, rustInitialized=true
08-19 20:41:01.821 24710 24710 I flutter : ðŸ” checkConnectionStatus: hasWallet=false, _wallet=null, rustInitialized=true
08-19 20:41:06.823 24710 24710 I flutter : ðŸ” checkConnectionStatus: hasWallet=false, _wallet=null, rustInitialized=true
08-19 20:41:11.822 24710 24710 I flutter : ðŸ” checkConnectionStatus: hasWallet=false, _wallet=null, rustInitialized=true
08-19 20:41:16.823 24710 24710 I flutter : ðŸ” checkConnectionStatus: hasWallet=false, _wallet=null, rustInitialized=true
08-19 20:41:21.904 24710 24710 I flutter : ðŸ” checkConnectionStatus: hasWallet=false, _wallet=null, rustInitialized=true
08-19 20:41:26.823 24710 24710 I flutter : ðŸ” checkConnectionStatus: hasWallet=false, _wallet=null, rustInitialized=true
08-19 20:41:31.823 24710 24710 I flutter : ðŸ” checkConnectionStatus: hasWallet=false, _wallet=null, rustInitialized=true
08-19 20:41:36.823 24710 24710 I flutter : ðŸ” checkConnectionStatus: hasWallet=false, _wallet=null, rustInitialized=true
08-19 20:41:41.821 24710 24710 I flutter : ðŸ” checkConnectionStatus: hasWallet=false, _wallet=null, rustInitialized=true
08-19 20:41:42.692 24710 24710 I flutter : [CurrencyService] Fetching prices from CoinGecko...
08-19 20:41:43.381 24710 24710 I flutter : [CurrencyService] Successfully fetched 37 currency prices
08-19 20:41:43.492 24710 24710 I flutter : ðŸ”„ Full refresh via Rust...
08-19 20:41:43.492 24710 24710 I flutter : ðŸ”„ Syncing with network via Rust...
08-19 20:41:46.821 24710 24710 I flutter : ðŸ” checkConnectionStatus: hasWallet=false, _wallet=null, rustInitialized=true
08-19 20:41:51.827 24710 24710 I flutter : ðŸ” checkConnectionStatus: hasWallet=false, _wallet=null, rustInitialized=true
08-19 20:41:56.840 24710 24710 I flutter : ðŸ” checkConnectionStatus: hasWallet=false, _wallet=null, rustInitialized=true
08-19 20:42:01.824 24710 24710 I flutter : ðŸ” checkConnectionStatus: hasWallet=false, _wallet=null, rustInitialized=true
08-19 20:42:06.823 24710 24710 I flutter : ðŸ” checkConnectionStatus: hasWallet=false, _wallet=null, rustInitialized=true
08-19 20:42:11.824 24710 24710 I flutter : ðŸ” checkConnectionStatus: hasWallet=false, _wallet=null, rustInitialized=true
08-19 20:42:16.824 24710 24710 I flutter : ðŸ” checkConnectionStatus: hasWallet=false, _wallet=null, rustInitialized=true
08-19 20:42:21.822 24710 24710 I flutter : ðŸ” checkConnectionStatus: hasWallet=false, _wallet=null, rustInitialized=true
08-19 20:42:26.824 24710 24710 I flutter : ðŸ” checkConnectionStatus: hasWallet=false, _wallet=null, rustInitialized=true
08-19 20:42:31.822 24710 24710 I flutter : ðŸ” checkConnectionStatus: hasWallet=false, _wallet=null, rustInitialized=true
08-19 20:42:36.824 24710 24710 I flutter : ðŸ” checkConnectionStatus: hasWallet=false, _wallet=null, rustInitialized=true
08-19 20:42:41.821 24710 24710 I flutter : ðŸ” checkConnectionStatus: hasWallet=false, _wallet=null, rustInitialized=true
08-19 20:42:43.492 24710 24710 I flutter : ðŸ”„ Full refresh via Rust...
