08-19 20:55:56.803  1228  1228 W VvmPkgInstalledRcvr: carrierVvmPkgAdded: carrier vvm packages doesn't contain com.bitcoinz.wallet
08-19 20:55:57.204   631   671 D ActivityManager: sync unfroze 1122 com.google.android.permissioncontroller for 3
08-19 20:55:57.237   631   631 I Telecom : CarModeTracker: Package com.bitcoinz.wallet is not tracked.: SSH.oR@AhQ
08-19 20:55:57.274  1282  1282 D ActivityThread: Package [com.bitcoinz.wallet] reported as REPLACED, but missing application info. Assuming REMOVED.
08-19 20:55:57.281  7813  7813 D ActivityThread: Package [com.bitcoinz.wallet] reported as REPLACED, but missing application info. Assuming REMOVED.
08-19 20:55:57.331  1632  1632 D ActivityThread: Package [com.bitcoinz.wallet] reported as REPLACED, but missing application info. Assuming REMOVED.
08-19 20:55:57.338  8459  8459 D ActivityThread: Package [com.bitcoinz.wallet] reported as REPLACED, but missing application info. Assuming REMOVED.
08-19 20:55:57.367  1627  1627 D ActivityThread: Package [com.bitcoinz.wallet] reported as REPLACED, but missing application info. Assuming REMOVED.
08-19 20:55:57.407  1122  1122 I SafetyLabelChangedBroadcastReceiver: received broadcast packageName: com.bitcoinz.wallet, current user: UserHandle{0}, packageChangeEvent: UPDATE, intent user: UserHandle{0}
08-19 20:55:57.422  1122  1122 D ActivityThread: Package [com.bitcoinz.wallet] reported as REPLACED, but missing application info. Assuming REMOVED.
08-19 20:55:57.469  8200  8200 D ActivityThread: Package [com.bitcoinz.wallet] reported as REPLACED, but missing application info. Assuming REMOVED.
08-19 20:55:57.570  1672  1672 D ActivityThread: Package [com.bitcoinz.wallet] reported as REPLACED, but missing application info. Assuming REMOVED.
08-19 20:55:57.581  1057  1057 D ActivityThread: Package [com.bitcoinz.wallet] reported as REPLACED, but missing application info. Assuming REMOVED.
08-19 20:55:57.589  3936  3936 D ActivityThread: Package [com.bitcoinz.wallet] reported as REPLACED, but missing application info. Assuming REMOVED.
08-19 20:55:57.592  1348  1348 D ActivityThread: Package [com.bitcoinz.wallet] reported as REPLACED, but missing application info. Assuming REMOVED.
08-19 20:55:57.595  1228  1228 D ActivityThread: Package [com.bitcoinz.wallet] reported as REPLACED, but missing application info. Assuming REMOVED.
08-19 20:55:57.609  1219  1219 D ActivityThread: Package [com.bitcoinz.wallet] reported as REPLACED, but missing application info. Assuming REMOVED.
08-19 20:55:57.611  5739  5739 D ActivityThread: Package [com.bitcoinz.wallet] reported as REPLACED, but missing application info. Assuming REMOVED.
08-19 20:55:57.612  4965  4965 D ActivityThread: Package [com.bitcoinz.wallet] reported as REPLACED, but missing application info. Assuming REMOVED.
08-19 20:55:57.628  1170  1170 D ActivityThread: Package [com.bitcoinz.wallet] reported as REPLACED, but missing application info. Assuming REMOVED.
08-19 20:55:57.633  3971  3971 D ActivityThread: Package [com.bitcoinz.wallet] reported as REPLACED, but missing application info. Assuming REMOVED.
08-19 20:55:57.673  1282  1282 D ActivityThread: Package [com.bitcoinz.wallet] reported as REPLACED, but missing application info. Assuming REMOVED.
08-19 20:55:57.677  7813  7813 D ActivityThread: Package [com.bitcoinz.wallet] reported as REPLACED, but missing application info. Assuming REMOVED.
08-19 20:55:57.686  8459  8459 D ActivityThread: Package [com.bitcoinz.wallet] reported as REPLACED, but missing application info. Assuming REMOVED.
08-19 20:55:57.686  1632  1632 D ActivityThread: Package [com.bitcoinz.wallet] reported as REPLACED, but missing application info. Assuming REMOVED.
08-19 20:55:57.697  1348  1348 D ActivityThread: Package [com.bitcoinz.wallet] reported as REPLACED, but missing application info. Assuming REMOVED.
08-19 20:55:57.707  8200  8200 D ActivityThread: Package [com.bitcoinz.wallet] reported as REPLACED, but missing application info. Assuming REMOVED.
08-19 20:55:57.712  5739  5739 D ActivityThread: Package [com.bitcoinz.wallet] reported as REPLACED, but missing application info. Assuming REMOVED.
08-19 20:55:57.715  3971  3971 D ActivityThread: Package [com.bitcoinz.wallet] reported as REPLACED, but missing application info. Assuming REMOVED.
08-19 20:55:57.715  3936  3936 D ActivityThread: Package [com.bitcoinz.wallet] reported as REPLACED, but missing application info. Assuming REMOVED.
08-19 20:55:57.718  1228  1228 D ActivityThread: Package [com.bitcoinz.wallet] reported as REPLACED, but missing application info. Assuming REMOVED.
08-19 20:55:57.718  1057  1057 D ActivityThread: Package [com.bitcoinz.wallet] reported as REPLACED, but missing application info. Assuming REMOVED.
08-19 20:55:57.718  1170  1170 D ActivityThread: Package [com.bitcoinz.wallet] reported as REPLACED, but missing application info. Assuming REMOVED.
08-19 20:55:57.722  1219  1219 D ActivityThread: Package [com.bitcoinz.wallet] reported as REPLACED, but missing application info. Assuming REMOVED.
08-19 20:55:57.732  4965  4965 D ActivityThread: Package [com.bitcoinz.wallet] reported as REPLACED, but missing application info. Assuming REMOVED.
08-19 20:55:57.738  1627  1627 D ActivityThread: Package [com.bitcoinz.wallet] reported as REPLACED, but missing application info. Assuming REMOVED.
08-19 20:55:57.746  1672  1672 D ActivityThread: Package [com.bitcoinz.wallet] reported as REPLACED, but missing application info. Assuming REMOVED.
08-19 20:55:57.753  1122  1122 D ActivityThread: Package [com.bitcoinz.wallet] reported as REPLACED, but missing application info. Assuming REMOVED.
08-19 20:55:57.837   631  1024 I SdkSandboxManager: No SDKs used. Skipping SDK data reconcilation for CallingInfo{mUid=10215, mPackageName='com.bitcoinz.wallet, mAppProcessToken='null'}
08-19 20:55:57.917   631   671 D ActivityManager: sync unfroze 8015 com.android.vending for 3
08-19 20:55:57.921  2043  2043 D ActivityThread: Package [com.bitcoinz.wallet] reported as REPLACED, but missing application info. Assuming REMOVED.
08-19 20:55:57.969  2043  2043 D ActivityThread: Package [com.bitcoinz.wallet] reported as REPLACED, but missing application info. Assuming REMOVED.
08-19 20:55:57.974   631   671 D ActivityManager: sync unfroze 7148 com.android.vending:background for 3
08-19 20:55:57.998  1228  1228 D SatelliteController: packageStateChanged: package:com.bitcoinz.wallet DefaultSmsPackageName:com.google.android.apps.messaging
08-19 20:55:58.075  8459 26130 D MddListenableWorkerFactory: createWorker for class: com.google.android.libraries.communications.mobileconfiguration.sync.SyncWorker
08-19 20:55:58.172  9109  9109 D ActivityThread: Package [com.bitcoinz.wallet] reported as REPLACED, but missing application info. Assuming REMOVED.
08-19 20:55:58.173  9109  9109 D ActivityThread: Package [com.bitcoinz.wallet] reported as REPLACED, but missing application info. Assuming REMOVED.
08-19 20:55:58.232  8459  8459 I SyncManagerImpl: #sync(). Running Synclets and scheduling next sync.
08-19 20:55:58.448  8459  8487 I SyncManagerImpl: Running synclets: [TemplateFetcherSynclet, TachygramPullMessagesSynclet]
08-19 20:55:58.491  8459  8489 I SyncManagerImpl: Starting synclet: TemplateFetcherSynclet
08-19 20:55:58.501  7148  7148 D ActivityThread: Package [com.bitcoinz.wallet] reported as REPLACED, but missing application info. Assuming REMOVED.
08-19 20:55:58.532  8459  8488 I SyncManagerImpl: Starting synclet: TachygramPullMessagesSynclet
08-19 20:55:58.549  8459  8459 D WM-WorkerWrapper: Starting work for com.google.android.libraries.communications.mobileconfiguration.sync.SyncWorker
08-19 20:55:58.597  8015  8015 D ActivityThread: Package [com.bitcoinz.wallet] reported as REPLACED, but missing application info. Assuming REMOVED.
08-19 20:55:58.667  8015  8015 D ActivityThread: Package [com.bitcoinz.wallet] reported as REPLACED, but missing application info. Assuming REMOVED.
08-19 20:55:58.677  7148  7148 D ActivityThread: Package [com.bitcoinz.wallet] reported as REPLACED, but missing application info. Assuming REMOVED.
08-19 20:55:58.683  8459  8459 I SyncHelper: [af00a5f9-11b8-488e-835a-bc2dadf56e2e] sync started, workRequestId:82349739-e961-438a-b778-9bb3e8ce716f
08-19 20:55:58.858  8459  8487 I SyncManagerImpl: #sync() complete
08-19 20:55:58.859  8459  8487 I SyncManagerImpl: Completed sync. Scheduling next wakeup
08-19 20:55:59.094  8459 26130 I WM-WorkerWrapper: Worker result SUCCESS for Work [ id=c6688a45-a2d6-4d97-994f-74ff7b5e4727, tags={ com.google.apps.tiktok.contrib.work.TikTokListenableWorker,com.google.apps.tiktok.sync.impl.workmanager.SyncWorker,TikTokWorker#com.google.apps.tiktok.sync.impl.workmanager.SyncWorker } ]
08-19 20:55:59.309   631   631 D ActivityThread: Package [com.bitcoinz.wallet] reported as REPLACED, but missing application info. Assuming REMOVED.
08-19 20:55:59.359   631   631 W AlarmManager: Package com.bitcoinz.wallet, uid 10215 lost permission to set exact alarms!
08-19 20:55:59.361   631   631 D ActivityThread: Package [com.bitcoinz.wallet] reported as REPLACED, but missing application info. Assuming REMOVED.
08-19 20:55:59.823   631   751 D ActivityManager: sync unfroze 8830 com.google.android.gms for 6
08-19 20:55:59.931  7148  7148 I Finsky:background: [2] IQ: onPackageRemoved com.bitcoinz.wallet, replacing=true, uninstallingFromPlay=false
08-19 20:55:59.952   631   751 D ActivityManager: sync unfroze 8004 com.google.android.gms.unstable for 6
08-19 20:56:00.045  4624  4624 D ActivityThread: Package [com.bitcoinz.wallet] reported as REPLACED, but missing application info. Assuming REMOVED.
08-19 20:56:00.117  4624  4624 D ActivityThread: Package [com.bitcoinz.wallet] reported as REPLACED, but missing application info. Assuming REMOVED.
08-19 20:56:00.133  8004  8004 D ActivityThread: Package [com.bitcoinz.wallet] reported as REPLACED, but missing application info. Assuming REMOVED.
08-19 20:56:00.236  8004  8004 D ActivityThread: Package [com.bitcoinz.wallet] reported as REPLACED, but missing application info. Assuming REMOVED.
08-19 20:56:00.523  8830  8830 D ActivityThread: Package [com.bitcoinz.wallet] reported as REPLACED, but missing application info. Assuming REMOVED.
08-19 20:56:00.556  8830  8830 D ActivityThread: Package [com.bitcoinz.wallet] reported as REPLACED, but missing application info. Assuming REMOVED.
08-19 20:56:00.721   631  1829 D ActivityManager: sync unfroze 8328 com.google.android.googlequicksearchbox:search for 6
08-19 20:56:01.073  7148  7233 I Finsky:background: [69] RECEIVER_PACKAGE_MONITOR_BACKGROUND#logWorkEndAndFinishGoAsync: SUCCESS
08-19 20:56:01.617  8328  8328 D ActivityThread: Package [com.bitcoinz.wallet] reported as REPLACED, but missing application info. Assuming REMOVED.
08-19 20:56:01.683  8328  8328 D ActivityThread: Package [com.bitcoinz.wallet] reported as REPLACED, but missing application info. Assuming REMOVED.
08-19 20:56:02.442  1057  1710 I HWUI    : Davey! duration=1266ms; Flags=0, FrameTimelineVsyncId=2963154, IntendedVsync=11650779149378, Vsync=11650995816036, InputEventId=0, HandleInputStart=11651093286464, AnimationStart=11651093288006, PerformTraversalsStart=11651093288214, DrawStart=11651276923297, FrameDeadline=11650795816044, FrameStartTime=11651009942047, FrameInterval=16666666, WorkloadTarget=16666666, SyncQueued=11651432474506, SyncStart=11651436475839, IssueDrawCommandsStart=11651466314589, SwapBuffers=11651944383423, FrameCompleted=11652049416839, DequeueBufferDuration=34875, QueueBufferDuration=64050125, GpuCompleted=11651996265006, SwapBuffersCompleted=11652049416839, DisplayPresentTime=0, CommandSubmissionCompleted=11651944383423, 
08-19 20:56:02.849  8015  8057 I Finsky  : [57] RECEIVER_PACKAGE_MONITOR#logWorkEndAndFinishGoAsync: SUCCESS
08-19 20:56:03.930  9109 26156 I ProximityAuth: [RecentAppsMediator] Package added: (user=UserHandle{0}) com.bitcoinz.wallet
08-19 20:56:04.714  8459 26134 I SyncScheduler: scheduling sync for 15148 seconds later, policy = APPEND
08-19 20:56:04.756  8459 26134 I SyncHelper: [af00a5f9-11b8-488e-835a-bc2dadf56e2e] sync succeeded, workRequestId:82349739-e961-438a-b778-9bb3e8ce716f
08-19 20:56:04.812  1282  1300 D PackageUpdatedTask: Package updated: mOp=UPDATE packages=[com.bitcoinz.wallet], user=UserHandle{0}
08-19 20:56:04.852  8459 26134 I WM-WorkerWrapper: Worker result SUCCESS for Work [ id=82349739-e961-438a-b778-9bb3e8ce716f, tags={ com.google.android.libraries.communications.mobileconfiguration.sync.SyncWorker,SYNC } ]
08-19 20:56:05.940  1627 26183 I AiAiEcho: AppIndexer Package:[com.bitcoinz.wallet] UserProfile:[0] Enabled:[true].
08-19 20:56:05.961  1627 26183 I AiAiEcho: AppFetcherImplV2 updateApps package:[com.bitcoinz.wallet], userId:[0], reason:[package is updated.].
08-19 20:56:07.237  8830 26180 W SQLiteLog: (28) double-quoted string literal: "com.bitcoinz.wallet"
08-19 20:56:24.969   631   773 D ActivityManager: sync unfroze 8015 com.android.vending for 6
08-19 20:56:25.749  8015 26196 I Finsky  : [429] Completed 0 account content syncs with 0 successful.
08-19 20:56:39.820   631   751 I ActivityTaskManager: START u0 {flg=0x10000000 xflg=0x5 cmp=com.bitcoinz.wallet/com.example.flutter_app.MainActivity} with LAUNCH_SINGLE_TOP from uid 2000 (BAL_ALLOW_PERMISSION) result code=0
08-19 20:56:39.899  1057  1091 V WindowManagerShell: Transition requested (#102): android.os.BinderProxy@d01f261 TransitionRequestInfo { type = OPEN, triggerTask = TaskInfo{userId=0 taskId=27 effectiveUid=10215 displayId=0 isRunning=true baseIntent=Intent { flg=0x10000000 cmp=com.bitcoinz.wallet/com.example.flutter_app.MainActivity } baseActivity=ComponentInfo{com.bitcoinz.wallet/com.example.flutter_app.MainActivity} topActivity=ComponentInfo{com.bitcoinz.wallet/com.example.flutter_app.MainActivity} origActivity=null realActivity=ComponentInfo{com.bitcoinz.wallet/com.example.flutter_app.MainActivity} numActivities=1 lastActiveTime=11689438 supportsMultiWindow=true resizeMode=1 isResizeable=true minWidth=-1 minHeight=-1 defaultMinSize=220 token=WCT{android.window.IWindowContainerToken$Stub$Proxy@9b3f186} topActivityType=1 pictureInPictureParams=null shouldDockBigOverlays=false launchIntoPipHostTaskId=-1 lastParentTaskIdBeforePip=-1 displayCutoutSafeInsets=Rect(0, 0 - 0, 0) topActivityInfo=ActivityInfo{8d8da47 com.example.flutter_app.MainActivity} launchCookies=[] positionInParent=Point(0, 0) parentTaskId=-1 isFocused=false isVisible=false isVisibleRequested=false isTopActivityNoDisplay=false isSleeping=false locusId=null displayAreaFeatureId=1 isTopActivityTransparent=false isActivityStackTransparent=false lastNonFullscreenBounds=Rect(284, 660 - 796, 1740) capturedLink=null capturedLinkTimestamp=0 requestedVisibleTypes=-9 topActivityRequestOpenInBrowserEducationTimestamp=0 appCompatTaskInfo=AppCompatTaskInfo { topActivityInSizeCompat=false eligibleForLetterboxEducation= false isLetterboxEducationEnabled= true isLetterboxDoubleTapEnabled= false eligibleForUserAspectRatioButton= false topActivityBoundsLetterboxed= false isFromLetterboxDoubleTap= false topActivityLetterboxVerticalPosition= -1 topActivityLetterboxHorizontalPosition= -1 topActivityLetterboxWidth=-1 topActivityLetterboxHeight=-1 topActivityAppBounds=Rect(0, 0 - 1080, 2400) isUserFullscreenOverrideEnabled=false isSystemFullscreenOverrideEnabled=false hasMinAspectRatioOverride=false topActivityLetterboxBounds=null cameraCompatTaskInfo=CameraCompatTaskInfo { freeformCameraCompatMode=inactive}} topActivityMainWindowFrame=null}, pipChange = null, remoteTransition = null, displayChange = null, flags = 0, debugId = 102 }
08-19 20:56:40.950   631   672 I ActivityManager: Start proc 26205:com.bitcoinz.wallet/u0a215 for next-top-activity {com.bitcoinz.wallet/com.example.flutter_app.MainActivity}
08-19 20:56:41.050 26205 26205 I bitcoinz.wallet: Late-enabling -Xcheck:jni
08-19 20:56:41.059   631  2900 D CoreBackPreview: Window{e6a4626 u0 Splash Screen com.bitcoinz.wallet}: Setting back callback OnBackInvokedCallbackInfo{mCallback=android.window.IOnBackInvokedCallback$Stub$Proxy@bb1b814, mPriority=0, mIsAnimationCallback=false, mOverrideBehavior=0}
08-19 20:56:41.315 26205 26205 I bitcoinz.wallet: Using CollectorTypeCMC GC.
08-19 20:56:41.465   631   661 V WindowManager: Sent Transition (#102) createdAt=08-19 20:56:39.076 via request=TransitionRequestInfo { type = OPEN, triggerTask = TaskInfo{userId=0 taskId=27 effectiveUid=10215 displayId=0 isRunning=true baseIntent=Intent { flg=0x10000000 cmp=com.bitcoinz.wallet/com.example.flutter_app.MainActivity } baseActivity=ComponentInfo{com.bitcoinz.wallet/com.example.flutter_app.MainActivity} topActivity=ComponentInfo{com.bitcoinz.wallet/com.example.flutter_app.MainActivity} origActivity=null realActivity=ComponentInfo{com.bitcoinz.wallet/com.example.flutter_app.MainActivity} numActivities=1 lastActiveTime=11689438 supportsMultiWindow=true resizeMode=1 isResizeable=true minWidth=-1 minHeight=-1 defaultMinSize=220 token=WCT{RemoteToken{9dfe03 Task{153946f #27 type=standard I=com.bitcoinz.wallet/com.example.flutter_app.MainActivity}}} topActivityType=1 pictureInPictureParams=null shouldDockBigOverlays=false launchIntoPipHostTaskId=-1 lastParentTaskIdBeforePip=-1 displayCutoutSafeInsets=Rect(0, 0 - 0, 0) topActivityInfo=ActivityInfo{ffc4180 com.example.flutter_app.MainActivity} launchCookies=[] positionInParent=Point(0, 0) parentTaskId=-1 isFocused=false isVisible=false isVisibleRequested=false isTopActivityNoDisplay=false isSleeping=false locusId=null displayAreaFeatureId=1 isTopActivityTransparent=false isActivityStackTransparent=false lastNonFullscreenBounds=Rect(284, 660 - 796, 1740) capturedLink=null capturedLinkTimestamp=0 requestedVisibleTypes=-9 topActivityRequestOpenInBrowserEducationTimestamp=0 appCompatTaskInfo=AppCompatTaskInfo { topActivityInSizeCompat=false eligibleForLetterboxEducation= false isLetterboxEducationEnabled= true isLetterboxDoubleTapEnabled= false eligibleForUserAspectRatioButton= false topActivityBoundsLetterboxed= false isFromLetterboxDoubleTap= false topActivityLetterboxVerticalPosition= -1 topActivityLetterboxHorizontalPosition= -1 topActivityLetterboxWidth=-1 topActivityLetterboxHeight=-1 topActivityAppBounds=Rect(0, 0 - 1080, 2400) isUserFullscreenOverrideEnabled=false isSystemFullscreenOverrideEnabled=false hasMinAspectRatioOverride=false topActivityLetterboxBounds=null cameraCompatTaskInfo=CameraCompatTaskInfo { freeformCameraCompatMode=inactive}} topActivityMainWindowFrame=null}, pipChange = null, remoteTransition = null, displayChange = null, flags = 0, debugId = 102 }
08-19 20:56:41.467   631   661 V WindowManager:         {WCT{RemoteToken{9dfe03 Task{153946f #27 type=standard I=com.bitcoinz.wallet/com.example.flutter_app.MainActivity}}} m=OPEN f=NONE leash=Surface(name=Task=27)/@0x439a8bd sb=Rect(0, 0 - 1080, 2400) eb=Rect(0, 0 - 1080, 2400) epz=Point(1080, 2400) d=0 taskParent=-1},
08-19 20:56:42.306 26205 26205 D nativeloader: Configuring clns-9 for other apk /data/app/~~3qVuuXHZ2HIvjmsLr3EE2Q==/com.bitcoinz.wallet-DX7Kq-z7osCc_rjhikVCcw==/base.apk. target_sdk_version=35, uses_libraries=, library_path=/data/app/~~3qVuuXHZ2HIvjmsLr3EE2Q==/com.bitcoinz.wallet-DX7Kq-z7osCc_rjhikVCcw==/lib/arm64:/data/app/~~3qVuuXHZ2HIvjmsLr3EE2Q==/com.bitcoinz.wallet-DX7Kq-z7osCc_rjhikVCcw==/base.apk!/lib/arm64-v8a, permitted_path=/data:/mnt/expand:/data/user/0/com.bitcoinz.wallet
08-19 20:56:42.316 26205 26205 I bitcoinz.wallet: AssetManager2(0xb400007913798cb8) locale list changing from [] to [en-US]
08-19 20:56:42.333 26205 26205 V GraphicsEnvironment: com.bitcoinz.wallet is not listed in per-application setting
08-19 20:56:42.333 26205 26205 V GraphicsEnvironment: com.bitcoinz.wallet is not listed in ANGLE allowlist or settings, returning default
08-19 20:56:42.383 26205 26205 I bitcoinz.wallet: AssetManager2(0xb40000791379f3d8) locale list changing from [] to [en-US]
08-19 20:56:42.521 26205 26223 D nativeloader: Load /data/app/~~3qVuuXHZ2HIvjmsLr3EE2Q==/com.bitcoinz.wallet-DX7Kq-z7osCc_rjhikVCcw==/lib/arm64/libflutter.so using class loader ns clns-9 (caller=/data/app/~~3qVuuXHZ2HIvjmsLr3EE2Q==/com.bitcoinz.wallet-DX7Kq-z7osCc_rjhikVCcw==/base.apk): ok
08-19 20:56:43.358 26205 26224 I ResourceExtractor: Extracted baseline resource assets/flutter_assets/kernel_blob.bin
08-19 20:56:43.364 26205 26224 I ResourceExtractor: Extracted baseline resource assets/flutter_assets/vm_snapshot_data
08-19 20:56:43.469 26205 26224 I ResourceExtractor: Extracted baseline resource assets/flutter_assets/isolate_snapshot_data
08-19 20:56:43.493 26205 26205 I bitcoinz.wallet: AssetManager2(0xb4000079137a3ed8) locale list changing from [] to [en-US]
08-19 20:56:43.502 26205 26205 W bitcoinz.wallet: type=1400 audit(0.0:244): avc:  denied  { read } for  name="max_map_count" dev="proc" ino=87279 scontext=u:r:untrusted_app:s0:c215,c256,c512,c768 tcontext=u:object_r:proc_max_map_count:s0 tclass=file permissive=0 app=com.bitcoinz.wallet
08-19 20:56:43.538 26205 26205 I flutter : [IMPORTANT:flutter/shell/platform/android/android_context_gl_impeller.cc(94)] Using the Impeller rendering backend (OpenGLES).
08-19 20:56:43.659 26205 26233 I flutter : The Dart VM service is listening on http://127.0.0.1:41271/BAdIwlpDSdA=/
08-19 20:56:44.021 26205 26205 I bitcoinz.wallet: hiddenapi: Accessing hidden method Landroid/view/accessibility/AccessibilityNodeInfo;->getSourceNodeId()J (runtime_flags=0, domain=platform, api=unsupported,test-api) from Lio/flutter/view/AccessibilityViewEmbedder$ReflectionAccessors; (domain=app) using reflection: allowed
08-19 20:56:44.022 26205 26205 I bitcoinz.wallet: hiddenapi: Accessing hidden method Landroid/view/accessibility/AccessibilityRecord;->getSourceNodeId()J (runtime_flags=0, domain=platform, api=unsupported) from Lio/flutter/view/AccessibilityViewEmbedder$ReflectionAccessors; (domain=app) using reflection: allowed
08-19 20:56:44.022 26205 26205 I bitcoinz.wallet: hiddenapi: Accessing hidden field Landroid/view/accessibility/AccessibilityNodeInfo;->mChildNodeIds:Landroid/util/LongArray; (runtime_flags=0, domain=platform, api=unsupported) from Lio/flutter/view/AccessibilityViewEmbedder$ReflectionAccessors; (domain=app) using reflection: allowed
08-19 20:56:44.022 26205 26205 I bitcoinz.wallet: hiddenapi: Accessing hidden method Landroid/util/LongArray;->get(I)J (runtime_flags=0, domain=platform, api=unsupported) from Lio/flutter/view/AccessibilityViewEmbedder$ReflectionAccessors; (domain=app) using reflection: allowed
08-19 20:56:44.285   631   751 D CoreBackPreview: Window{bc69d6a u0 com.bitcoinz.wallet/com.example.flutter_app.MainActivity}: Setting back callback OnBackInvokedCallbackInfo{mCallback=android.window.IOnBackInvokedCallback$Stub$Proxy@5ede937, mPriority=0, mIsAnimationCallback=false, mOverrideBehavior=0}
08-19 20:56:44.715 26205 26205 D WindowLayoutComponentImpl: Register WindowLayoutInfoListener on Context=com.example.flutter_app.MainActivity@20298d5, of which baseContext=android.app.ContextImpl@839e9b6
08-19 20:56:44.802 26205 26205 I flutter : ðŸ’¾ StorageService: Using flutter_secure_storage
08-19 20:56:44.827 26205 26205 I flutter : [38;5;12mâ”Œâ”€â”€â”€â”€â”€â”€â”€â”€â”€â”€â”€â”€â”€â”€â”€â”€â”€â”€â”€â”€â”€â”€â”€â”€â”€â”€â”€â”€â”€â”€â”€â”€â”€â”€â”€â”€â”€â”€â”€â”€â”€â”€â”€â”€â”€â”€â”€â”€â”€â”€â”€â”€â”€â”€â”€â”€â”€â”€â”€â”€â”€â”€â”€â”€â”€â”€â”€â”€â”€â”€â”€â”€â”€â”€â”€â”€â”€â”€â”€â”€â”€â”€â”€â”€â”€â”€â”€â”€â”€â”€â”€â”€â”€â”€â”€â”€â”€â”€â”€â”€â”€â”€â”€â”€â”€â”€â”€â”€â”€â”€â”€â”€â”€â”€â”€â”€â”€â”€â”€[0m
08-19 20:56:44.828 26205 26205 I flutter : [38;5;12mâ”‚ #0   main (package:bitcoinz_black_amber/main.dart:27:12)[0m
08-19 20:56:44.828 26205 26205 I flutter : [38;5;12mâ”‚ #1   <asynchronous suspension>[0m
08-19 20:56:44.828 26205 26205 I flutter : [38;5;12mâ”œâ”„â”„â”„â”„â”„â”„â”„â”„â”„â”„â”„â”„â”„â”„â”„â”„â”„â”„â”„â”„â”„â”„â”„â”„â”„â”„â”„â”„â”„â”„â”„â”„â”„â”„â”„â”„â”„â”„â”„â”„â”„â”„â”„â”„â”„â”„â”„â”„â”„â”„â”„â”„â”„â”„â”„â”„â”„â”„â”„â”„â”„â”„â”„â”„â”„â”„â”„â”„â”„â”„â”„â”„â”„â”„â”„â”„â”„â”„â”„â”„â”„â”„â”„â”„â”„â”„â”„â”„â”„â”„â”„â”„â”„â”„â”„â”„â”„â”„â”„â”„â”„â”„â”„â”„â”„â”„â”„â”„â”„â”„â”„â”„â”„â”„â”„â”„â”„â”„â”„[0m
08-19 20:56:44.829 26205 26205 I flutter : [38;5;12mâ”‚ ðŸ’¡ Storage service initialized: flutter_secure_storage[0m
08-19 20:56:44.829 26205 26205 I flutter : [38;5;12mâ””â”€â”€â”€â”€â”€â”€â”€â”€â”€â”€â”€â”€â”€â”€â”€â”€â”€â”€â”€â”€â”€â”€â”€â”€â”€â”€â”€â”€â”€â”€â”€â”€â”€â”€â”€â”€â”€â”€â”€â”€â”€â”€â”€â”€â”€â”€â”€â”€â”€â”€â”€â”€â”€â”€â”€â”€â”€â”€â”€â”€â”€â”€â”€â”€â”€â”€â”€â”€â”€â”€â”€â”€â”€â”€â”€â”€â”€â”€â”€â”€â”€â”€â”€â”€â”€â”€â”€â”€â”€â”€â”€â”€â”€â”€â”€â”€â”€â”€â”€â”€â”€â”€â”€â”€â”€â”€â”€â”€â”€â”€â”€â”€â”€â”€â”€â”€â”€â”€â”€[0m
08-19 20:56:44.847 26205 26205 I flutter : [38;5;12mâ”Œâ”€â”€â”€â”€â”€â”€â”€â”€â”€â”€â”€â”€â”€â”€â”€â”€â”€â”€â”€â”€â”€â”€â”€â”€â”€â”€â”€â”€â”€â”€â”€â”€â”€â”€â”€â”€â”€â”€â”€â”€â”€â”€â”€â”€â”€â”€â”€â”€â”€â”€â”€â”€â”€â”€â”€â”€â”€â”€â”€â”€â”€â”€â”€â”€â”€â”€â”€â”€â”€â”€â”€â”€â”€â”€â”€â”€â”€â”€â”€â”€â”€â”€â”€â”€â”€â”€â”€â”€â”€â”€â”€â”€â”€â”€â”€â”€â”€â”€â”€â”€â”€â”€â”€â”€â”€â”€â”€â”€â”€â”€â”€â”€â”€â”€â”€â”€â”€â”€â”€[0m
08-19 20:56:44.847 26205 26205 I flutter : [38;5;12mâ”‚ #0   main (package:bitcoinz_black_amber/main.dart:44:14)[0m
08-19 20:56:44.847 26205 26205 I flutter : [38;5;12mâ”‚ #1   <asynchronous suspension>[0m
08-19 20:56:44.847 26205 26205 I flutter : [38;5;12mâ”œâ”„â”„â”„â”„â”„â”„â”„â”„â”„â”„â”„â”„â”„â”„â”„â”„â”„â”„â”„â”„â”„â”„â”„â”„â”„â”„â”„â”„â”„â”„â”„â”„â”„â”„â”„â”„â”„â”„â”„â”„â”„â”„â”„â”„â”„â”„â”„â”„â”„â”„â”„â”„â”„â”„â”„â”„â”„â”„â”„â”„â”„â”„â”„â”„â”„â”„â”„â”„â”„â”„â”„â”„â”„â”„â”„â”„â”„â”„â”„â”„â”„â”„â”„â”„â”„â”„â”„â”„â”„â”„â”„â”„â”„â”„â”„â”„â”„â”„â”„â”„â”„â”„â”„â”„â”„â”„â”„â”„â”„â”„â”„â”„â”„â”„â”„â”„â”„â”„â”„[0m
08-19 20:56:44.847 26205 26205 I flutter : [38;5;12mâ”‚ ðŸ’¡ ðŸ¦€ Rust bridge initialized for mempool monitoring[0m
08-19 20:56:44.847 26205 26205 I flutter : [38;5;12mâ””â”€â”€â”€â”€â”€â”€â”€â”€â”€â”€â”€â”€â”€â”€â”€â”€â”€â”€â”€â”€â”€â”€â”€â”€â”€â”€â”€â”€â”€â”€â”€â”€â”€â”€â”€â”€â”€â”€â”€â”€â”€â”€â”€â”€â”€â”€â”€â”€â”€â”€â”€â”€â”€â”€â”€â”€â”€â”€â”€â”€â”€â”€â”€â”€â”€â”€â”€â”€â”€â”€â”€â”€â”€â”€â”€â”€â”€â”€â”€â”€â”€â”€â”€â”€â”€â”€â”€â”€â”€â”€â”€â”€â”€â”€â”€â”€â”€â”€â”€â”€â”€â”€â”€â”€â”€â”€â”€â”€â”€â”€â”€â”€â”€â”€â”€â”€â”€â”€â”€[0m
08-19 20:56:44.859 26205 26205 I flutter : [38;5;12mâ”Œâ”€â”€â”€â”€â”€â”€â”€â”€â”€â”€â”€â”€â”€â”€â”€â”€â”€â”€â”€â”€â”€â”€â”€â”€â”€â”€â”€â”€â”€â”€â”€â”€â”€â”€â”€â”€â”€â”€â”€â”€â”€â”€â”€â”€â”€â”€â”€â”€â”€â”€â”€â”€â”€â”€â”€â”€â”€â”€â”€â”€â”€â”€â”€â”€â”€â”€â”€â”€â”€â”€â”€â”€â”€â”€â”€â”€â”€â”€â”€â”€â”€â”€â”€â”€â”€â”€â”€â”€â”€â”€â”€â”€â”€â”€â”€â”€â”€â”€â”€â”€â”€â”€â”€â”€â”€â”€â”€â”€â”€â”€â”€â”€â”€â”€â”€â”€â”€â”€â”€[0m
08-19 20:56:44.860 26205 26205 I flutter : [38;5;12mâ”‚ #0   BitcoinZService.initialize (package:bitcoinz_black_amber/services/bitcoinz_service.dart:139:15)[0m
08-19 20:56:44.860 26205 26205 I flutter : [38;5;12mâ”‚ #1   main (package:bitcoinz_black_amber/main.dart:54:36)[0m
08-19 20:56:44.860 26205 26205 I flutter : [38;5;12mâ”œâ”„â”„â”„â”„â”„â”„â”„â”„â”„â”„â”„â”„â”„â”„â”„â”„â”„â”„â”„â”„â”„â”„â”„â”„â”„â”„â”„â”„â”„â”„â”„â”„â”„â”„â”„â”„â”„â”„â”„â”„â”„â”„â”„â”„â”„â”„â”„â”„â”„â”„â”„â”„â”„â”„â”„â”„â”„â”„â”„â”„â”„â”„â”„â”„â”„â”„â”„â”„â”„â”„â”„â”„â”„â”„â”„â”„â”„â”„â”„â”„â”„â”„â”„â”„â”„â”„â”„â”„â”„â”„â”„â”„â”„â”„â”„â”„â”„â”„â”„â”„â”„â”„â”„â”„â”„â”„â”„â”„â”„â”„â”„â”„â”„â”„â”„â”„â”„â”„â”„[0m
08-19 20:56:44.860 26205 26205 I flutter : [38;5;12mâ”‚ ðŸ’¡ BitcoinZ service initialized successfully[0m
08-19 20:56:44.860 26205 26205 I flutter : [38;5;12mâ””â”€â”€â”€â”€â”€â”€â”€â”€â”€â”€â”€â”€â”€â”€â”€â”€â”€â”€â”€â”€â”€â”€â”€â”€â”€â”€â”€â”€â”€â”€â”€â”€â”€â”€â”€â”€â”€â”€â”€â”€â”€â”€â”€â”€â”€â”€â”€â”€â”€â”€â”€â”€â”€â”€â”€â”€â”€â”€â”€â”€â”€â”€â”€â”€â”€â”€â”€â”€â”€â”€â”€â”€â”€â”€â”€â”€â”€â”€â”€â”€â”€â”€â”€â”€â”€â”€â”€â”€â”€â”€â”€â”€â”€â”€â”€â”€â”€â”€â”€â”€â”€â”€â”€â”€â”€â”€â”€â”€â”€â”€â”€â”€â”€â”€â”€â”€â”€â”€â”€[0m
08-19 20:56:44.861 26205 26205 I flutter : [38;5;12mâ”Œâ”€â”€â”€â”€â”€â”€â”€â”€â”€â”€â”€â”€â”€â”€â”€â”€â”€â”€â”€â”€â”€â”€â”€â”€â”€â”€â”€â”€â”€â”€â”€â”€â”€â”€â”€â”€â”€â”€â”€â”€â”€â”€â”€â”€â”€â”€â”€â”€â”€â”€â”€â”€â”€â”€â”€â”€â”€â”€â”€â”€â”€â”€â”€â”€â”€â”€â”€â”€â”€â”€â”€â”€â”€â”€â”€â”€â”€â”€â”€â”€â”€â”€â”€â”€â”€â”€â”€â”€â”€â”€â”€â”€â”€â”€â”€â”€â”€â”€â”€â”€â”€â”€â”€â”€â”€â”€â”€â”€â”€â”€â”€â”€â”€â”€â”€â”€â”€â”€â”€[0m
08-19 20:56:44.862 26205 26205 I flutter : [38;5;12mâ”‚ #0   main (package:bitcoinz_black_amber/main.dart:55:12)[0m
08-19 20:56:44.862 26205 26205 I flutter : [38;5;12mâ”‚ #1   <asynchronous suspension>[0m
08-19 20:56:44.862 26205 26205 I flutter : [38;5;12mâ”œâ”„â”„â”„â”„â”„â”„â”„â”„â”„â”„â”„â”„â”„â”„â”„â”„â”„â”„â”„â”„â”„â”„â”„â”„â”„â”„â”„â”„â”„â”„â”„â”„â”„â”„â”„â”„â”„â”„â”„â”„â”„â”„â”„â”„â”„â”„â”„â”„â”„â”„â”„â”„â”„â”„â”„â”„â”„â”„â”„â”„â”„â”„â”„â”„â”„â”„â”„â”„â”„â”„â”„â”„â”„â”„â”„â”„â”„â”„â”„â”„â”„â”„â”„â”„â”„â”„â”„â”„â”„â”„â”„â”„â”„â”„â”„â”„â”„â”„â”„â”„â”„â”„â”„â”„â”„â”„â”„â”„â”„â”„â”„â”„â”„â”„â”„â”„â”„â”„â”„[0m
08-19 20:56:44.862 26205 26205 I flutter : [38;5;12mâ”‚ ðŸ’¡ BitcoinZ service initialized successfully[0m
08-19 20:56:44.862 26205 26205 I flutter : [38;5;12mâ””â”€â”€â”€â”€â”€â”€â”€â”€â”€â”€â”€â”€â”€â”€â”€â”€â”€â”€â”€â”€â”€â”€â”€â”€â”€â”€â”€â”€â”€â”€â”€â”€â”€â”€â”€â”€â”€â”€â”€â”€â”€â”€â”€â”€â”€â”€â”€â”€â”€â”€â”€â”€â”€â”€â”€â”€â”€â”€â”€â”€â”€â”€â”€â”€â”€â”€â”€â”€â”€â”€â”€â”€â”€â”€â”€â”€â”€â”€â”€â”€â”€â”€â”€â”€â”€â”€â”€â”€â”€â”€â”€â”€â”€â”€â”€â”€â”€â”€â”€â”€â”€â”€â”€â”€â”€â”€â”€â”€â”€â”€â”€â”€â”€â”€â”€â”€â”€â”€â”€[0m
08-19 20:56:45.163 26205 26205 I flutter : ðŸ”¨ Creating new BitcoinzRustService singleton instance
08-19 20:56:45.164 26205 26205 I flutter : ðŸ” AuthProvider._loadStoredData() - Starting storage reads...
08-19 20:56:45.165 26205 26205 I flutter :   Keys to read: has_wallet, wallet_id, biometrics_enabled, cli_wallet_imported
08-19 20:56:45.328 26205 26205 I flutter : ðŸ“Š Unread memo count: 0 (from 0 total memos)
08-19 20:56:45.329 26205 26205 I flutter : ðŸ“± SharedPreferences initialized with 0 memo statuses
08-19 20:56:45.613   631   661 I ActivityTaskManager: Displayed com.bitcoinz.wallet/com.example.flutter_app.MainActivity for user 0: +6s652ms
08-19 20:56:45.613   631   661 I ActivityTaskManager: Fully drawn com.bitcoinz.wallet/com.example.flutter_app.MainActivity: +6s652ms
08-19 20:56:45.688 26205 26205 I flutter : ðŸ” StorageService.read(secure): has_wallet = "null"
08-19 20:56:45.689 26205 26205 I flutter :   Read has_wallet: "null"
08-19 20:56:45.710   631   799 I ImeTracker: com.bitcoinz.wallet:329938ac: onRequestHide at ORIGIN_SERVER reason HIDE_UNSPECIFIED_WINDOW fromUser false
08-19 20:56:45.747 26205 26205 I flutter : ðŸ” StorageService.read(secure): wallet_id = "null"
08-19 20:56:45.748 26205 26205 I flutter :   Read wallet_id: "null"
08-19 20:56:45.766 26205 26205 I flutter : ðŸ” StorageService.read(secure): biometrics_enabled = "null"
08-19 20:56:45.766 26205 26205 I flutter :   Read biometrics_enabled: "null"
08-19 20:56:45.780 26205 26205 I flutter : ðŸ” StorageService.read(secure): cli_wallet_imported = "null"
08-19 20:56:45.781 26205 26205 I flutter :   Read cli_wallet_imported: "null"
08-19 20:56:45.781 26205 26205 I flutter : âœ… AuthProvider._loadStoredData() completed:
08-19 20:56:45.782 26205 26205 I flutter :   _hasWallet: false (from "null")
08-19 20:56:45.784 26205 26205 I flutter :   _walletId: null
08-19 20:56:45.794 26205 26205 I flutter :   needsSetup: true
08-19 20:56:45.794 26205 26205 I flutter :   needsAuthentication: false
08-19 20:56:45.807 26205 26205 I ImeTracker: com.bitcoinz.wallet:329938ac: onCancelled at PHASE_CLIENT_ALREADY_HIDDEN
08-19 20:56:45.827   631  2900 D BiometricService/PreAuthInfo: Package: com.bitcoinz.wallet Sensor ID: 0 Modality: 2 User id: 0 Status: 7
08-19 20:56:45.842   631  2900 D BiometricService/PreAuthInfo: Package: com.bitcoinz.wallet Sensor ID: 0 Modality: 2 User id: 0 Status: 7
08-19 20:56:45.844   631   751 D BiometricService/PreAuthInfo: Package: com.bitcoinz.wallet Sensor ID: 0 Modality: 2 User id: 0 Status: 7
08-19 20:56:46.034   631   751 D CoreBackPreview: Window{e6a4626 u0 Splash Screen com.bitcoinz.wallet EXITING}: Setting back callback null
08-19 20:56:46.089  7813  7813 I GoogleInputMethodService: GoogleInputMethodService.onStartInput():1293 onStartInput(EditorInfo{EditorInfo{packageName=com.bitcoinz.wallet, inputType=0, inputTypeString=NULL, enableLearning=false, autoCorrection=false, autoComplete=false, imeOptions=0, privateImeOptions=null, actionName=UNSPECIFIED, actionLabel=null, initialSelStart=-1, initialSelEnd=-1, initialCapsMode=0, label=null, fieldId=0, fieldName=null, extras=null, hintText=null, hintLocales=[]}}, false)
08-19 20:56:46.127   631   751 W PackageConfigPersister: App-specific configuration not found for packageName: com.bitcoinz.wallet and userId: 0
08-19 20:56:46.714 26205 26210 I bitcoinz.wallet: Compiler allocated 5111KB to compile void android.view.ViewRootImpl.performTraversals()
08-19 20:56:47.693 26205 26247 D ProfileInstaller: Installing profile for com.bitcoinz.wallet
08-19 20:56:47.882 26205 26205 I flutter : ðŸš€ SplashScreen._navigateToNextScreen():
08-19 20:56:47.882 26205 26205 I flutter :   hasWallet: false
08-19 20:56:47.883 26205 26205 I flutter :   isAuthenticated: false
08-19 20:56:47.883 26205 26205 I flutter :   needsSetup: true
08-19 20:56:47.886 26205 26205 I flutter :   needsAuthentication: false
08-19 20:56:47.886 26205 26205 I flutter : â†’ Navigating to WelcomeScreen (needsSetup)
08-19 20:56:49.432 26205 26205 I flutter : ðŸŽ² Generating new wallet with real blockchain birthday...
08-19 20:56:49.457 26205 26205 I flutter : ðŸš€ Initializing Rust Bridge...
08-19 20:56:49.457 26205 26205 I flutter : ðŸ“± ANDROID: Attempting to load Rust native library...
08-19 20:56:49.460 26205 26205 I flutter : âœ… Rust bridge already initialized
08-19 20:56:49.539 26205 26205 I flutter : ðŸ“ Using Black Amber wallet directory: /data/user/0/com.bitcoinz.wallet/app_flutter/bitcoinz-black-amber/wallet
08-19 20:56:49.540 26205 26205 I flutter : ðŸ“‚ Loading existing wallet...
08-19 20:56:49.540 26205 26205 I flutter : ðŸ“ Loading wallet from: /data/user/0/com.bitcoinz.wallet/app_flutter/bitcoinz-black-amber/wallet
08-19 20:56:50.545 26205 26205 I flutter : âŒ Failed to load existing wallet: Error: Cannot read wallet. No file at /data/user/0/com.bitcoinz.wallet/app_flutter/bitcoinz-black-amber/wallet/bitcoinz-light-wallet.dat
08-19 20:56:50.546 26205 26205 I flutter : ðŸ“Š No existing wallet to get height from
08-19 20:56:50.547 26205 26205 I flutter : ðŸ“Š Will use estimated height for birthday calculation
08-19 20:56:50.547 26205 26205 I flutter : âœ… New wallet seed generated:
08-19 20:56:50.547 26205 26205 I flutter :    Seed: 24 words (locally generated)
08-19 20:56:50.547 26205 26205 I flutter :    Birthday block: 1615900
08-19 20:56:50.547 26205 26205 I flutter :    Current height: 1616000 (FALLBACK/ESTIMATED)
08-19 20:56:50.547 26205 26205 I flutter :    Wallet exists: false
08-19 20:56:50.547 26205 26205 I flutter :    Rust initialized: false
08-19 20:56:50.547 26205 26205 I flutter : ðŸ“± ANDROID DEBUG: If birthday is wrong, Rust service may not be loading
08-19 20:57:15.377 26205 26211 I bitcoinz.wallet: Background concurrent mark compact GC freed 2825KB AllocSpace bytes, 10(280KB) LOS objects, 49% free, 2494KB/4989KB, paused 505us,3.994ms total 106.159ms
08-19 21:00:00.095   631   671 D ActivityManager: sync unfroze 1348 com.android.settings for 3
08-19 21:00:00.148   631   671 D ActivityManager: sync unfroze 2043 com.android.keychain for 10
08-19 21:00:00.180   631   671 D ActivityManager: sync unfroze 3971 com.android.dynsystem:dynsystem for 10
08-19 21:00:00.202   631   671 D ActivityManager: sync unfroze 3936 com.android.dynsystem for 10
08-19 21:00:01.354  1348 23887 D BatteryUsageDataLoader: loadUsageDataSafely() in the AsyncTask
08-19 21:05:11.253   631   664 D NativeLibraryHelper: Punching extracted elf file libflutter.so on fs:61267
08-19 21:05:12.787   631   664 D NativeLibraryHelper: Punching extracted elf file libbitcoinz_wallet_rust.so on fs:61267
08-19 21:05:12.909   631   749 D InstallDependencyHelper: No missing dependency for com.bitcoinz.wallet
08-19 21:05:13.304   631   696 I PackageManager: Update package com.bitcoinz.wallet code path from /data/app/~~3qVuuXHZ2HIvjmsLr3EE2Q==/com.bitcoinz.wallet-DX7Kq-z7osCc_rjhikVCcw== to /data/app/vmdl324473233.tmp; Retain data and using new
08-19 21:05:14.183   631   671 I ActivityManager: Force stopping com.bitcoinz.wallet appid=10215 user=-1: installPackageLI
08-19 21:05:14.334   631   671 I ActivityManager: Killing 26205:com.bitcoinz.wallet/u0a215 (adj 0): stop com.bitcoinz.wallet due to installPackageLI
08-19 21:05:14.429   631   671 W ActivityTaskManager: Force removing ActivityRecord{32119630 u0 com.bitcoinz.wallet/com.example.flutter_app.MainActivity t27 f}}: app died, no saved state
08-19 21:05:14.716  1057  1091 V WindowManagerShell: Transition requested (#103): android.os.BinderProxy@4824089 TransitionRequestInfo { type = CLOSE, triggerTask = TaskInfo{userId=0 taskId=27 effectiveUid=10215 displayId=0 isRunning=false baseIntent=Intent { flg=0x10000000 cmp=com.bitcoinz.wallet/com.example.flutter_app.MainActivity } baseActivity=null topActivity=null origActivity=null realActivity=ComponentInfo{com.bitcoinz.wallet/com.example.flutter_app.MainActivity} numActivities=0 lastActiveTime=11691991 supportsMultiWindow=true resizeMode=1 isResizeable=true minWidth=-1 minHeight=-1 defaultMinSize=220 token=WCT{android.window.IWindowContainerToken$Stub$Proxy@e15688e} topActivityType=1 pictureInPictureParams=null shouldDockBigOverlays=false launchIntoPipHostTaskId=-1 lastParentTaskIdBeforePip=-1 displayCutoutSafeInsets=Rect(0, 0 - 0, 0) topActivityInfo=null launchCookies=[] positionInParent=Point(0, 0) parentTaskId=-1 isFocused=true isVisible=true isVisibleRequested=true isTopActivityNoDisplay=false isSleeping=false locusId=null displayAreaFeatureId=1 isTopActivityTransparent=false isActivityStackTransparent=true lastNonFullscreenBounds=Rect(284, 660 - 796, 1740) capturedLink=null capturedLinkTimestamp=0 requestedVisibleTypes=-9 topActivityRequestOpenInBrowserEducationTimestamp=0 appCompatTaskInfo=AppCompatTaskInfo { topActivityInSizeCompat=false eligibleForLetterboxEducation= false isLetterboxEducationEnabled= false isLetterboxDoubleTapEnabled= false eligibleForUserAspectRatioButton= false topActivityBoundsLetterboxed= false isFromLetterboxDoubleTap= false topActivityLetterboxVerticalPosition= -1 topActivityLetterboxHorizontalPosition= -1 topActivityLetterboxWidth=-1 topActivityLetterboxHeight=-1 topActivityAppBounds=Rect(0, 0 - 0, 0) isUserFullscreenOverrideEnabled=false isSystemFullscreenOverrideEnabled=false hasMinAspectRatioOverride=false topActivityLetterboxBounds=null cameraCompatTaskInfo=CameraCompatTaskInfo { freeformCameraCompatMode=undefined}} topActivityMainWindowFrame=null}, pipChange = null, remoteTransition = null, displayChange = null, flags = 0, debugId = 103 }
08-19 21:05:14.758   631   791 W InputDispatcher: channel 'bc69d6a com.bitcoinz.wallet/com.example.flutter_app.MainActivity' ~ Consumer closed input channel or an error occurred.  events=0x9
08-19 21:05:14.758   631   791 E InputDispatcher: channel 'bc69d6a com.bitcoinz.wallet/com.example.flutter_app.MainActivity' ~ Channel is unrecoverably broken and will be disposed!
08-19 21:05:15.145   631  2282 I ImeTracker: com.bitcoinz.wallet:872a8964: onRequestHide at ORIGIN_SERVER reason HIDE_REMOVE_CLIENT fromUser false
08-19 21:05:15.154   631  2282 I ImeTracker: com.bitcoinz.wallet:872a8964: onCancelled at PHASE_SERVER_SHOULD_HIDE
08-19 21:05:15.634   631   696 I PackageManager: installation completed for package:com.bitcoinz.wallet. Final code path: /data/app/~~PQH2yNDyL1FN59aLsGnsaQ==/com.bitcoinz.wallet-WG5lgikmwIY7f2CbmFYhqg==
08-19 21:05:15.662   631   791 I WindowManager: WINDOW DIED Window{bc69d6a u0 com.bitcoinz.wallet/com.example.flutter_app.MainActivity}
08-19 21:05:15.846   631   766 I WindowManager: WIN DEATH: Window{bc69d6a u0 com.bitcoinz.wallet/com.example.flutter_app.MainActivity EXITING}
08-19 21:05:16.181   631  1927 V ActivityManager: Got obituary of 26205:com.bitcoinz.wallet
08-19 21:05:16.690   631   696 I ActivityManager: Force stopping com.bitcoinz.wallet appid=10215 user=0: pkg removed
08-19 21:05:16.769   631   696 I WindowManager:   Force removing ActivityRecord{32119630 u0 com.bitcoinz.wallet/com.example.flutter_app.MainActivity t27 f} isExiting}
08-19 21:05:16.771   631   696 W WindowManager: removeAppToken: Attempted to remove non-existing token: Token{4aa357c ActivityRecord{32119630 u0 com.bitcoinz.wallet/com.example.flutter_app.MainActivity t27 f} isExiting}}
08-19 21:05:16.775   631   661 V WindowManager: Sent Transition (#103) createdAt=08-19 21:05:14.484 via request=TransitionRequestInfo { type = CLOSE, triggerTask = TaskInfo{userId=0 taskId=27 effectiveUid=10215 displayId=0 isRunning=false baseIntent=Intent { flg=0x10000000 cmp=com.bitcoinz.wallet/com.example.flutter_app.MainActivity } baseActivity=null topActivity=null origActivity=null realActivity=ComponentInfo{com.bitcoinz.wallet/com.example.flutter_app.MainActivity} numActivities=0 lastActiveTime=11691991 supportsMultiWindow=true resizeMode=1 isResizeable=true minWidth=-1 minHeight=-1 defaultMinSize=220 token=WCT{RemoteToken{9dfe03 Task{153946f #27 type=standard I=com.bitcoinz.wallet/com.example.flutter_app.MainActivity}}} topActivityType=1 pictureInPictureParams=null shouldDockBigOverlays=false launchIntoPipHostTaskId=-1 lastParentTaskIdBeforePip=-1 displayCutoutSafeInsets=Rect(0, 0 - 0, 0) topActivityInfo=null launchCookies=[] positionInParent=Point(0, 0) parentTaskId=-1 isFocused=true isVisible=true isVisibleRequested=true isTopActivityNoDisplay=false isSleeping=false locusId=null displayAreaFeatureId=1 isTopActivityTransparent=false isActivityStackTransparent=true lastNonFullscreenBounds=Rect(284, 660 - 796, 1740) capturedLink=null capturedLinkTimestamp=0 requestedVisibleTypes=-9 topActivityRequestOpenInBrowserEducationTimestamp=0 appCompatTaskInfo=AppCompatTaskInfo { topActivityInSizeCompat=false eligibleForLetterboxEducation= false isLetterboxEducationEnabled= false isLetterboxDoubleTapEnabled= false eligibleForUserAspectRatioButton= false topActivityBoundsLetterboxed= false isFromLetterboxDoubleTap= false topActivityLetterboxVerticalPosition= -1 topActivityLetterboxHorizontalPosition= -1 topActivityLetterboxWidth=-1 topActivityLetterboxHeight=-1 topActivityAppBounds=Rect(0, 0 - 0, 0) isUserFullscreenOverrideEnabled=false isSystemFullscreenOverrideEnabled=false hasMinAspectRatioOverride=false topActivityLetterboxBounds=null cameraCompatTaskInfo=CameraCompatTaskInfo { freeformCameraCompatMode=undefined}} topActivityMainWindowFrame=null}, pipChange = null, remoteTransition = null, displayChange = null, flags = 0, debugId = 103 }
08-19 21:05:16.784   631   661 V WindowManager:         {WCT{RemoteToken{9dfe03 Task{153946f #27 type=standard I=com.bitcoinz.wallet/com.example.flutter_app.MainActivity}}} m=CLOSE f=NONE leash=Surface(name=Task=27)/@0x439a8bd sb=Rect(0, 0 - 1080, 2400) eb=Rect(0, 0 - 1080, 2400) epz=Point(1080, 2400) d=0 taskParent=-1},
08-19 21:05:18.689   631  1927 W WindowManager: Exception thrown during dispatchAppVisibility Window{bc69d6a u0 com.bitcoinz.wallet/com.example.flutter_app.MainActivity EXITING}
08-19 21:05:19.003  1632  1632 D PickerSyncLockManager: Trying to acquire lock com.android.providers.media.photopicker.sync.CloseableReentrantLock@8f469b9[Unlocked]. Lock Name = CLOUD_PROVIDER_LOCK. Threads that may be waiting to acquire this lock = []
08-19 21:05:19.026  1632  1632 D CloseableReentrantLock: Successfully acquired lock com.android.providers.media.photopicker.sync.CloseableReentrantLock@8f469b9[Locked by thread main]. Lock Name = CLOUD_PROVIDER_LOCK. Threads that may be waiting to acquire this lock = []
08-19 21:05:19.052  1632  1632 D CloseableReentrantLock: Successfully released lock com.android.providers.media.photopicker.sync.CloseableReentrantLock@8f469b9[Unlocked]. Lock Name = CLOUD_PROVIDER_LOCK. Threads that may be waiting to acquire this lock = []
08-19 21:05:19.098  1228  1494 I SatelliteAppTracker: onPackageUpdateFinished : com.bitcoinz.wallet
08-19 21:05:19.144  1228  1494 I SatelliteAppTracker: onPackageModified : com.bitcoinz.wallet
08-19 21:05:19.297   631   808 W PackageConfigPersister: App-specific configuration not found for packageName: com.bitcoinz.wallet and userId: 0
08-19 21:05:19.460   631  1024 I SdkSandboxManager: No SDKs used. Skipping SDK data reconcilation for CallingInfo{mUid=10215, mPackageName='com.bitcoinz.wallet, mAppProcessToken='null'}
08-19 21:05:19.532   631  1013 D ShortcutService: replacing package: com.bitcoinz.wallet userId=0
08-19 21:05:19.542   631   671 D ActivityManager: sync unfroze 8015 com.android.vending for 3
08-19 21:05:20.617   631   671 D ActivityManager: sync unfroze 7148 com.android.vending:background for 3
08-19 21:05:20.628  1228  1228 D CarrierSvcBindHelper: onPackageUpdateFinished: com.bitcoinz.wallet
08-19 21:05:21.103   631   671 D ActivityManager: sync unfroze 1122 com.google.android.permissioncontroller for 3
08-19 21:05:21.141  1228  1228 D CarrierSvcBindHelper: onPackageModified: com.bitcoinz.wallet
08-19 21:05:21.852  1122  1122 I SafetyLabelChangedBroadcastReceiver: received broadcast packageName: com.bitcoinz.wallet, current user: UserHandle{0}, packageChangeEvent: UPDATE, intent user: UserHandle{0}
08-19 21:05:22.023   631  2899 D ActivityManager: sync unfroze 8830 com.google.android.gms for 6
08-19 21:05:22.115  7148  7148 I Finsky:background: [2] IQ: onPackageRemoved com.bitcoinz.wallet, replacing=true, uninstallingFromPlay=false
08-19 21:05:22.148   631  2899 D ActivityManager: sync unfroze 8004 com.google.android.gms.unstable for 6
08-19 21:05:22.318  1228  1482 D ImsResolver: maybeAddedImsService, packageName: com.bitcoinz.wallet
08-19 21:05:22.325  1228  1482 V ImsResolver: searchForImsServices: package=com.bitcoinz.wallet, users=[UserHandle{0}]
08-19 21:05:22.492  1228  1482 V ImsResolver: searchForImsServices: package=com.bitcoinz.wallet, users=[UserHandle{0}]
08-19 21:05:23.026   631   631 D ActivityManager: sync unfroze 1348 com.android.settings for 10
08-19 21:05:23.032   631   631 D ActivityManager: sync unfroze 2043 com.android.keychain for 10
08-19 21:05:23.060   631   631 D ActivityManager: sync unfroze 3971 com.android.dynsystem:dynsystem for 10
08-19 21:05:23.132   631   631 D ActivityManager: sync unfroze 3936 com.android.dynsystem for 10
08-19 21:05:23.325  1228  1228 W VvmPkgInstalledRcvr: carrierVvmPkgAdded: carrier vvm packages doesn't contain com.bitcoinz.wallet
08-19 21:05:23.415  1282  1282 D ActivityThread: Package [com.bitcoinz.wallet] reported as REPLACED, but missing application info. Assuming REMOVED.
08-19 21:05:23.436  7813  7813 D ActivityThread: Package [com.bitcoinz.wallet] reported as REPLACED, but missing application info. Assuming REMOVED.
08-19 21:05:23.492  9109  9109 D ActivityThread: Package [com.bitcoinz.wallet] reported as REPLACED, but missing application info. Assuming REMOVED.
08-19 21:05:23.539  7148  7233 I Finsky:background: [69] RECEIVER_PACKAGE_MONITOR_BACKGROUND#logWorkEndAndFinishGoAsync: SUCCESS
08-19 21:05:23.544  7148  7148 D ActivityThread: Package [com.bitcoinz.wallet] reported as REPLACED, but missing application info. Assuming REMOVED.
08-19 21:05:23.555  1627  1627 D ActivityThread: Package [com.bitcoinz.wallet] reported as REPLACED, but missing application info. Assuming REMOVED.
08-19 21:05:23.561  1348  1348 D ActivityThread: Package [com.bitcoinz.wallet] reported as REPLACED, but missing application info. Assuming REMOVED.
08-19 21:05:23.577  3971  3971 D ActivityThread: Package [com.bitcoinz.wallet] reported as REPLACED, but missing application info. Assuming REMOVED.
08-19 21:05:23.581  3936  3936 D ActivityThread: Package [com.bitcoinz.wallet] reported as REPLACED, but missing application info. Assuming REMOVED.
08-19 21:05:23.608  1057  1057 D ActivityThread: Package [com.bitcoinz.wallet] reported as REPLACED, but missing application info. Assuming REMOVED.
08-19 21:05:23.610  4965  4965 D ActivityThread: Package [com.bitcoinz.wallet] reported as REPLACED, but missing application info. Assuming REMOVED.
08-19 21:05:23.653  1632  1632 D ActivityThread: Package [com.bitcoinz.wallet] reported as REPLACED, but missing application info. Assuming REMOVED.
08-19 21:05:23.696  8200  8200 D ActivityThread: Package [com.bitcoinz.wallet] reported as REPLACED, but missing application info. Assuming REMOVED.
08-19 21:05:23.749  5739  5739 D ActivityThread: Package [com.bitcoinz.wallet] reported as REPLACED, but missing application info. Assuming REMOVED.
08-19 21:05:23.790  1170  1170 D ActivityThread: Package [com.bitcoinz.wallet] reported as REPLACED, but missing application info. Assuming REMOVED.
08-19 21:05:23.812  1672  1672 D ActivityThread: Package [com.bitcoinz.wallet] reported as REPLACED, but missing application info. Assuming REMOVED.
08-19 21:05:23.887  7813  7813 D ActivityThread: Package [com.bitcoinz.wallet] reported as REPLACED, but missing application info. Assuming REMOVED.
08-19 21:05:23.887  1282  1282 D ActivityThread: Package [com.bitcoinz.wallet] reported as REPLACED, but missing application info. Assuming REMOVED.
08-19 21:05:23.890  9109  9109 D ActivityThread: Package [com.bitcoinz.wallet] reported as REPLACED, but missing application info. Assuming REMOVED.
08-19 21:05:23.898  1627  1627 D ActivityThread: Package [com.bitcoinz.wallet] reported as REPLACED, but missing application info. Assuming REMOVED.
08-19 21:05:23.901  8200  8200 D ActivityThread: Package [com.bitcoinz.wallet] reported as REPLACED, but missing application info. Assuming REMOVED.
