08-19 17:49:11.607 22457 22457 I flutter : [38;5;12mâ”Œâ”€â”€â”€â”€â”€â”€â”€â”€â”€â”€â”€â”€â”€â”€â”€â”€â”€â”€â”€â”€â”€â”€â”€â”€â”€â”€â”€â”€â”€â”€â”€â”€â”€â”€â”€â”€â”€â”€â”€â”€â”€â”€â”€â”€â”€â”€â”€â”€â”€â”€â”€â”€â”€â”€â”€â”€â”€â”€â”€â”€â”€â”€â”€â”€â”€â”€â”€â”€â”€â”€â”€â”€â”€â”€â”€â”€â”€â”€â”€â”€â”€â”€â”€â”€â”€â”€â”€â”€â”€â”€â”€â”€â”€â”€â”€â”€â”€â”€â”€â”€â”€â”€â”€â”€â”€â”€â”€â”€â”€â”€â”€â”€â”€â”€â”€â”€â”€â”€â”€[0m
08-19 17:49:11.613 22457 22457 I flutter : [38;5;12mâ”‚ #0   main (package:bitcoinz_black_amber/main.dart:55:12)[0m
08-19 17:49:11.613 22457 22457 I flutter : [38;5;12mâ”‚ #1   <asynchronous suspension>[0m
08-19 17:49:11.613 22457 22457 I flutter : [38;5;12mâ”œâ”„â”„â”„â”„â”„â”„â”„â”„â”„â”„â”„â”„â”„â”„â”„â”„â”„â”„â”„â”„â”„â”„â”„â”„â”„â”„â”„â”„â”„â”„â”„â”„â”„â”„â”„â”„â”„â”„â”„â”„â”„â”„â”„â”„â”„â”„â”„â”„â”„â”„â”„â”„â”„â”„â”„â”„â”„â”„â”„â”„â”„â”„â”„â”„â”„â”„â”„â”„â”„â”„â”„â”„â”„â”„â”„â”„â”„â”„â”„â”„â”„â”„â”„â”„â”„â”„â”„â”„â”„â”„â”„â”„â”„â”„â”„â”„â”„â”„â”„â”„â”„â”„â”„â”„â”„â”„â”„â”„â”„â”„â”„â”„â”„â”„â”„â”„â”„â”„â”„[0m
08-19 17:49:11.613 22457 22457 I flutter : [38;5;12mâ”‚ ðŸ’¡ BitcoinZ service initialized successfully[0m
08-19 17:49:11.613 22457 22457 I flutter : [38;5;12mâ””â”€â”€â”€â”€â”€â”€â”€â”€â”€â”€â”€â”€â”€â”€â”€â”€â”€â”€â”€â”€â”€â”€â”€â”€â”€â”€â”€â”€â”€â”€â”€â”€â”€â”€â”€â”€â”€â”€â”€â”€â”€â”€â”€â”€â”€â”€â”€â”€â”€â”€â”€â”€â”€â”€â”€â”€â”€â”€â”€â”€â”€â”€â”€â”€â”€â”€â”€â”€â”€â”€â”€â”€â”€â”€â”€â”€â”€â”€â”€â”€â”€â”€â”€â”€â”€â”€â”€â”€â”€â”€â”€â”€â”€â”€â”€â”€â”€â”€â”€â”€â”€â”€â”€â”€â”€â”€â”€â”€â”€â”€â”€â”€â”€â”€â”€â”€â”€â”€â”€[0m
08-19 17:49:13.233 22457 22457 I flutter : ðŸ”¨ Creating new BitcoinzRustService singleton instance
08-19 17:49:13.254 22457 22457 I flutter : ðŸ” AuthProvider._loadStoredData() - Starting storage reads...
08-19 17:49:13.255 22457 22457 I flutter :   Keys to read: has_wallet, wallet_id, biometrics_enabled, cli_wallet_imported
08-19 17:49:14.381 22457 22457 I flutter : ðŸ“Š Unread memo count: 0 (from 0 total memos)
08-19 17:49:14.394 22457 22457 I flutter : ðŸ“± SharedPreferences initialized with 0 memo statuses
08-19 17:49:14.760 22457 22470 I HWUI    : Davey! duration=3030ms; Flags=1, FrameTimelineVsyncId=1920819, IntendedVsync=8055512626522, Vsync=8058262626412, InputEventId=0, HandleInputStart=8058278549592, AnimationStart=8058278553675, PerformTraversalsStart=8058278554425, DrawStart=8058368331383, FrameDeadline=8055529293188, FrameStartTime=8058276279717, FrameInterval=16666666, WorkloadTarget=16666666, SyncQueued=8058406139342, SyncStart=8058408408383, IssueDrawCommandsStart=8058412691383, SwapBuffers=8058488508425, FrameCompleted=8058545383883, DequeueBufferDuration=15372875, QueueBufferDuration=1210083, GpuCompleted=8058529919842, SwapBuffersCompleted=8058545383883, DisplayPresentTime=0, CommandSubmissionCompleted=8058488508425, 
08-19 17:49:14.819   631   661 I ActivityTaskManager: Displayed com.bitcoinz.wallet/com.example.flutter_app.MainActivity for user 0: +16s154ms
08-19 17:49:14.819   631   661 I ActivityTaskManager: Fully drawn com.bitcoinz.wallet/com.example.flutter_app.MainActivity: +16s154ms
08-19 17:49:15.499   631  1932 D CoreBackPreview: Window{57f8f96 u0 Splash Screen com.bitcoinz.wallet EXITING}: Setting back callback null
08-19 17:49:15.962   631   799 I ImeTracker: com.bitcoinz.wallet:cb8f1abd: onRequestHide at ORIGIN_SERVER reason HIDE_UNSPECIFIED_WINDOW fromUser false
08-19 17:49:15.966 22457 22457 I flutter : ðŸ” StorageService.read(secure): has_wallet = "true"
08-19 17:49:15.966 22457 22457 I flutter :   Read has_wallet: "true"
08-19 17:49:16.021 22457 22457 I flutter : ðŸ” StorageService.read(secure): wallet_id = "wallet_1755621149390"
08-19 17:49:16.021 22457 22457 I flutter :   Read wallet_id: "wallet_1755621149390"
08-19 17:49:16.030 22457 22457 I ImeTracker: com.bitcoinz.wallet:cb8f1abd: onCancelled at PHASE_CLIENT_ALREADY_HIDDEN
08-19 17:49:16.033 22457 22457 I flutter : ðŸ” StorageService.read(secure): biometrics_enabled = "null"
08-19 17:49:16.033 22457 22457 I flutter :   Read biometrics_enabled: "null"
08-19 17:49:16.037 22457 22457 I flutter : ðŸ” StorageService.read(secure): cli_wallet_imported = "null"
08-19 17:49:16.037 22457 22457 I flutter :   Read cli_wallet_imported: "null"
08-19 17:49:16.039 22457 22457 I flutter : âœ… AuthProvider._loadStoredData() completed:
08-19 17:49:16.039 22457 22457 I flutter :   _hasWallet: true (from "true")
08-19 17:49:16.039 22457 22457 I flutter :   _walletId: wallet_1755621149390
08-19 17:49:16.039 22457 22457 I flutter :   needsSetup: false
08-19 17:49:16.041 22457 22457 I flutter :   needsAuthentication: true
08-19 17:49:16.083   631  1932 D BiometricService/PreAuthInfo: Package: com.bitcoinz.wallet Sensor ID: 0 Modality: 2 User id: 0 Status: 7
08-19 17:49:16.109   631  1932 D BiometricService/PreAuthInfo: Package: com.bitcoinz.wallet Sensor ID: 0 Modality: 2 User id: 0 Status: 7
08-19 17:49:16.111   631  1932 D BiometricService/PreAuthInfo: Package: com.bitcoinz.wallet Sensor ID: 0 Modality: 2 User id: 0 Status: 7
08-19 17:49:16.119 22457 22457 I flutter : ðŸ”Œ Pre-connecting to server while on splash screen...
08-19 17:49:16.120 22457 22457 I flutter : ðŸ”Œ Checking server connectivity...
08-19 17:49:16.235  7813  7813 I GoogleInputMethodService: GoogleInputMethodService.onStartInput():1293 onStartInput(EditorInfo{EditorInfo{packageName=com.bitcoinz.wallet, inputType=0, inputTypeString=NULL, enableLearning=false, autoCorrection=false, autoComplete=false, imeOptions=0, privateImeOptions=null, actionName=UNSPECIFIED, actionLabel=null, initialSelStart=-1, initialSelEnd=-1, initialCapsMode=0, label=null, fieldId=0, fieldName=null, extras=null, hintText=null, hintLocales=[]}}, false)
08-19 17:49:16.261   631  1279 W PackageConfigPersister: App-specific configuration not found for packageName: com.bitcoinz.wallet and userId: 0
08-19 17:49:16.330 22457 22457 I flutter : âœ… Server appears to be reachable
08-19 17:49:16.330 22457 22457 I flutter : âœ… Early connection established
08-19 17:49:16.564 22457 22463 I bitcoinz.wallet: Compiler allocated 5111KB to compile void android.view.ViewRootImpl.performTraversals()
08-19 17:49:18.131 22457 22457 I flutter : ðŸš€ SplashScreen._navigateToNextScreen():
08-19 17:49:18.132 22457 22457 I flutter :   hasWallet: true
08-19 17:49:18.132 22457 22457 I flutter :   isAuthenticated: false
08-19 17:49:18.132 22457 22457 I flutter :   needsSetup: false
08-19 17:49:18.132 22457 22457 I flutter :   needsAuthentication: true
08-19 17:49:18.168 22457 22457 I flutter : ðŸ” StorageService.read(secure): pin_hash = "09d7d8153a8178a958ecaa130aad71becfb73f2c5d30f5f3f33066ec7624b355"
08-19 17:49:18.168 22457 22457 I flutter : â†’ Navigating to AuthScreen (needsAuthentication)
08-19 17:49:18.430   631  1279 D BiometricService/PreAuthInfo: Package: com.bitcoinz.wallet Sensor ID: 0 Modality: 2 User id: 0 Status: 7
08-19 17:49:18.448   631  1279 D BiometricService/PreAuthInfo: Package: com.bitcoinz.wallet Sensor ID: 0 Modality: 2 User id: 0 Status: 7
08-19 17:49:18.450   631  1087 D BiometricService/PreAuthInfo: Package: com.bitcoinz.wallet Sensor ID: 0 Modality: 2 User id: 0 Status: 7
08-19 17:49:22.995   631   773 D ActivityManager: sync unfroze 8015 com.android.vending for 6
08-19 17:49:23.379  8015 22511 I Finsky  : [377] Completed 0 account content syncs with 0 successful.
08-19 17:49:31.296 22457 22464 I bitcoinz.wallet: Background concurrent mark compact GC freed 2828KB AllocSpace bytes, 10(280KB) LOS objects, 49% free, 2490KB/4981KB, paused 390us,5.336ms total 242.043ms
08-19 17:52:25.562   631  2900 I ActivityManager: Force stopping com.bitcoinz.wallet appid=10214 user=0: from pid 22533
08-19 17:52:26.402   631  2900 I ActivityManager: Killing 22457:com.bitcoinz.wallet/u0a214 (adj 0): stop com.bitcoinz.wallet due to from pid 22533
08-19 17:52:27.606   631  2900 W ActivityTaskManager: Force removing ActivityRecord{253805377 u0 com.bitcoinz.wallet/com.example.flutter_app.MainActivity t21 f}}: app died, no saved state
08-19 17:52:28.488   631   791 W InputDispatcher: channel 'b351914 com.bitcoinz.wallet/com.example.flutter_app.MainActivity' ~ Consumer closed input channel or an error occurred.  events=0x9
08-19 17:52:28.488   631   791 E InputDispatcher: channel 'b351914 com.bitcoinz.wallet/com.example.flutter_app.MainActivity' ~ Channel is unrecoverably broken and will be disposed!
08-19 17:52:29.595  1057  1091 V WindowManagerShell: Transition requested (#91): android.os.BinderProxy@37c5991 TransitionRequestInfo { type = CLOSE, triggerTask = TaskInfo{userId=0 taskId=21 effectiveUid=10214 displayId=0 isRunning=false baseIntent=Intent { act=android.intent.action.MAIN cat=[android.intent.category.LAUNCHER] flg=0x30000000 cmp=com.bitcoinz.wallet/com.example.flutter_app.MainActivity } baseActivity=null topActivity=null origActivity=null realActivity=ComponentInfo{com.bitcoinz.wallet/com.example.flutter_app.MainActivity} numActivities=0 lastActiveTime=8046164 supportsMultiWindow=true resizeMode=1 isResizeable=true minWidth=-1 minHeight=-1 defaultMinSize=220 token=WCT{android.window.IWindowContainerToken$Stub$Proxy@66280f6} topActivityType=1 pictureInPictureParams=null shouldDockBigOverlays=false launchIntoPipHostTaskId=-1 lastParentTaskIdBeforePip=-1 displayCutoutSafeInsets=Rect(0, 0 - 0, 0) topActivityInfo=null launchCookies=[] positionInParent=Point(0, 0) parentTaskId=-1 isFocused=true isVisible=true isVisibleRequested=true isTopActivityNoDisplay=false isSleeping=false locusId=null displayAreaFeatureId=1 isTopActivityTransparent=false isActivityStackTransparent=true lastNonFullscreenBounds=Rect(284, 660 - 796, 1740) capturedLink=null capturedLinkTimestamp=0 requestedVisibleTypes=-9 topActivityRequestOpenInBrowserEducationTimestamp=0 appCompatTaskInfo=AppCompatTaskInfo { topActivityInSizeCompat=false eligibleForLetterboxEducation= false isLetterboxEducationEnabled= false isLetterboxDoubleTapEnabled= false eligibleForUserAspectRatioButton= false topActivityBoundsLetterboxed= false isFromLetterboxDoubleTap= false topActivityLetterboxVerticalPosition= -1 topActivityLetterboxHorizontalPosition= -1 topActivityLetterboxWidth=-1 topActivityLetterboxHeight=-1 topActivityAppBounds=Rect(0, 0 - 0, 0) isUserFullscreenOverrideEnabled=false isSystemFullscreenOverrideEnabled=false hasMinAspectRatioOverride=false topActivityLetterboxBounds=null cameraCompatTaskInfo=CameraCompatTaskInfo { freeformCameraCompatMode=undefined}} topActivityMainWindowFrame=null}, pipChange = null, remoteTransition = null, displayChange = null, flags = 0, debugId = 91 }
08-19 17:52:29.693   631  2745 I ImeTracker: com.bitcoinz.wallet:37b65757: onRequestHide at ORIGIN_SERVER reason HIDE_REMOVE_CLIENT fromUser false
08-19 17:52:29.829   631  2745 I ImeTracker: com.bitcoinz.wallet:37b65757: onCancelled at PHASE_SERVER_SHOULD_HIDE
08-19 17:52:30.603   631   791 I WindowManager: WINDOW DIED Window{b351914 u0 com.bitcoinz.wallet/com.example.flutter_app.MainActivity}
08-19 17:52:31.242   631  1921 I WindowManager: WIN DEATH: Window{b351914 u0 com.bitcoinz.wallet/com.example.flutter_app.MainActivity EXITING}
08-19 17:52:33.252   631  1919 V ActivityManager: Got obituary of 22457:com.bitcoinz.wallet
08-19 17:52:33.622  1282  7319 I HWUI    : Davey! duration=2323ms; Flags=1, FrameTimelineVsyncId=1922419, IntendedVsync=8254945951878, Vsync=8255695951848, InputEventId=0, HandleInputStart=8255741680602, AnimationStart=8255741682227, PerformTraversalsStart=8255742276352, DrawStart=8256382257936, FrameDeadline=8254962618544, FrameStartTime=8255697853436, FrameInterval=16666666, WorkloadTarget=16666666, SyncQueued=8256922082895, SyncStart=8256928282020, IssueDrawCommandsStart=8256957249603, SwapBuffers=8257175538853, FrameCompleted=8257275525062, DequeueBufferDuration=7917, QueueBufferDuration=50166917, GpuCompleted=8257246244270, SwapBuffersCompleted=8257275525062, DisplayPresentTime=0, CommandSubmissionCompleted=8257175538853, 
08-19 17:52:33.858  1228  1228 D CarrierSvcBindHelper: onHandleForceStop: [com.bitcoinz.wallet]
08-19 17:52:34.266   631   661 V WindowManager: Sent Transition (#91) createdAt=08-19 17:52:27.647 via request=TransitionRequestInfo { type = CLOSE, triggerTask = TaskInfo{userId=0 taskId=21 effectiveUid=10214 displayId=0 isRunning=false baseIntent=Intent { act=android.intent.action.MAIN cat=[android.intent.category.LAUNCHER] flg=0x30000000 cmp=com.bitcoinz.wallet/com.example.flutter_app.MainActivity } baseActivity=null topActivity=null origActivity=null realActivity=ComponentInfo{com.bitcoinz.wallet/com.example.flutter_app.MainActivity} numActivities=0 lastActiveTime=8046164 supportsMultiWindow=true resizeMode=1 isResizeable=true minWidth=-1 minHeight=-1 defaultMinSize=220 token=WCT{RemoteToken{5d482a5 Task{a341dc3 #21 type=standard I=com.bitcoinz.wallet/com.example.flutter_app.MainActivity}}} topActivityType=1 pictureInPictureParams=null shouldDockBigOverlays=false launchIntoPipHostTaskId=-1 lastParentTaskIdBeforePip=-1 displayCutoutSafeInsets=Rect(0, 0 - 0, 0) topActivityInfo=null launchCookies=[] positionInParent=Point(0, 0) parentTaskId=-1 isFocused=true isVisible=true isVisibleRequested=true isTopActivityNoDisplay=false isSleeping=false locusId=null displayAreaFeatureId=1 isTopActivityTransparent=false isActivityStackTransparent=true lastNonFullscreenBounds=Rect(284, 660 - 796, 1740) capturedLink=null capturedLinkTimestamp=0 requestedVisibleTypes=-9 topActivityRequestOpenInBrowserEducationTimestamp=0 appCompatTaskInfo=AppCompatTaskInfo { topActivityInSizeCompat=false eligibleForLetterboxEducation= false isLetterboxEducationEnabled= false isLetterboxDoubleTapEnabled= false eligibleForUserAspectRatioButton= false topActivityBoundsLetterboxed= false isFromLetterboxDoubleTap= false topActivityLetterboxVerticalPosition= -1 topActivityLetterboxHorizontalPosition= -1 topActivityLetterboxWidth=-1 topActivityLetterboxHeight=-1 topActivityAppBounds=Rect(0, 0 - 0, 0) isUserFullscreenOverrideEnabled=false isSystemFullscreenOverrideEnabled=false hasMinAspectRatioOverride=false topActivityLetterboxBounds=null cameraCompatTaskInfo=CameraCompatTaskInfo { freeformCameraCompatMode=undefined}} topActivityMainWindowFrame=null}, pipChange = null, remoteTransition = null, displayChange = null, flags = 0, debugId = 91 }
08-19 17:52:34.267   631   661 V WindowManager:         {WCT{RemoteToken{5d482a5 Task{a341dc3 #21 type=standard I=com.bitcoinz.wallet/com.example.flutter_app.MainActivity}}} m=CLOSE f=NONE leash=Surface(name=Task=21)/@0xa09bd04 sb=Rect(0, 0 - 1080, 2400) eb=Rect(0, 0 - 1080, 2400) epz=Point(1080, 2400) d=0 taskParent=-1},
08-19 17:52:36.687   631  3384 W WindowManager: Exception thrown during dispatchAppVisibility Window{b351914 u0 com.bitcoinz.wallet/com.example.flutter_app.MainActivity EXITING}
08-19 17:52:54.129   631   664 D NativeLibraryHelper: Punching extracted elf file libflutter.so on fs:61267
08-19 17:52:55.772   631   664 D NativeLibraryHelper: Punching extracted elf file libbitcoinz_wallet_rust.so on fs:61267
08-19 17:52:55.814   631   749 D InstallDependencyHelper: No missing dependency for com.bitcoinz.wallet
08-19 17:52:56.172   631   696 I PackageManager: Update package com.bitcoinz.wallet code path from /data/app/~~hKy_7CjFFdX5tFUlO2EXng==/com.bitcoinz.wallet-mMTRaGLXyl24IPZm5FTbUQ== to /data/app/vmdl651303799.tmp; Retain data and using new
08-19 17:52:56.602   631   671 I ActivityManager: Force stopping com.bitcoinz.wallet appid=10214 user=-1: installPackageLI
08-19 17:52:56.820   631   696 I PackageManager: installation completed for package:com.bitcoinz.wallet. Final code path: /data/app/~~39VHsczOKznTp5Rr9LnTpQ==/com.bitcoinz.wallet-mxQi-tF9HG5TLKSssYnBbQ==
08-19 17:52:56.864   631   696 I ActivityManager: Force stopping com.bitcoinz.wallet appid=10214 user=0: pkg removed
08-19 17:52:57.222  1228  1494 I SatelliteAppTracker: onPackageUpdateFinished : com.bitcoinz.wallet
08-19 17:52:57.249  1228  1494 I SatelliteAppTracker: onPackageModified : com.bitcoinz.wallet
08-19 17:52:57.348   631  1024 I SdkSandboxManager: No SDKs used. Skipping SDK data reconcilation for CallingInfo{mUid=10214, mPackageName='com.bitcoinz.wallet, mAppProcessToken='null'}
08-19 17:52:57.351   631   631 D ActivityManager: sync unfroze 2043 com.android.keychain for 10
08-19 17:52:57.376   631   631 D ActivityManager: sync unfroze 1348 com.android.settings for 10
08-19 17:52:57.382   631   631 D ActivityManager: sync unfroze 3971 com.android.dynsystem:dynsystem for 10
08-19 17:52:57.393   631   631 D ActivityManager: sync unfroze 3936 com.android.dynsystem for 10
08-19 17:52:57.405   631  1013 D ShortcutService: replacing package: com.bitcoinz.wallet userId=0
08-19 17:52:57.487  1282  1282 D ActivityThread: Package [com.bitcoinz.wallet] reported as REPLACED, but missing application info. Assuming REMOVED.
08-19 17:52:57.491  7813  7813 D ActivityThread: Package [com.bitcoinz.wallet] reported as REPLACED, but missing application info. Assuming REMOVED.
08-19 17:52:57.505  1627  1627 D ActivityThread: Package [com.bitcoinz.wallet] reported as REPLACED, but missing application info. Assuming REMOVED.
08-19 17:52:57.510  9109  9109 D ActivityThread: Package [com.bitcoinz.wallet] reported as REPLACED, but missing application info. Assuming REMOVED.
08-19 17:52:57.519  1348  1348 D ActivityThread: Package [com.bitcoinz.wallet] reported as REPLACED, but missing application info. Assuming REMOVED.
08-19 17:52:57.523  1632  1632 D ActivityThread: Package [com.bitcoinz.wallet] reported as REPLACED, but missing application info. Assuming REMOVED.
08-19 17:52:57.571  2043  2043 D ActivityThread: Package [com.bitcoinz.wallet] reported as REPLACED, but missing application info. Assuming REMOVED.
08-19 17:52:57.582  4965  4965 D ActivityThread: Package [com.bitcoinz.wallet] reported as REPLACED, but missing application info. Assuming REMOVED.
08-19 17:52:57.594  8200  8200 D ActivityThread: Package [com.bitcoinz.wallet] reported as REPLACED, but missing application info. Assuming REMOVED.
08-19 17:52:57.602  3971  3971 D ActivityThread: Package [com.bitcoinz.wallet] reported as REPLACED, but missing application info. Assuming REMOVED.
08-19 17:52:57.610  3936  3936 D ActivityThread: Package [com.bitcoinz.wallet] reported as REPLACED, but missing application info. Assuming REMOVED.
08-19 17:52:57.616  5739  5739 D ActivityThread: Package [com.bitcoinz.wallet] reported as REPLACED, but missing application info. Assuming REMOVED.
08-19 17:52:57.644  1282  1282 D ActivityThread: Package [com.bitcoinz.wallet] reported as REPLACED, but missing application info. Assuming REMOVED.
08-19 17:52:57.645   631   808 W PackageConfigPersister: App-specific configuration not found for packageName: com.bitcoinz.wallet and userId: 0
08-19 17:52:57.651  7813  7813 D ActivityThread: Package [com.bitcoinz.wallet] reported as REPLACED, but missing application info. Assuming REMOVED.
08-19 17:52:57.655  2043  2043 D ActivityThread: Package [com.bitcoinz.wallet] reported as REPLACED, but missing application info. Assuming REMOVED.
08-19 17:52:57.659  1348  1348 D ActivityThread: Package [com.bitcoinz.wallet] reported as REPLACED, but missing application info. Assuming REMOVED.
08-19 17:52:57.679  1672  1672 D ActivityThread: Package [com.bitcoinz.wallet] reported as REPLACED, but missing application info. Assuming REMOVED.
08-19 17:52:57.685  1627  1627 D ActivityThread: Package [com.bitcoinz.wallet] reported as REPLACED, but missing application info. Assuming REMOVED.
08-19 17:52:57.686  8200  8200 D ActivityThread: Package [com.bitcoinz.wallet] reported as REPLACED, but missing application info. Assuming REMOVED.
08-19 17:52:57.693  9109  9109 D ActivityThread: Package [com.bitcoinz.wallet] reported as REPLACED, but missing application info. Assuming REMOVED.
08-19 17:52:57.734  1219  1219 D ActivityThread: Package [com.bitcoinz.wallet] reported as REPLACED, but missing application info. Assuming REMOVED.
08-19 17:52:57.735  1170  1170 D ActivityThread: Package [com.bitcoinz.wallet] reported as REPLACED, but missing application info. Assuming REMOVED.
08-19 17:52:57.738  1057  1057 D ActivityThread: Package [com.bitcoinz.wallet] reported as REPLACED, but missing application info. Assuming REMOVED.
08-19 17:52:57.739  1632  1632 D ActivityThread: Package [com.bitcoinz.wallet] reported as REPLACED, but missing application info. Assuming REMOVED.
08-19 17:52:57.768  4965  4965 D ActivityThread: Package [com.bitcoinz.wallet] reported as REPLACED, but missing application info. Assuming REMOVED.
08-19 17:52:57.782  3936  3936 D ActivityThread: Package [com.bitcoinz.wallet] reported as REPLACED, but missing application info. Assuming REMOVED.
08-19 17:52:57.783  3971  3971 D ActivityThread: Package [com.bitcoinz.wallet] reported as REPLACED, but missing application info. Assuming REMOVED.
08-19 17:52:57.814  1672  1672 D ActivityThread: Package [com.bitcoinz.wallet] reported as REPLACED, but missing application info. Assuming REMOVED.
08-19 17:52:57.818  1057  1057 D ActivityThread: Package [com.bitcoinz.wallet] reported as REPLACED, but missing application info. Assuming REMOVED.
08-19 17:52:57.855  1170  1170 D ActivityThread: Package [com.bitcoinz.wallet] reported as REPLACED, but missing application info. Assuming REMOVED.
08-19 17:52:57.857  5739  5739 D ActivityThread: Package [com.bitcoinz.wallet] reported as REPLACED, but missing application info. Assuming REMOVED.
08-19 17:52:57.903  1219  1219 D ActivityThread: Package [com.bitcoinz.wallet] reported as REPLACED, but missing application info. Assuming REMOVED.
08-19 17:52:57.977   631  1024 I SdkSandboxManager: No SDKs used. Skipping SDK data reconcilation for CallingInfo{mUid=10214, mPackageName='com.bitcoinz.wallet, mAppProcessToken='null'}
08-19 17:52:58.117  4624  4624 D ActivityThread: Package [com.bitcoinz.wallet] reported as REPLACED, but missing application info. Assuming REMOVED.
08-19 17:52:58.142  4624  4624 D ActivityThread: Package [com.bitcoinz.wallet] reported as REPLACED, but missing application info. Assuming REMOVED.
08-19 17:52:58.277  1228  1228 D CarrierSvcBindHelper: onPackageUpdateFinished: com.bitcoinz.wallet
08-19 17:52:58.305   631   671 D ActivityManager: sync unfroze 8015 com.android.vending for 3
08-19 17:52:58.313   631   631 I Telecom : CarModeTracker: Package com.bitcoinz.wallet is not tracked.: SSH.oR@Aes
08-19 17:52:58.355  1228  1228 D CarrierSvcBindHelper: onPackageModified: com.bitcoinz.wallet
08-19 17:52:58.453   631   671 D ActivityManager: sync unfroze 7148 com.android.vending:background for 3
08-19 17:52:58.487   631   671 D ActivityManager: sync unfroze 1122 com.google.android.permissioncontroller for 3
08-19 17:52:58.631  1122  1122 D ActivityThread: Package [com.bitcoinz.wallet] reported as REPLACED, but missing application info. Assuming REMOVED.
08-19 17:52:58.656  1122  1122 D ActivityThread: Package [com.bitcoinz.wallet] reported as REPLACED, but missing application info. Assuming REMOVED.
08-19 17:52:58.682  8015  8015 D ActivityThread: Package [com.bitcoinz.wallet] reported as REPLACED, but missing application info. Assuming REMOVED.
08-19 17:52:58.725  8015  8015 D ActivityThread: Package [com.bitcoinz.wallet] reported as REPLACED, but missing application info. Assuming REMOVED.
08-19 17:52:58.871  7148  7148 D ActivityThread: Package [com.bitcoinz.wallet] reported as REPLACED, but missing application info. Assuming REMOVED.
08-19 17:52:58.906  7148  7148 D ActivityThread: Package [com.bitcoinz.wallet] reported as REPLACED, but missing application info. Assuming REMOVED.
08-19 17:52:58.919  1122  1122 I SafetyLabelChangedBroadcastReceiver: received broadcast packageName: com.bitcoinz.wallet, current user: UserHandle{0}, packageChangeEvent: UPDATE, intent user: UserHandle{0}
08-19 17:52:59.524  7148  7148 I Finsky:background: [2] IQ: onPackageRemoved com.bitcoinz.wallet, replacing=true, uninstallingFromPlay=false
08-19 17:52:59.725  1228  1482 D ImsResolver: maybeAddedImsService, packageName: com.bitcoinz.wallet
08-19 17:52:59.918  1228  1482 V ImsResolver: searchForImsServices: package=com.bitcoinz.wallet, users=[UserHandle{0}]
08-19 17:52:59.934  1228  1482 V ImsResolver: searchForImsServices: package=com.bitcoinz.wallet, users=[UserHandle{0}]
08-19 17:53:00.157  1632  1632 D PickerSyncLockManager: Trying to acquire lock com.android.providers.media.photopicker.sync.CloseableReentrantLock@8f469b9[Unlocked]. Lock Name = CLOUD_PROVIDER_LOCK. Threads that may be waiting to acquire this lock = []
08-19 17:53:00.157  1632  1632 D CloseableReentrantLock: Successfully acquired lock com.android.providers.media.photopicker.sync.CloseableReentrantLock@8f469b9[Locked by thread main]. Lock Name = CLOUD_PROVIDER_LOCK. Threads that may be waiting to acquire this lock = []
08-19 17:53:00.158  1632  1632 D CloseableReentrantLock: Successfully released lock com.android.providers.media.photopicker.sync.CloseableReentrantLock@8f469b9[Unlocked]. Lock Name = CLOUD_PROVIDER_LOCK. Threads that may be waiting to acquire this lock = []
08-19 17:53:00.771  7148  7226 I Finsky:background: [65] RECEIVER_PACKAGE_MONITOR_BACKGROUND#logWorkEndAndFinishGoAsync: SUCCESS
08-19 17:53:01.509  8015  8057 I Finsky  : [57] RECEIVER_PACKAGE_MONITOR#logWorkEndAndFinishGoAsync: SUCCESS
08-19 17:53:01.651   631  1930 I ActivityTaskManager: START u0 {act=android.intent.action.MAIN cat=[android.intent.category.LAUNCHER] flg=0x30000000 xflg=0x4 cmp=com.bitcoinz.wallet/com.example.flutter_app.MainActivity (has extras)} with LAUNCH_SINGLE_TOP from uid 2000 (BAL_ALLOW_PERMISSION) result code=0
08-19 17:53:01.714  1057  1091 V WindowManagerShell: Transition requested (#92): android.os.BinderProxy@72d66df TransitionRequestInfo { type = OPEN, triggerTask = TaskInfo{userId=0 taskId=22 effectiveUid=10214 displayId=0 isRunning=true baseIntent=Intent { act=android.intent.action.MAIN cat=[android.intent.category.LAUNCHER] flg=0x30000000 cmp=com.bitcoinz.wallet/com.example.flutter_app.MainActivity } baseActivity=ComponentInfo{com.bitcoinz.wallet/com.example.flutter_app.MainActivity} topActivity=ComponentInfo{com.bitcoinz.wallet/com.example.flutter_app.MainActivity} origActivity=null realActivity=ComponentInfo{com.bitcoinz.wallet/com.example.flutter_app.MainActivity} numActivities=1 lastActiveTime=8285416 supportsMultiWindow=true resizeMode=1 isResizeable=true minWidth=-1 minHeight=-1 defaultMinSize=220 token=WCT{android.window.IWindowContainerToken$Stub$Proxy@326ef2c} topActivityType=1 pictureInPictureParams=null shouldDockBigOverlays=false launchIntoPipHostTaskId=-1 lastParentTaskIdBeforePip=-1 displayCutoutSafeInsets=Rect(0, 0 - 0, 0) topActivityInfo=ActivityInfo{c7b6df5 com.example.flutter_app.MainActivity} launchCookies=[] positionInParent=Point(0, 0) parentTaskId=-1 isFocused=false isVisible=false isVisibleRequested=false isTopActivityNoDisplay=false isSleeping=false locusId=null displayAreaFeatureId=1 isTopActivityTransparent=false isActivityStackTransparent=false lastNonFullscreenBounds=Rect(284, 660 - 796, 1740) capturedLink=null capturedLinkTimestamp=0 requestedVisibleTypes=-9 topActivityRequestOpenInBrowserEducationTimestamp=0 appCompatTaskInfo=AppCompatTaskInfo { topActivityInSizeCompat=false eligibleForLetterboxEducation= false isLetterboxEducationEnabled= true isLetterboxDoubleTapEnabled= false eligibleForUserAspectRatioButton= false topActivityBoundsLetterboxed= false isFromLetterboxDoubleTap= false topActivityLetterboxVerticalPosition= -1 topActivityLetterboxHorizontalPosition= -1 topActivityLetterboxWidth=-1 topActivityLetterboxHeight=-1 topActivityAppBounds=Rect(0, 0 - 1080, 2400) isUserFullscreenOverrideEnabled=false isSystemFullscreenOverrideEnabled=false hasMinAspectRatioOverride=false topActivityLetterboxBounds=null cameraCompatTaskInfo=CameraCompatTaskInfo { freeformCameraCompatMode=inactive}} topActivityMainWindowFrame=null}, pipChange = null, remoteTransition = null, displayChange = null, flags = 0, debugId = 92 }
08-19 17:53:02.015  1228  1228 W VvmPkgInstalledRcvr: carrierVvmPkgAdded: carrier vvm packages doesn't contain com.bitcoinz.wallet
08-19 17:53:02.121  1228  1228 D ActivityThread: Package [com.bitcoinz.wallet] reported as REPLACED, but missing application info. Assuming REMOVED.
08-19 17:53:02.168  1228  1228 D ActivityThread: Package [com.bitcoinz.wallet] reported as REPLACED, but missing application info. Assuming REMOVED.
08-19 17:53:02.232   631   631 W AlarmManager: Package com.bitcoinz.wallet, uid 10214 lost permission to set exact alarms!
08-19 17:53:02.625  1228  1228 D SatelliteController: packageStateChanged: package:com.bitcoinz.wallet DefaultSmsPackageName:com.google.android.apps.messaging
08-19 17:53:02.641   631   672 I ActivityManager: Start proc 22583:com.bitcoinz.wallet/u0a214 for next-top-activity {com.bitcoinz.wallet/com.example.flutter_app.MainActivity}
08-19 17:53:02.784 22583 22583 I bitcoinz.wallet: Late-enabling -Xcheck:jni
08-19 17:53:03.029   631   751 D ActivityManager: sync unfroze 8328 com.google.android.googlequicksearchbox:search for 6
08-19 17:53:03.415 22583 22583 I bitcoinz.wallet: Using CollectorTypeCMC GC.
08-19 17:53:03.778   631  2900 D CoreBackPreview: Window{1a3fb8 u0 Splash Screen com.bitcoinz.wallet}: Setting back callback OnBackInvokedCallbackInfo{mCallback=android.window.IOnBackInvokedCallback$Stub$Proxy@c0f9f64, mPriority=0, mIsAnimationCallback=false, mOverrideBehavior=0}
08-19 17:53:03.936  8328  8328 D ActivityThread: Package [com.bitcoinz.wallet] reported as REPLACED, but missing application info. Assuming REMOVED.
08-19 17:53:03.969  8328  8328 D ActivityThread: Package [com.bitcoinz.wallet] reported as REPLACED, but missing application info. Assuming REMOVED.
08-19 17:53:04.844  1057  5053 I HWUI    : Davey! duration=1363ms; Flags=1, FrameTimelineVsyncId=1922959, IntendedVsync=8287279283918, Vsync=8287562617240, InputEventId=0, HandleInputStart=8287566518743, AnimationStart=8287566519868, PerformTraversalsStart=8287566581243, DrawStart=8287777767368, FrameDeadline=8287295950584, FrameStartTime=8287564356326, FrameInterval=16666666, WorkloadTarget=16666666, SyncQueued=8287780373076, SyncStart=8287783408201, IssueDrawCommandsStart=8288467115618, SwapBuffers=8288546830701, FrameCompleted=8288645954368, DequeueBufferDuration=34875, QueueBufferDuration=52908584, GpuCompleted=8288612913743, SwapBuffersCompleted=8288645954368, DisplayPresentTime=0, CommandSubmissionCompleted=8288546830701, 
08-19 17:53:05.032   631   661 V WindowManager: Sent Transition (#92) createdAt=08-19 17:53:01.101 via request=TransitionRequestInfo { type = OPEN, triggerTask = TaskInfo{userId=0 taskId=22 effectiveUid=10214 displayId=0 isRunning=true baseIntent=Intent { act=android.intent.action.MAIN cat=[android.intent.category.LAUNCHER] flg=0x30000000 cmp=com.bitcoinz.wallet/com.example.flutter_app.MainActivity } baseActivity=ComponentInfo{com.bitcoinz.wallet/com.example.flutter_app.MainActivity} topActivity=ComponentInfo{com.bitcoinz.wallet/com.example.flutter_app.MainActivity} origActivity=null realActivity=ComponentInfo{com.bitcoinz.wallet/com.example.flutter_app.MainActivity} numActivities=1 lastActiveTime=8285416 supportsMultiWindow=true resizeMode=1 isResizeable=true minWidth=-1 minHeight=-1 defaultMinSize=220 token=WCT{RemoteToken{2a785e2 Task{195bf86 #22 type=standard I=com.bitcoinz.wallet/com.example.flutter_app.MainActivity}}} topActivityType=1 pictureInPictureParams=null shouldDockBigOverlays=false launchIntoPipHostTaskId=-1 lastParentTaskIdBeforePip=-1 displayCutoutSafeInsets=Rect(0, 0 - 0, 0) topActivityInfo=ActivityInfo{aeb0d73 com.example.flutter_app.MainActivity} launchCookies=[] positionInParent=Point(0, 0) parentTaskId=-1 isFocused=false isVisible=false isVisibleRequested=false isTopActivityNoDisplay=false isSleeping=false locusId=null displayAreaFeatureId=1 isTopActivityTransparent=false isActivityStackTransparent=false lastNonFullscreenBounds=Rect(284, 660 - 796, 1740) capturedLink=null capturedLinkTimestamp=0 requestedVisibleTypes=-9 topActivityRequestOpenInBrowserEducationTimestamp=0 appCompatTaskInfo=AppCompatTaskInfo { topActivityInSizeCompat=false eligibleForLetterboxEducation= false isLetterboxEducationEnabled= true isLetterboxDoubleTapEnabled= false eligibleForUserAspectRatioButton= false topActivityBoundsLetterboxed= false isFromLetterboxDoubleTap= false topActivityLetterboxVerticalPosition= -1 topActivityLetterboxHorizontalPosition= -1 topActivityLetterboxWidth=-1 topActivityLetterboxHeight=-1 topActivityAppBounds=Rect(0, 0 - 1080, 2400) isUserFullscreenOverrideEnabled=false isSystemFullscreenOverrideEnabled=false hasMinAspectRatioOverride=false topActivityLetterboxBounds=null cameraCompatTaskInfo=CameraCompatTaskInfo { freeformCameraCompatMode=inactive}} topActivityMainWindowFrame=null}, pipChange = null, remoteTransition = null, displayChange = null, flags = 0, debugId = 92 }
08-19 17:53:05.102   631   661 V WindowManager:         {WCT{RemoteToken{2a785e2 Task{195bf86 #22 type=standard I=com.bitcoinz.wallet/com.example.flutter_app.MainActivity}}} m=OPEN f=NONE leash=Surface(name=Task=22)/@0x96ffa18 sb=Rect(0, 0 - 1080, 2400) eb=Rect(0, 0 - 1080, 2400) epz=Point(1080, 2400) d=0 taskParent=-1},
08-19 17:53:05.249   631  1919 D ActivityManager: sync unfroze 8830 com.google.android.gms for 6
08-19 17:53:05.361   631  1919 D ActivityManager: sync unfroze 8004 com.google.android.gms.unstable for 6
08-19 17:53:06.678 22583 22583 D nativeloader: Configuring clns-9 for other apk /data/app/~~39VHsczOKznTp5Rr9LnTpQ==/com.bitcoinz.wallet-mxQi-tF9HG5TLKSssYnBbQ==/base.apk. target_sdk_version=35, uses_libraries=, library_path=/data/app/~~39VHsczOKznTp5Rr9LnTpQ==/com.bitcoinz.wallet-mxQi-tF9HG5TLKSssYnBbQ==/lib/arm64:/data/app/~~39VHsczOKznTp5Rr9LnTpQ==/com.bitcoinz.wallet-mxQi-tF9HG5TLKSssYnBbQ==/base.apk!/lib/arm64-v8a, permitted_path=/data:/mnt/expand:/data/user/0/com.bitcoinz.wallet
08-19 17:53:06.884 22583 22583 I bitcoinz.wallet: AssetManager2(0xb400007913798cb8) locale list changing from [] to [en-US]
08-19 17:53:07.832 22583 22583 V GraphicsEnvironment: com.bitcoinz.wallet is not listed in per-application setting
08-19 17:53:07.832 22583 22583 V GraphicsEnvironment: com.bitcoinz.wallet is not listed in ANGLE allowlist or settings, returning default
08-19 17:53:07.863  1057  1546 I HWUI    : Davey! duration=2695ms; Flags=0, FrameTimelineVsyncId=1923042, IntendedVsync=8288879283854, Vsync=8290162617136, InputEventId=0, HandleInputStart=8290171369494, AnimationStart=8290171370827, PerformTraversalsStart=8290531345827, DrawStart=8291461776745, FrameDeadline=8288895950520, FrameStartTime=8290168596536, FrameInterval=16666666, WorkloadTarget=16666666, SyncQueued=8291478315786, SyncStart=8291485477828, IssueDrawCommandsStart=8291487453328, SwapBuffers=8291550271911, FrameCompleted=8291581926661, DequeueBufferDuration=10667, QueueBufferDuration=2693959, GpuCompleted=8291581732286, SwapBuffersCompleted=8291581926661, DisplayPresentTime=0, CommandSubmissionCompleted=8291550271911, 
08-19 17:53:07.884  1057  1546 I HWUI    : Davey! duration=1058ms; Flags=0, FrameTimelineVsyncId=1923075, IntendedVsync=8290545950454, Vsync=8291495950416, InputEventId=0, HandleInputStart=8291521230286, AnimationStart=8291521231620, PerformTraversalsStart=8291538549536, DrawStart=8291538649453, FrameDeadline=8291612617078, FrameStartTime=8291506703036, FrameInterval=16666666, WorkloadTarget=16666666, SyncQueued=8291539300536, SyncStart=8291630934161, IssueDrawCommandsStart=8291632654870, SwapBuffers=8291682974120, FrameCompleted=8291695671536, DequeueBufferDuration=4042, QueueBufferDuration=2209333, GpuCompleted=8291695594953, SwapBuffersCompleted=8291695671536, DisplayPresentTime=0, CommandSubmissionCompleted=8291682974120, 
08-19 17:53:08.179  8004  8004 D ActivityThread: Package [com.bitcoinz.wallet] reported as REPLACED, but missing application info. Assuming REMOVED.
08-19 17:53:08.199  8830  8830 D ActivityThread: Package [com.bitcoinz.wallet] reported as REPLACED, but missing application info. Assuming REMOVED.
08-19 17:53:08.305  8004  8004 D ActivityThread: Package [com.bitcoinz.wallet] reported as REPLACED, but missing application info. Assuming REMOVED.
08-19 17:53:08.313  8830  8830 D ActivityThread: Package [com.bitcoinz.wallet] reported as REPLACED, but missing application info. Assuming REMOVED.
08-19 17:53:09.388 22583 22583 I bitcoinz.wallet: AssetManager2(0xb4000079137a1c78) locale list changing from [] to [en-US]
08-19 17:53:09.511  1282  1300 D PackageUpdatedTask: Package updated: mOp=UPDATE packages=[com.bitcoinz.wallet], user=UserHandle{0}
08-19 17:53:10.071  1627 22609 I AiAiEcho: AppIndexer Package:[com.bitcoinz.wallet] UserProfile:[0] Enabled:[true].
08-19 17:53:10.071  1627 22609 I AiAiEcho: AppFetcherImplV2 updateApps package:[com.bitcoinz.wallet], userId:[0], reason:[package is updated.].
08-19 17:53:11.044  9109 22608 I ProximityAuth: [RecentAppsMediator] Package added: (user=UserHandle{0}) com.bitcoinz.wallet
08-19 17:53:11.667 22583 22613 D nativeloader: Load /data/app/~~39VHsczOKznTp5Rr9LnTpQ==/com.bitcoinz.wallet-mxQi-tF9HG5TLKSssYnBbQ==/lib/arm64/libflutter.so using class loader ns clns-9 (caller=/data/app/~~39VHsczOKznTp5Rr9LnTpQ==/com.bitcoinz.wallet-mxQi-tF9HG5TLKSssYnBbQ==/base.apk): ok
08-19 17:53:15.061  8830 22627 W SQLiteLog: (28) double-quoted string literal: "com.bitcoinz.wallet"
08-19 17:53:18.920 22583 22614 I ResourceExtractor: Extracted baseline resource assets/flutter_assets/kernel_blob.bin
08-19 17:53:18.936 22583 22614 I ResourceExtractor: Extracted baseline resource assets/flutter_assets/vm_snapshot_data
08-19 17:53:19.730 22583 22614 I ResourceExtractor: Extracted baseline resource assets/flutter_assets/isolate_snapshot_data
08-19 17:53:19.875 22583 22583 I bitcoinz.wallet: AssetManager2(0xb4000079137a5e18) locale list changing from [] to [en-US]
08-19 17:53:19.996 22583 22583 W bitcoinz.wallet: type=1400 audit(0.0:212): avc:  denied  { read } for  name="max_map_count" dev="proc" ino=87279 scontext=u:r:untrusted_app:s0:c214,c256,c512,c768 tcontext=u:object_r:proc_max_map_count:s0 tclass=file permissive=0 app=com.bitcoinz.wallet
08-19 17:53:20.170   631   773 D ActivityManager: sync unfroze 8015 com.android.vending for 6
08-19 17:53:20.571 22583 22583 I flutter : [IMPORTANT:flutter/shell/platform/android/android_context_gl_impeller.cc(94)] Using the Impeller rendering backend (OpenGLES).
08-19 17:53:21.613 22583 22644 I flutter : The Dart VM service is listening on http://127.0.0.1:40385/0xMY9guUwTg=/
08-19 17:53:23.198  8015 22645 I Finsky  : [389] Completed 0 account content syncs with 0 successful.
08-19 17:53:27.348 22583 22583 I bitcoinz.wallet: hiddenapi: Accessing hidden method Landroid/view/accessibility/AccessibilityNodeInfo;->getSourceNodeId()J (runtime_flags=0, domain=platform, api=unsupported,test-api) from Lio/flutter/view/AccessibilityViewEmbedder$ReflectionAccessors; (domain=app) using reflection: allowed
08-19 17:53:27.348 22583 22583 I bitcoinz.wallet: hiddenapi: Accessing hidden method Landroid/view/accessibility/AccessibilityRecord;->getSourceNodeId()J (runtime_flags=0, domain=platform, api=unsupported) from Lio/flutter/view/AccessibilityViewEmbedder$ReflectionAccessors; (domain=app) using reflection: allowed
08-19 17:53:27.348 22583 22583 I bitcoinz.wallet: hiddenapi: Accessing hidden field Landroid/view/accessibility/AccessibilityNodeInfo;->mChildNodeIds:Landroid/util/LongArray; (runtime_flags=0, domain=platform, api=unsupported) from Lio/flutter/view/AccessibilityViewEmbedder$ReflectionAccessors; (domain=app) using reflection: allowed
08-19 17:53:27.354 22583 22583 I bitcoinz.wallet: hiddenapi: Accessing hidden method Landroid/util/LongArray;->get(I)J (runtime_flags=0, domain=platform, api=unsupported) from Lio/flutter/view/AccessibilityViewEmbedder$ReflectionAccessors; (domain=app) using reflection: allowed
08-19 17:53:29.735 22583 22655 D ProfileInstaller: Installing profile for com.bitcoinz.wallet
08-19 17:53:30.589   631  1095 D CoreBackPreview: Window{c80015f u0 com.bitcoinz.wallet/com.example.flutter_app.MainActivity}: Setting back callback OnBackInvokedCallbackInfo{mCallback=android.window.IOnBackInvokedCallback$Stub$Proxy@d1d48fc, mPriority=0, mIsAnimationCallback=false, mOverrideBehavior=0}
08-19 17:53:34.930 22583 22583 D WindowLayoutComponentImpl: Register WindowLayoutInfoListener on Context=com.example.flutter_app.MainActivity@b17a278, of which baseContext=android.app.ContextImpl@b72eb42
08-19 17:53:35.420 22583 22588 I bitcoinz.wallet: Background concurrent mark compact GC freed 2562KB AllocSpace bytes, 5(100KB) LOS objects, 49% free, 2603KB/5206KB, paused 1.792ms,7.161ms total 1.065s
08-19 17:53:35.789 22583 22583 I flutter : ðŸ’¾ StorageService: Using flutter_secure_storage
08-19 17:53:36.165 22583 22583 I flutter : [38;5;12mâ”Œâ”€â”€â”€â”€â”€â”€â”€â”€â”€â”€â”€â”€â”€â”€â”€â”€â”€â”€â”€â”€â”€â”€â”€â”€â”€â”€â”€â”€â”€â”€â”€â”€â”€â”€â”€â”€â”€â”€â”€â”€â”€â”€â”€â”€â”€â”€â”€â”€â”€â”€â”€â”€â”€â”€â”€â”€â”€â”€â”€â”€â”€â”€â”€â”€â”€â”€â”€â”€â”€â”€â”€â”€â”€â”€â”€â”€â”€â”€â”€â”€â”€â”€â”€â”€â”€â”€â”€â”€â”€â”€â”€â”€â”€â”€â”€â”€â”€â”€â”€â”€â”€â”€â”€â”€â”€â”€â”€â”€â”€â”€â”€â”€â”€â”€â”€â”€â”€â”€â”€[0m
08-19 17:53:36.165 22583 22583 I flutter : [38;5;12mâ”‚ #0   main (package:bitcoinz_black_amber/main.dart:27:12)[0m
08-19 17:53:36.165 22583 22583 I flutter : [38;5;12mâ”‚ #1   <asynchronous suspension>[0m
08-19 17:53:36.165 22583 22583 I flutter : [38;5;12mâ”œâ”„â”„â”„â”„â”„â”„â”„â”„â”„â”„â”„â”„â”„â”„â”„â”„â”„â”„â”„â”„â”„â”„â”„â”„â”„â”„â”„â”„â”„â”„â”„â”„â”„â”„â”„â”„â”„â”„â”„â”„â”„â”„â”„â”„â”„â”„â”„â”„â”„â”„â”„â”„â”„â”„â”„â”„â”„â”„â”„â”„â”„â”„â”„â”„â”„â”„â”„â”„â”„â”„â”„â”„â”„â”„â”„â”„â”„â”„â”„â”„â”„â”„â”„â”„â”„â”„â”„â”„â”„â”„â”„â”„â”„â”„â”„â”„â”„â”„â”„â”„â”„â”„â”„â”„â”„â”„â”„â”„â”„â”„â”„â”„â”„â”„â”„â”„â”„â”„â”„[0m
08-19 17:53:36.165 22583 22583 I flutter : [38;5;12mâ”‚ ðŸ’¡ Storage service initialized: flutter_secure_storage[0m
08-19 17:53:36.165 22583 22583 I flutter : [38;5;12mâ””â”€â”€â”€â”€â”€â”€â”€â”€â”€â”€â”€â”€â”€â”€â”€â”€â”€â”€â”€â”€â”€â”€â”€â”€â”€â”€â”€â”€â”€â”€â”€â”€â”€â”€â”€â”€â”€â”€â”€â”€â”€â”€â”€â”€â”€â”€â”€â”€â”€â”€â”€â”€â”€â”€â”€â”€â”€â”€â”€â”€â”€â”€â”€â”€â”€â”€â”€â”€â”€â”€â”€â”€â”€â”€â”€â”€â”€â”€â”€â”€â”€â”€â”€â”€â”€â”€â”€â”€â”€â”€â”€â”€â”€â”€â”€â”€â”€â”€â”€â”€â”€â”€â”€â”€â”€â”€â”€â”€â”€â”€â”€â”€â”€â”€â”€â”€â”€â”€â”€[0m
08-19 17:53:36.408 22583 22583 I flutter : [38;5;12mâ”Œâ”€â”€â”€â”€â”€â”€â”€â”€â”€â”€â”€â”€â”€â”€â”€â”€â”€â”€â”€â”€â”€â”€â”€â”€â”€â”€â”€â”€â”€â”€â”€â”€â”€â”€â”€â”€â”€â”€â”€â”€â”€â”€â”€â”€â”€â”€â”€â”€â”€â”€â”€â”€â”€â”€â”€â”€â”€â”€â”€â”€â”€â”€â”€â”€â”€â”€â”€â”€â”€â”€â”€â”€â”€â”€â”€â”€â”€â”€â”€â”€â”€â”€â”€â”€â”€â”€â”€â”€â”€â”€â”€â”€â”€â”€â”€â”€â”€â”€â”€â”€â”€â”€â”€â”€â”€â”€â”€â”€â”€â”€â”€â”€â”€â”€â”€â”€â”€â”€â”€[0m
08-19 17:53:36.408 22583 22583 I flutter : [38;5;12mâ”‚ #0   main (package:bitcoinz_black_amber/main.dart:44:14)[0m
08-19 17:53:36.408 22583 22583 I flutter : [38;5;12mâ”‚ #1   <asynchronous suspension>[0m
08-19 17:53:36.408 22583 22583 I flutter : [38;5;12mâ”œâ”„â”„â”„â”„â”„â”„â”„â”„â”„â”„â”„â”„â”„â”„â”„â”„â”„â”„â”„â”„â”„â”„â”„â”„â”„â”„â”„â”„â”„â”„â”„â”„â”„â”„â”„â”„â”„â”„â”„â”„â”„â”„â”„â”„â”„â”„â”„â”„â”„â”„â”„â”„â”„â”„â”„â”„â”„â”„â”„â”„â”„â”„â”„â”„â”„â”„â”„â”„â”„â”„â”„â”„â”„â”„â”„â”„â”„â”„â”„â”„â”„â”„â”„â”„â”„â”„â”„â”„â”„â”„â”„â”„â”„â”„â”„â”„â”„â”„â”„â”„â”„â”„â”„â”„â”„â”„â”„â”„â”„â”„â”„â”„â”„â”„â”„â”„â”„â”„â”„[0m
08-19 17:53:36.408 22583 22583 I flutter : [38;5;12mâ”‚ ðŸ’¡ ðŸ¦€ Rust bridge initialized for mempool monitoring[0m
08-19 17:53:36.408 22583 22583 I flutter : [38;5;12mâ””â”€â”€â”€â”€â”€â”€â”€â”€â”€â”€â”€â”€â”€â”€â”€â”€â”€â”€â”€â”€â”€â”€â”€â”€â”€â”€â”€â”€â”€â”€â”€â”€â”€â”€â”€â”€â”€â”€â”€â”€â”€â”€â”€â”€â”€â”€â”€â”€â”€â”€â”€â”€â”€â”€â”€â”€â”€â”€â”€â”€â”€â”€â”€â”€â”€â”€â”€â”€â”€â”€â”€â”€â”€â”€â”€â”€â”€â”€â”€â”€â”€â”€â”€â”€â”€â”€â”€â”€â”€â”€â”€â”€â”€â”€â”€â”€â”€â”€â”€â”€â”€â”€â”€â”€â”€â”€â”€â”€â”€â”€â”€â”€â”€â”€â”€â”€â”€â”€â”€[0m
08-19 17:53:36.523 22583 22583 I flutter : [38;5;12mâ”Œâ”€â”€â”€â”€â”€â”€â”€â”€â”€â”€â”€â”€â”€â”€â”€â”€â”€â”€â”€â”€â”€â”€â”€â”€â”€â”€â”€â”€â”€â”€â”€â”€â”€â”€â”€â”€â”€â”€â”€â”€â”€â”€â”€â”€â”€â”€â”€â”€â”€â”€â”€â”€â”€â”€â”€â”€â”€â”€â”€â”€â”€â”€â”€â”€â”€â”€â”€â”€â”€â”€â”€â”€â”€â”€â”€â”€â”€â”€â”€â”€â”€â”€â”€â”€â”€â”€â”€â”€â”€â”€â”€â”€â”€â”€â”€â”€â”€â”€â”€â”€â”€â”€â”€â”€â”€â”€â”€â”€â”€â”€â”€â”€â”€â”€â”€â”€â”€â”€â”€[0m
08-19 17:53:36.525 22583 22583 I flutter : [38;5;12mâ”‚ #0   BitcoinZService.initialize (package:bitcoinz_black_amber/services/bitcoinz_service.dart:139:15)[0m
08-19 17:53:36.526 22583 22583 I flutter : [38;5;12mâ”‚ #1   main (package:bitcoinz_black_amber/main.dart:54:36)[0m
08-19 17:53:36.526 22583 22583 I flutter : [38;5;12mâ”œâ”„â”„â”„â”„â”„â”„â”„â”„â”„â”„â”„â”„â”„â”„â”„â”„â”„â”„â”„â”„â”„â”„â”„â”„â”„â”„â”„â”„â”„â”„â”„â”„â”„â”„â”„â”„â”„â”„â”„â”„â”„â”„â”„â”„â”„â”„â”„â”„â”„â”„â”„â”„â”„â”„â”„â”„â”„â”„â”„â”„â”„â”„â”„â”„â”„â”„â”„â”„â”„â”„â”„â”„â”„â”„â”„â”„â”„â”„â”„â”„â”„â”„â”„â”„â”„â”„â”„â”„â”„â”„â”„â”„â”„â”„â”„â”„â”„â”„â”„â”„â”„â”„â”„â”„â”„â”„â”„â”„â”„â”„â”„â”„â”„â”„â”„â”„â”„â”„â”„[0m
08-19 17:53:36.526 22583 22583 I flutter : [38;5;12mâ”‚ ðŸ’¡ BitcoinZ service initialized successfully[0m
08-19 17:53:36.526 22583 22583 I flutter : [38;5;12mâ””â”€â”€â”€â”€â”€â”€â”€â”€â”€â”€â”€â”€â”€â”€â”€â”€â”€â”€â”€â”€â”€â”€â”€â”€â”€â”€â”€â”€â”€â”€â”€â”€â”€â”€â”€â”€â”€â”€â”€â”€â”€â”€â”€â”€â”€â”€â”€â”€â”€â”€â”€â”€â”€â”€â”€â”€â”€â”€â”€â”€â”€â”€â”€â”€â”€â”€â”€â”€â”€â”€â”€â”€â”€â”€â”€â”€â”€â”€â”€â”€â”€â”€â”€â”€â”€â”€â”€â”€â”€â”€â”€â”€â”€â”€â”€â”€â”€â”€â”€â”€â”€â”€â”€â”€â”€â”€â”€â”€â”€â”€â”€â”€â”€â”€â”€â”€â”€â”€â”€[0m
08-19 17:53:36.537 22583 22583 I flutter : [38;5;12mâ”Œâ”€â”€â”€â”€â”€â”€â”€â”€â”€â”€â”€â”€â”€â”€â”€â”€â”€â”€â”€â”€â”€â”€â”€â”€â”€â”€â”€â”€â”€â”€â”€â”€â”€â”€â”€â”€â”€â”€â”€â”€â”€â”€â”€â”€â”€â”€â”€â”€â”€â”€â”€â”€â”€â”€â”€â”€â”€â”€â”€â”€â”€â”€â”€â”€â”€â”€â”€â”€â”€â”€â”€â”€â”€â”€â”€â”€â”€â”€â”€â”€â”€â”€â”€â”€â”€â”€â”€â”€â”€â”€â”€â”€â”€â”€â”€â”€â”€â”€â”€â”€â”€â”€â”€â”€â”€â”€â”€â”€â”€â”€â”€â”€â”€â”€â”€â”€â”€â”€â”€[0m
08-19 17:53:36.537 22583 22583 I flutter : [38;5;12mâ”‚ #0   main (package:bitcoinz_black_amber/main.dart:55:12)[0m
08-19 17:53:36.537 22583 22583 I flutter : [38;5;12mâ”‚ #1   <asynchronous suspension>[0m
08-19 17:53:36.537 22583 22583 I flutter : [38;5;12mâ”œâ”„â”„â”„â”„â”„â”„â”„â”„â”„â”„â”„â”„â”„â”„â”„â”„â”„â”„â”„â”„â”„â”„â”„â”„â”„â”„â”„â”„â”„â”„â”„â”„â”„â”„â”„â”„â”„â”„â”„â”„â”„â”„â”„â”„â”„â”„â”„â”„â”„â”„â”„â”„â”„â”„â”„â”„â”„â”„â”„â”„â”„â”„â”„â”„â”„â”„â”„â”„â”„â”„â”„â”„â”„â”„â”„â”„â”„â”„â”„â”„â”„â”„â”„â”„â”„â”„â”„â”„â”„â”„â”„â”„â”„â”„â”„â”„â”„â”„â”„â”„â”„â”„â”„â”„â”„â”„â”„â”„â”„â”„â”„â”„â”„â”„â”„â”„â”„â”„â”„[0m
08-19 17:53:36.537 22583 22583 I flutter : [38;5;12mâ”‚ ðŸ’¡ BitcoinZ service initialized successfully[0m
08-19 17:53:36.537 22583 22583 I flutter : [38;5;12mâ””â”€â”€â”€â”€â”€â”€â”€â”€â”€â”€â”€â”€â”€â”€â”€â”€â”€â”€â”€â”€â”€â”€â”€â”€â”€â”€â”€â”€â”€â”€â”€â”€â”€â”€â”€â”€â”€â”€â”€â”€â”€â”€â”€â”€â”€â”€â”€â”€â”€â”€â”€â”€â”€â”€â”€â”€â”€â”€â”€â”€â”€â”€â”€â”€â”€â”€â”€â”€â”€â”€â”€â”€â”€â”€â”€â”€â”€â”€â”€â”€â”€â”€â”€â”€â”€â”€â”€â”€â”€â”€â”€â”€â”€â”€â”€â”€â”€â”€â”€â”€â”€â”€â”€â”€â”€â”€â”€â”€â”€â”€â”€â”€â”€â”€â”€â”€â”€â”€â”€[0m
08-19 17:53:42.993 22583 22583 I flutter : ðŸ”¨ Creating new BitcoinzRustService singleton instance
08-19 17:53:43.035 22583 22583 I flutter : ðŸ” AuthProvider._loadStoredData() - Starting storage reads...
08-19 17:53:43.035 22583 22583 I flutter :   Keys to read: has_wallet, wallet_id, biometrics_enabled, cli_wallet_imported
08-19 17:53:48.321  1057  1546 I HWUI    : Davey! duration=852ms; Flags=0, FrameTimelineVsyncId=1923738, IntendedVsync=8331129282164, Vsync=8331129282164, InputEventId=0, HandleInputStart=8331139121347, AnimationStart=8331139122430, PerformTraversalsStart=8331139122680, DrawStart=8331160557555, FrameDeadline=8331145948830, FrameStartTime=8331139070555, FrameInterval=16666666, WorkloadTarget=16666666, SyncQueued=8331456683180, SyncStart=8331459079555, IssueDrawCommandsStart=8331483548597, SwapBuffers=8331912700055, FrameCompleted=8331984384680, DequeueBufferDuration=28750, QueueBufferDuration=13272834, GpuCompleted=8331946203972, SwapBuffersCompleted=8331984384680, DisplayPresentTime=0, CommandSubmissionCompleted=8331912700055, 
08-19 17:53:48.372 22583 22583 I flutter : ðŸ“Š Unread memo count: 0 (from 0 total memos)
08-19 17:53:48.388 22583 22583 I flutter : ðŸ“± SharedPreferences initialized with 0 memo statuses
08-19 17:53:48.914 22583 22592 I HWUI    : Davey! duration=11986ms; Flags=1, FrameTimelineVsyncId=1923731, IntendedVsync=8320695949248, Vsync=8332279282118, InputEventId=0, HandleInputStart=8332285940639, AnimationStart=8332285945014, PerformTraversalsStart=8332286019222, DrawStart=8332411205347, FrameDeadline=8320712615914, FrameStartTime=8332280605389, FrameInterval=16666666, WorkloadTarget=16666666, SyncQueued=8332481565306, SyncStart=8332483495889, IssueDrawCommandsStart=8332491079556, SwapBuffers=8332626195889, FrameCompleted=8332684544597, DequeueBufferDuration=26804416, QueueBufferDuration=3294250, GpuCompleted=8332657585931, SwapBuffersCompleted=8332684544597, DisplayPresentTime=0, CommandSubmissionCompleted=8332626195889, 
08-19 17:53:49.685   631   661 I ActivityTaskManager: Displayed com.bitcoinz.wallet/com.example.flutter_app.MainActivity for user 0: +49s96ms
08-19 17:53:49.686   631   661 I ActivityTaskManager: Fully drawn com.bitcoinz.wallet/com.example.flutter_app.MainActivity: +49s96ms
08-19 17:53:50.616   631  1095 D CoreBackPreview: Window{1a3fb8 u0 Splash Screen com.bitcoinz.wallet EXITING}: Setting back callback null
08-19 17:53:53.229 22583 22583 I flutter : ðŸ” StorageService.read(secure): has_wallet = "true"
08-19 17:53:53.229 22583 22583 I flutter :   Read has_wallet: "true"
08-19 17:53:53.248 22583 22583 I flutter : ðŸ” StorageService.read(secure): wallet_id = "wallet_1755621149390"
08-19 17:53:53.248 22583 22583 I flutter :   Read wallet_id: "wallet_1755621149390"
