08-19 18:31:06.153 22583 22583 I flutter : ðŸ” checkConnectionStatus: hasWallet=false, _wallet=null, rustInitialized=true
08-19 18:31:11.201 22583 22583 I flutter : ðŸ” checkConnectionStatus: hasWallet=false, _wallet=null, rustInitialized=true
08-19 18:31:16.143 22583 22583 I flutter : ðŸ” checkConnectionStatus: hasWallet=false, _wallet=null, rustInitialized=true
08-19 18:31:18.060 22583 22583 I flutter : ðŸ”„ Full refresh via Rust...
08-19 18:31:18.060 22583 22583 I flutter : ðŸ”„ Syncing with network via Rust...
08-19 18:31:21.148 22583 22583 I flutter : ðŸ” checkConnectionStatus: hasWallet=false, _wallet=null, rustInitialized=true
08-19 18:31:26.144 22583 22583 I flutter : ðŸ” checkConnectionStatus: hasWallet=false, _wallet=null, rustInitialized=true
08-19 18:31:31.159 22583 22583 I flutter : ðŸ” checkConnectionStatus: hasWallet=false, _wallet=null, rustInitialized=true
08-19 18:39:54.399   631   671 D ActivityManager: sync unfroze 1348 com.android.settings for 10
08-19 18:39:54.402   631   671 D ActivityManager: sync unfroze 2043 com.android.keychain for 10
08-19 18:39:54.404   631   671 D ActivityManager: sync unfroze 3971 com.android.dynsystem:dynsystem for 10
08-19 18:39:54.406   631   671 D ActivityManager: sync unfroze 3936 com.android.dynsystem for 10
08-19 18:39:54.498   631   671 D ActivityManager: sync unfroze 2804 com.android.providers.calendar for 3
08-19 18:39:54.545   631   671 D ActivityManager: sync unfroze 8459 com.google.android.apps.messaging for 3
08-19 18:39:54.573   631   671 D ActivityManager: sync unfroze 23591 com.google.android.apps.safetyhub for 3
08-19 18:39:54.832   631   671 D ActivityManager: sync unfroze 2690 com.google.android.dialer for 3
08-19 18:39:54.885   631   671 D ActivityManager: sync unfroze 8830 com.google.android.gms for 10
08-19 18:39:54.904   631   671 D ActivityManager: sync unfroze 8004 com.google.android.gms.unstable for 10
08-19 18:39:54.905   631   671 D ActivityManager: sync unfroze 9809 com.google.android.gms.ui for 10
08-19 18:39:54.964   631   671 D ActivityManager: sync unfroze 8328 com.google.android.googlequicksearchbox:search for 3
08-19 18:39:55.036   631   671 D ActivityManager: sync unfroze 1122 com.google.android.permissioncontroller for 3
08-19 18:39:55.108   631   671 D ActivityManager: sync unfroze 4168 com.google.android.rkpdapp for 3
08-19 18:39:55.235   631   671 D ActivityManager: sync unfroze 6394 com.google.android.settings.intelligence for 3
08-19 18:39:55.263   631   671 D ActivityManager: sync unfroze 2975 com.google.android.tts for 3
08-19 18:39:56.833 22583 22583 I flutter : ðŸ” checkConnectionStatus: hasWallet=false, _wallet=null, rustInitialized=true
08-19 18:40:01.833 22583 22583 I flutter : ðŸ” checkConnectionStatus: hasWallet=false, _wallet=null, rustInitialized=true
08-19 18:40:06.834 22583 22583 I flutter : ðŸ” checkConnectionStatus: hasWallet=false, _wallet=null, rustInitialized=true
08-19 18:40:11.834 22583 22583 I flutter : ðŸ” checkConnectionStatus: hasWallet=false, _wallet=null, rustInitialized=true
08-19 18:40:16.840 22583 22583 I flutter : ðŸ” checkConnectionStatus: hasWallet=false, _wallet=null, rustInitialized=true
08-19 18:40:21.838 22583 22583 I flutter : ðŸ” checkConnectionStatus: hasWallet=false, _wallet=null, rustInitialized=true
08-19 18:40:26.833 22583 22583 I flutter : ðŸ” checkConnectionStatus: hasWallet=false, _wallet=null, rustInitialized=true
08-19 18:40:31.834 22583 22583 I flutter : ðŸ” checkConnectionStatus: hasWallet=false, _wallet=null, rustInitialized=true
08-19 18:40:36.834 22583 22583 I flutter : ðŸ” checkConnectionStatus: hasWallet=false, _wallet=null, rustInitialized=true
08-19 18:40:38.759 22583 22583 I flutter : ðŸ”„ Full refresh via Rust...
08-19 18:40:38.759 22583 22583 I flutter : ðŸ”„ Syncing with network via Rust...
08-19 18:49:00.237   631   671 D ActivityManager: sync unfroze 1348 com.android.settings for 10
08-19 18:49:00.269   631   671 D ActivityManager: sync unfroze 2043 com.android.keychain for 10
08-19 18:49:00.275   631   671 D ActivityManager: sync unfroze 3971 com.android.dynsystem:dynsystem for 10
08-19 18:49:00.350   631   671 D ActivityManager: sync unfroze 3936 com.android.dynsystem for 10
08-19 18:49:00.572   631   671 D ActivityManager: sync unfroze 2804 com.android.providers.calendar for 3
08-19 18:49:00.625 22583 22583 I flutter : ðŸ” checkConnectionStatus: hasWallet=false, _wallet=null, rustInitialized=true
08-19 18:49:00.661   631   671 D ActivityManager: sync unfroze 8459 com.google.android.apps.messaging for 3
08-19 18:49:00.738   631   671 D ActivityManager: sync unfroze 23591 com.google.android.apps.safetyhub for 3
08-19 18:49:00.888   631   671 D ActivityManager: sync unfroze 2690 com.google.android.dialer for 3
08-19 18:49:01.009   631   671 D ActivityManager: sync unfroze 8830 com.google.android.gms for 10
08-19 18:49:01.015   631   671 D ActivityManager: sync unfroze 8004 com.google.android.gms.unstable for 10
08-19 18:49:01.034   631   671 D ActivityManager: sync unfroze 9809 com.google.android.gms.ui for 10
08-19 18:49:01.079   631   671 D ActivityManager: sync unfroze 8328 com.google.android.googlequicksearchbox:search for 3
08-19 18:49:01.519   631   671 D ActivityManager: sync unfroze 1122 com.google.android.permissioncontroller for 3
08-19 18:49:01.645   631   671 D ActivityManager: sync unfroze 4168 com.google.android.rkpdapp for 3
08-19 18:49:01.817   631   671 D ActivityManager: sync unfroze 6394 com.google.android.settings.intelligence for 3
08-19 18:49:01.854   631   671 D ActivityManager: sync unfroze 2975 com.google.android.tts for 3
08-19 18:49:05.598 22583 22583 I flutter : ðŸ” checkConnectionStatus: hasWallet=false, _wallet=null, rustInitialized=true
08-19 18:49:10.601 22583 22583 I flutter : ðŸ” checkConnectionStatus: hasWallet=false, _wallet=null, rustInitialized=true
08-19 18:49:15.642 22583 22583 I flutter : ðŸ” checkConnectionStatus: hasWallet=false, _wallet=null, rustInitialized=true
08-19 18:49:20.604 22583 22583 I flutter : ðŸ” checkConnectionStatus: hasWallet=false, _wallet=null, rustInitialized=true
08-19 18:49:25.652 22583 22583 I flutter : ðŸ” checkConnectionStatus: hasWallet=false, _wallet=null, rustInitialized=true
08-19 18:49:30.617 22583 22583 I flutter : ðŸ” checkConnectionStatus: hasWallet=false, _wallet=null, rustInitialized=true
08-19 18:49:35.601 22583 22583 I flutter : ðŸ” checkConnectionStatus: hasWallet=false, _wallet=null, rustInitialized=true
08-19 18:49:40.601 22583 22583 I flutter : ðŸ” checkConnectionStatus: hasWallet=false, _wallet=null, rustInitialized=true
08-19 18:49:45.477   631  1930 D ActivityManager: sync unfroze 8830 com.google.android.gms for 6
08-19 18:49:45.482   631  1930 D ActivityManager: sync unfroze 8004 com.google.android.gms.unstable for 6
08-19 18:49:45.602 22583 22583 I flutter : ðŸ” checkConnectionStatus: hasWallet=false, _wallet=null, rustInitialized=true
08-19 18:58:29.368   631   671 D ActivityManager: sync unfroze 1348 com.android.settings for 10
08-19 18:58:29.379   631   671 D ActivityManager: sync unfroze 2043 com.android.keychain for 10
08-19 18:58:29.389   631   671 D ActivityManager: sync unfroze 3971 com.android.dynsystem:dynsystem for 10
08-19 18:58:29.392   631   671 D ActivityManager: sync unfroze 3936 com.android.dynsystem for 10
08-19 18:58:29.463   631   671 D ActivityManager: sync unfroze 2804 com.android.providers.calendar for 3
08-19 18:58:29.526   631   671 D ActivityManager: sync unfroze 8459 com.google.android.apps.messaging for 3
08-19 18:58:29.560   631   671 D ActivityManager: sync unfroze 23591 com.google.android.apps.safetyhub for 3
08-19 18:58:29.732   631   671 D ActivityManager: sync unfroze 2690 com.google.android.dialer for 3
08-19 18:58:29.792   631   671 D ActivityManager: sync unfroze 9809 com.google.android.gms.ui for 10
08-19 18:58:29.863   631   671 D ActivityManager: sync unfroze 8328 com.google.android.googlequicksearchbox:search for 3
08-19 18:58:29.933   631   671 D ActivityManager: sync unfroze 1122 com.google.android.permissioncontroller for 3
08-19 18:58:30.037   631   671 D ActivityManager: sync unfroze 4168 com.google.android.rkpdapp for 3
08-19 18:58:30.117   631   671 D ActivityManager: sync unfroze 6394 com.google.android.settings.intelligence for 3
08-19 18:58:30.212   631   671 D ActivityManager: sync unfroze 2975 com.google.android.tts for 3
08-19 18:58:31.162  8200  8229 I WM-WorkerWrapper: Work [ id=24740ff6-26b8-4c40-8710-4ea617847cf0, tags={ com.google.apps.tiktok.contrib.work.TikTokListenableWorker,com.google.apps.tiktok.sync.impl.workmanager.SyncWorker,TikTokWorker#com.google.apps.tiktok.sync.impl.workmanager.SyncWorker } ] was cancelled
08-19 18:58:32.243 22583 22583 I flutter : ðŸ” checkConnectionStatus: hasWallet=false, _wallet=null, rustInitialized=true
08-19 18:58:37.244 22583 22583 I flutter : ðŸ” checkConnectionStatus: hasWallet=false, _wallet=null, rustInitialized=true
08-19 18:58:38.047 22583 22583 I flutter : [CurrencyService] Fetching prices from CoinGecko...
08-19 18:58:39.163 22583 22583 I flutter : ðŸ”„ Full refresh via Rust...
08-19 18:58:39.178 22583 22583 I flutter : ðŸ”„ Syncing with network via Rust...
08-19 18:58:42.334 22583 22583 I flutter : ðŸ” checkConnectionStatus: hasWallet=false, _wallet=null, rustInitialized=true
08-19 18:58:47.245 22583 22583 I flutter : ðŸ” checkConnectionStatus: hasWallet=false, _wallet=null, rustInitialized=true
08-19 18:58:48.105 22583 22583 I flutter : [CurrencyService] Error fetching prices: TimeoutException after 0:00:10.000000: Future not completed
08-19 18:58:52.254 22583 22583 I flutter : ðŸ” checkConnectionStatus: hasWallet=false, _wallet=null, rustInitialized=true
08-19 18:58:57.246 22583 22583 I flutter : ðŸ” checkConnectionStatus: hasWallet=false, _wallet=null, rustInitialized=true
08-19 18:59:00.011   631  1928 I RegistrationProxy: getKeyAsync operation started with callback 180131709
08-19 18:59:02.276 22583 22583 I flutter : ðŸ” checkConnectionStatus: hasWallet=false, _wallet=null, rustInitialized=true
08-19 18:59:07.245 22583 22583 I flutter : ðŸ” checkConnectionStatus: hasWallet=false, _wallet=null, rustInitialized=true
08-19 18:59:12.250 22583 22583 I flutter : ðŸ” checkConnectionStatus: hasWallet=false, _wallet=null, rustInitialized=true
08-19 19:07:36.526   631   671 D ActivityManager: sync unfroze 1348 com.android.settings for 10
08-19 19:07:36.538   631   671 D ActivityManager: sync unfroze 2043 com.android.keychain for 10
08-19 19:07:36.548   631   671 D ActivityManager: sync unfroze 3971 com.android.dynsystem:dynsystem for 10
08-19 19:07:36.551   631   671 D ActivityManager: sync unfroze 3936 com.android.dynsystem for 10
08-19 19:07:36.637   631   671 D ActivityManager: sync unfroze 2804 com.android.providers.calendar for 3
08-19 19:07:36.754   631   671 D ActivityManager: sync unfroze 8459 com.google.android.apps.messaging for 3
08-19 19:07:36.801   631   671 D ActivityManager: sync unfroze 23591 com.google.android.apps.safetyhub for 3
08-19 19:07:37.100  1348 23672 D BatteryUsageDataLoader: loadUsageDataSafely() in the AsyncTask
08-19 19:07:37.146   631   671 D ActivityManager: sync unfroze 2690 com.google.android.dialer for 3
08-19 19:07:37.199 22583 22583 I flutter : ðŸ” checkConnectionStatus: hasWallet=false, _wallet=null, rustInitialized=true
08-19 19:07:37.216   631   671 D ActivityManager: sync unfroze 9809 com.google.android.gms.ui for 10
08-19 19:07:37.275   631   671 D ActivityManager: sync unfroze 8328 com.google.android.googlequicksearchbox:search for 3
08-19 19:07:37.365   631   671 D ActivityManager: sync unfroze 1122 com.google.android.permissioncontroller for 3
08-19 19:07:37.511   631   671 D ActivityManager: sync unfroze 4168 com.google.android.rkpdapp for 3
08-19 19:07:37.575   631   671 D ActivityManager: sync unfroze 6394 com.google.android.settings.intelligence for 3
08-19 19:07:37.646   631   671 D ActivityManager: sync unfroze 2975 com.google.android.tts for 3
08-19 19:07:42.166 22583 22583 I flutter : ðŸ” checkConnectionStatus: hasWallet=false, _wallet=null, rustInitialized=true
08-19 19:07:47.170 22583 22583 I flutter : ðŸ” checkConnectionStatus: hasWallet=false, _wallet=null, rustInitialized=true
08-19 19:07:52.224 22583 22583 I flutter : ðŸ” checkConnectionStatus: hasWallet=false, _wallet=null, rustInitialized=true
08-19 19:07:57.238 22583 22583 I flutter : ðŸ” checkConnectionStatus: hasWallet=false, _wallet=null, rustInitialized=true
08-19 19:07:59.155 22583 22583 I flutter : ðŸ”„ Full refresh via Rust...
08-19 19:07:59.157 22583 22583 I flutter : ðŸ”„ Syncing with network via Rust...
08-19 19:08:02.200 22583 22583 I flutter : ðŸ” checkConnectionStatus: hasWallet=false, _wallet=null, rustInitialized=true
08-19 19:08:07.186 22583 22583 I flutter : ðŸ” checkConnectionStatus: hasWallet=false, _wallet=null, rustInitialized=true
08-19 19:08:12.169 22583 22583 I flutter : ðŸ” checkConnectionStatus: hasWallet=false, _wallet=null, rustInitialized=true
08-19 19:08:17.190 22583 22583 I flutter : ðŸ” checkConnectionStatus: hasWallet=false, _wallet=null, rustInitialized=true
08-19 19:08:22.168 22583 22583 I flutter : ðŸ” checkConnectionStatus: hasWallet=false, _wallet=null, rustInitialized=true
08-19 19:16:43.285   631   671 D ActivityManager: sync unfroze 1348 com.android.settings for 10
08-19 19:16:43.286   631   671 D ActivityManager: sync unfroze 2043 com.android.keychain for 10
08-19 19:16:43.288   631   671 D ActivityManager: sync unfroze 3971 com.android.dynsystem:dynsystem for 10
08-19 19:16:43.293   631   671 D ActivityManager: sync unfroze 3936 com.android.dynsystem for 10
08-19 19:16:43.346   631   671 D ActivityManager: sync unfroze 2804 com.android.providers.calendar for 3
08-19 19:16:43.444   631   671 D ActivityManager: sync unfroze 8459 com.google.android.apps.messaging for 3
08-19 19:16:43.531   631   671 D ActivityManager: sync unfroze 23591 com.google.android.apps.safetyhub for 3
08-19 19:16:43.707   631   671 D ActivityManager: sync unfroze 2690 com.google.android.dialer for 3
08-19 19:16:43.793   631   671 D ActivityManager: sync unfroze 8830 com.google.android.gms for 10
08-19 19:16:43.794   631   671 D ActivityManager: sync unfroze 8004 com.google.android.gms.unstable for 10
08-19 19:16:43.797   631   671 D ActivityManager: sync unfroze 9809 com.google.android.gms.ui for 10
08-19 19:16:43.867   631   671 D ActivityManager: sync unfroze 8328 com.google.android.googlequicksearchbox:search for 3
08-19 19:16:44.026   631   671 D ActivityManager: sync unfroze 1122 com.google.android.permissioncontroller for 3
08-19 19:16:44.360   631   671 D ActivityManager: sync unfroze 4168 com.google.android.rkpdapp for 3
08-19 19:16:44.417   631   671 D ActivityManager: sync unfroze 6394 com.google.android.settings.intelligence for 3
08-19 19:16:44.480   631   671 D ActivityManager: sync unfroze 2975 com.google.android.tts for 3
08-19 19:16:46.863 22583 22583 I flutter : ðŸ” checkConnectionStatus: hasWallet=false, _wallet=null, rustInitialized=true
08-19 19:16:51.739  1057  1121 I QuickAccessWalletTile: QAW service is unavailable, recreating the wallet client.
08-19 19:16:51.867 22583 22583 I flutter : ðŸ” checkConnectionStatus: hasWallet=false, _wallet=null, rustInitialized=true
08-19 19:16:56.866 22583 22583 I flutter : ðŸ” checkConnectionStatus: hasWallet=false, _wallet=null, rustInitialized=true
08-19 19:17:01.866 22583 22583 I flutter : ðŸ” checkConnectionStatus: hasWallet=false, _wallet=null, rustInitialized=true
08-19 19:17:06.871 22583 22583 I flutter : ðŸ” checkConnectionStatus: hasWallet=false, _wallet=null, rustInitialized=true
08-19 19:17:11.869 22583 22583 I flutter : ðŸ” checkConnectionStatus: hasWallet=false, _wallet=null, rustInitialized=true
08-19 19:17:16.864 22583 22583 I flutter : ðŸ” checkConnectionStatus: hasWallet=false, _wallet=null, rustInitialized=true
08-19 19:17:18.774 22583 22583 I flutter : ðŸ”„ Full refresh via Rust...
08-19 19:17:18.776 22583 22583 I flutter : ðŸ”„ Syncing with network via Rust...
08-19 19:17:21.864 22583 22583 I flutter : ðŸ” checkConnectionStatus: hasWallet=false, _wallet=null, rustInitialized=true
08-19 19:17:26.863 22583 22583 I flutter : ðŸ” checkConnectionStatus: hasWallet=false, _wallet=null, rustInitialized=true
08-19 19:25:50.554   631   671 D ActivityManager: sync unfroze 1348 com.android.settings for 10
08-19 19:25:50.560   631   671 D ActivityManager: sync unfroze 2043 com.android.keychain for 10
08-19 19:25:50.565   631   671 D ActivityManager: sync unfroze 3971 com.android.dynsystem:dynsystem for 10
08-19 19:25:50.575   631   671 D ActivityManager: sync unfroze 3936 com.android.dynsystem for 10
08-19 19:25:50.651   631   671 D ActivityManager: sync unfroze 2804 com.android.providers.calendar for 3
08-19 19:25:51.034   631   671 D ActivityManager: sync unfroze 8459 com.google.android.apps.messaging for 3
08-19 19:25:51.061   631   671 D ActivityManager: sync unfroze 23591 com.google.android.apps.safetyhub for 3
08-19 19:25:51.166   631   671 D ActivityManager: sync unfroze 2690 com.google.android.dialer for 3
08-19 19:25:51.233   631   671 D ActivityManager: sync unfroze 8830 com.google.android.gms for 10
08-19 19:25:51.251   631   671 D ActivityManager: sync unfroze 8004 com.google.android.gms.unstable for 10
08-19 19:25:51.252   631   671 D ActivityManager: sync unfroze 9809 com.google.android.gms.ui for 10
08-19 19:25:51.284   631   671 D ActivityManager: sync unfroze 8328 com.google.android.googlequicksearchbox:search for 3
08-19 19:25:51.446   631   671 D ActivityManager: sync unfroze 1122 com.google.android.permissioncontroller for 3
08-19 19:25:51.571   631   671 D ActivityManager: sync unfroze 4168 com.google.android.rkpdapp for 3
08-19 19:25:51.627 22583 22583 I flutter : ðŸ” checkConnectionStatus: hasWallet=false, _wallet=null, rustInitialized=true
08-19 19:25:51.644   631   671 D ActivityManager: sync unfroze 6394 com.google.android.settings.intelligence for 3
08-19 19:25:51.707   631   671 D ActivityManager: sync unfroze 2975 com.google.android.tts for 3
08-19 19:25:56.627 22583 22583 I flutter : ðŸ” checkConnectionStatus: hasWallet=false, _wallet=null, rustInitialized=true
08-19 19:26:01.627 22583 22583 I flutter : ðŸ” checkConnectionStatus: hasWallet=false, _wallet=null, rustInitialized=true
08-19 19:26:06.628 22583 22583 I flutter : ðŸ” checkConnectionStatus: hasWallet=false, _wallet=null, rustInitialized=true
08-19 19:26:11.633 22583 22583 I flutter : ðŸ” checkConnectionStatus: hasWallet=false, _wallet=null, rustInitialized=true
08-19 19:26:16.636 22583 22583 I flutter : ðŸ” checkConnectionStatus: hasWallet=false, _wallet=null, rustInitialized=true
08-19 19:26:21.631 22583 22583 I flutter : ðŸ” checkConnectionStatus: hasWallet=false, _wallet=null, rustInitialized=true
08-19 19:26:26.655 22583 22583 I flutter : ðŸ” checkConnectionStatus: hasWallet=false, _wallet=null, rustInitialized=true
08-19 19:26:31.628 22583 22583 I flutter : ðŸ” checkConnectionStatus: hasWallet=false, _wallet=null, rustInitialized=true
08-19 19:26:37.204 22583 22583 I flutter : ðŸ” checkConnectionStatus: hasWallet=false, _wallet=null, rustInitialized=true
08-19 19:34:57.487   631   671 D ActivityManager: sync unfroze 1348 com.android.settings for 10
08-19 19:34:57.490   631   671 D ActivityManager: sync unfroze 2043 com.android.keychain for 10
08-19 19:34:57.491   631   671 D ActivityManager: sync unfroze 3971 com.android.dynsystem:dynsystem for 10
08-19 19:34:57.494   631   671 D ActivityManager: sync unfroze 3936 com.android.dynsystem for 10
08-19 19:34:57.587   631   671 D ActivityManager: sync unfroze 2804 com.android.providers.calendar for 3
08-19 19:34:57.696   631   671 D ActivityManager: sync unfroze 8459 com.google.android.apps.messaging for 3
08-19 19:34:57.713   631   671 D ActivityManager: sync unfroze 23591 com.google.android.apps.safetyhub for 3
08-19 19:34:57.829   631   671 D ActivityManager: sync unfroze 2690 com.google.android.dialer for 3
08-19 19:34:57.939   631   671 D ActivityManager: sync unfroze 8830 com.google.android.gms for 10
08-19 19:34:57.951   631   671 D ActivityManager: sync unfroze 8004 com.google.android.gms.unstable for 10
08-19 19:34:57.963   631   671 D ActivityManager: sync unfroze 9809 com.google.android.gms.ui for 10
08-19 19:34:58.036   631   671 D ActivityManager: sync unfroze 8328 com.google.android.googlequicksearchbox:search for 3
08-19 19:34:58.195   631   671 D ActivityManager: sync unfroze 1122 com.google.android.permissioncontroller for 3
08-19 19:34:58.388 22583 22583 I flutter : ðŸ”„ Full refresh via Rust...
08-19 19:34:58.389 22583 22583 I flutter : ðŸ”„ Syncing with network via Rust...
08-19 19:34:58.407   631   671 D ActivityManager: sync unfroze 4168 com.google.android.rkpdapp for 3
08-19 19:34:58.462   631   671 D ActivityManager: sync unfroze 6394 com.google.android.settings.intelligence for 3
08-19 19:34:58.523   631   671 D ActivityManager: sync unfroze 2975 com.google.android.tts for 3
08-19 19:35:01.461 22583 22583 I flutter : ðŸ” checkConnectionStatus: hasWallet=false, _wallet=null, rustInitialized=true
08-19 19:35:06.468 22583 22583 I flutter : ðŸ” checkConnectionStatus: hasWallet=false, _wallet=null, rustInitialized=true
08-19 19:35:11.463 22583 22583 I flutter : ðŸ” checkConnectionStatus: hasWallet=false, _wallet=null, rustInitialized=true
08-19 19:35:16.471 22583 22583 I flutter : ðŸ” checkConnectionStatus: hasWallet=false, _wallet=null, rustInitialized=true
08-19 19:35:21.483 22583 22583 I flutter : ðŸ” checkConnectionStatus: hasWallet=false, _wallet=null, rustInitialized=true
08-19 19:35:25.138  8459 23774 I Bugle   : BroadcastReceiverAsyncWorkTracker: Acknowledging broadcast of com.google.android.apps.messaging.shared.receiver.RcsProvisioningEventReceiver@3bbfca4
08-19 19:35:26.173  8459 23778 I Bugle   : BroadcastReceiverAsyncWorkTracker: Acknowledging broadcast of com.google.android.apps.messaging.shared.receiver.RcsProvisioningEventReceiver@672a358
08-19 19:35:26.694 22583 22583 I flutter : ðŸ” checkConnectionStatus: hasWallet=false, _wallet=null, rustInitialized=true
08-19 19:35:27.195  8459 23776 I Bugle   : BroadcastReceiverAsyncWorkTracker: Acknowledging broadcast of com.google.android.apps.messaging.shared.receiver.RcsProvisioningEventReceiver@b2d71ef
08-19 19:35:30.048   631  3384 D ActivityManager: sync unfroze 8004 com.google.android.gms.unstable for 6
08-19 19:35:31.465 22583 22583 I flutter : ðŸ” checkConnectionStatus: hasWallet=false, _wallet=null, rustInitialized=true
08-19 19:35:32.388   631  3384 D ActivityManager: sync unfroze 4168 com.google.android.rkpdapp for 6
08-19 19:35:32.554   631  1042 I RegistrationProxy: getKeyAsync operation started with callback 31987108
08-19 19:35:35.874   631  3384 I RegistrationProxy: getKeyAsync operation started with callback 211594686
08-19 19:35:36.464 22583 22583 I flutter : ðŸ” checkConnectionStatus: hasWallet=false, _wallet=null, rustInitialized=true
08-19 19:35:41.472 22583 22583 I flutter : ðŸ” checkConnectionStatus: hasWallet=false, _wallet=null, rustInitialized=true
08-19 19:44:04.059   631   671 D ActivityManager: sync unfroze 1348 com.android.settings for 10
08-19 19:44:04.070   631   671 D ActivityManager: sync unfroze 2043 com.android.keychain for 10
08-19 19:44:04.070   631   671 D ActivityManager: sync unfroze 3971 com.android.dynsystem:dynsystem for 10
08-19 19:44:04.071   631   671 D ActivityManager: sync unfroze 3936 com.android.dynsystem for 10
08-19 19:44:04.109   631   671 D ActivityManager: sync unfroze 2804 com.android.providers.calendar for 3
08-19 19:44:04.127   631   671 D ActivityManager: sync unfroze 23591 com.google.android.apps.safetyhub for 3
08-19 19:44:04.651   631   671 D ActivityManager: sync unfroze 2690 com.google.android.dialer for 3
08-19 19:44:04.912   631   671 D ActivityManager: sync unfroze 9809 com.google.android.gms.ui for 10
08-19 19:44:04.922   631   671 D ActivityManager: sync unfroze 8328 com.google.android.googlequicksearchbox:search for 3
08-19 19:44:05.223   631   671 D ActivityManager: sync unfroze 6394 com.google.android.settings.intelligence for 3
08-19 19:44:05.239   631   671 D ActivityManager: sync unfroze 2975 com.google.android.tts for 3
08-19 19:44:06.167 22583 22583 I flutter : ðŸ” checkConnectionStatus: hasWallet=false, _wallet=null, rustInitialized=true
08-19 19:44:11.169 22583 22583 I flutter : ðŸ” checkConnectionStatus: hasWallet=false, _wallet=null, rustInitialized=true
08-19 19:44:16.167 22583 22583 I flutter : ðŸ” checkConnectionStatus: hasWallet=false, _wallet=null, rustInitialized=true
08-19 19:44:18.083 22583 22583 I flutter : ðŸ”„ Full refresh via Rust...
08-19 19:44:18.086 22583 22583 I flutter : ðŸ”„ Syncing with network via Rust...
08-19 19:44:21.168 22583 22583 I flutter : ðŸ” checkConnectionStatus: hasWallet=false, _wallet=null, rustInitialized=true
08-19 19:44:26.169 22583 22583 I flutter : ðŸ” checkConnectionStatus: hasWallet=false, _wallet=null, rustInitialized=true
08-19 19:44:31.182 22583 22583 I flutter : ðŸ” checkConnectionStatus: hasWallet=false, _wallet=null, rustInitialized=true
08-19 19:44:36.184 22583 22583 I flutter : ðŸ” checkConnectionStatus: hasWallet=false, _wallet=null, rustInitialized=true
08-19 19:44:41.181 22583 22583 I flutter : ðŸ” checkConnectionStatus: hasWallet=false, _wallet=null, rustInitialized=true
08-19 19:44:46.168 22583 22583 I flutter : ðŸ” checkConnectionStatus: hasWallet=false, _wallet=null, rustInitialized=true
08-19 19:44:47.719  8459  8459 I SyncManagerImpl: #sync(). Running Synclets and scheduling next sync.
08-19 19:44:47.776  8459  8596 I SyncManagerImpl: Running synclets: [MmsGroupUpgradeSynclet, TemplateFetcherSynclet, TachygramPullMessagesSynclet]
08-19 19:44:47.785  8459  8488 I SyncManagerImpl: Starting synclet: MmsGroupUpgradeSynclet
08-19 19:44:47.798  8459  8489 I SyncManagerImpl: Starting synclet: TemplateFetcherSynclet
08-19 19:44:47.804  8459  8489 I SyncManagerImpl: Starting synclet: TachygramPullMessagesSynclet
08-19 19:44:47.893  8459  8459 I SyncManagerImpl: #sync(). Running Synclets and scheduling next sync.
08-19 19:44:47.916  8459  8481 I SyncManagerImpl: Running synclets: []
08-19 19:44:47.917  8459  8481 I SyncManagerImpl: Completed sync. Scheduling next wakeup
08-19 19:44:47.920  8459  8487 I SyncManagerImpl: #sync() complete
08-19 19:44:48.090  8459 23776 I WM-WorkerWrapper: Worker result SUCCESS for Work [ id=01e2f7bf-88a6-4e15-b07c-258702fd1397, tags={ com.google.apps.tiktok.contrib.work.TikTokListenableWorker,com.google.apps.tiktok.sync.impl.workmanager.SyncWorker,TikTokWorker#com.google.apps.tiktok.sync.impl.workmanager.SyncWorker } ]
08-19 19:44:48.152  8459  8481 I SyncManagerImpl: Completed sync. Scheduling next wakeup
08-19 19:44:48.174  8459  8481 W SyncManagerImpl: Unable to determine attempted syncs. They will not be used to schedule the next sync.
08-19 19:44:48.251  8459 23825 I SyncManagerImpl: #sync() complete
08-19 19:44:48.252  8459 23825 W TikTokListenableWorker: TikTokListenableWorker was cancelled while running client worker: com.google.apps.tiktok.sync.impl.workmanager.SyncWorker
08-19 19:44:48.746  8459 23778 I WM-WorkerWrapper: Work [ id=e4a2f646-8dc9-47ce-9022-459c7f3adf3e, tags={ com.google.apps.tiktok.contrib.work.TikTokListenableWorker,com.google.apps.tiktok.sync.impl.workmanager.SyncWorker,TikTokWorker#com.google.apps.tiktok.sync.impl.workmanager.SyncWorker } ] was cancelled
08-19 19:44:51.229 22583 22583 I flutter : ðŸ” checkConnectionStatus: hasWallet=false, _wallet=null, rustInitialized=true
08-19 19:53:11.329   631   671 D ActivityManager: sync unfroze 1348 com.android.settings for 10
08-19 19:53:11.332   631   671 D ActivityManager: sync unfroze 2043 com.android.keychain for 10
08-19 19:53:11.334   631   671 D ActivityManager: sync unfroze 3971 com.android.dynsystem:dynsystem for 10
08-19 19:53:11.337   631   671 D ActivityManager: sync unfroze 3936 com.android.dynsystem for 10
08-19 19:53:11.382   631   671 D ActivityManager: sync unfroze 2804 com.android.providers.calendar for 3
08-19 19:53:11.486   631   671 D ActivityManager: sync unfroze 23591 com.google.android.apps.safetyhub for 3
08-19 19:53:11.571   631   671 D ActivityManager: sync unfroze 2690 com.google.android.dialer for 3
08-19 19:53:11.626   631   671 D ActivityManager: sync unfroze 8830 com.google.android.gms for 10
08-19 19:53:11.643   631   671 D ActivityManager: sync unfroze 8004 com.google.android.gms.unstable for 10
08-19 19:53:11.644   631   671 D ActivityManager: sync unfroze 9809 com.google.android.gms.ui for 10
08-19 19:53:11.691   631   671 D ActivityManager: sync unfroze 8328 com.google.android.googlequicksearchbox:search for 3
08-19 19:53:11.800   631   671 D ActivityManager: sync unfroze 1122 com.google.android.permissioncontroller for 3
08-19 19:53:11.945   631   671 D ActivityManager: sync unfroze 4168 com.google.android.rkpdapp for 3
08-19 19:53:11.995   631   671 D ActivityManager: sync unfroze 6394 com.google.android.settings.intelligence for 3
08-19 19:53:12.054   631   671 D ActivityManager: sync unfroze 2975 com.google.android.tts for 3
08-19 19:53:16.130 22583 22583 I flutter : ðŸ” checkConnectionStatus: hasWallet=false, _wallet=null, rustInitialized=true
08-19 19:53:21.132 22583 22583 I flutter : ðŸ” checkConnectionStatus: hasWallet=false, _wallet=null, rustInitialized=true
08-19 19:53:26.128 22583 22583 I flutter : ðŸ” checkConnectionStatus: hasWallet=false, _wallet=null, rustInitialized=true
08-19 19:53:31.299 22583 22583 I flutter : ðŸ” checkConnectionStatus: hasWallet=false, _wallet=null, rustInitialized=true
08-19 19:53:36.129 22583 22583 I flutter : ðŸ” checkConnectionStatus: hasWallet=false, _wallet=null, rustInitialized=true
08-19 19:53:36.915 22583 22583 I flutter : [CurrencyService] Fetching prices from CoinGecko...
08-19 19:53:37.702 22583 22583 I flutter : [CurrencyService] Successfully fetched 37 currency prices
08-19 19:53:38.043 22583 22583 I flutter : ðŸ”„ Full refresh via Rust...
08-19 19:53:38.044 22583 22583 I flutter : ðŸ”„ Syncing with network via Rust...
08-19 19:53:41.132 22583 22583 I flutter : ðŸ” checkConnectionStatus: hasWallet=false, _wallet=null, rustInitialized=true
08-19 19:53:46.130 22583 22583 I flutter : ðŸ” checkConnectionStatus: hasWallet=false, _wallet=null, rustInitialized=true
08-19 19:53:51.130 22583 22583 I flutter : ðŸ” checkConnectionStatus: hasWallet=false, _wallet=null, rustInitialized=true
08-19 19:53:56.152 22583 22583 I flutter : ðŸ” checkConnectionStatus: hasWallet=false, _wallet=null, rustInitialized=true
08-19 20:02:18.650   631   671 D ActivityManager: sync unfroze 1348 com.android.settings for 10
08-19 20:02:18.656   631   671 D ActivityManager: sync unfroze 2043 com.android.keychain for 10
08-19 20:02:18.667   631   671 D ActivityManager: sync unfroze 3971 com.android.dynsystem:dynsystem for 10
08-19 20:02:18.676   631   671 D ActivityManager: sync unfroze 3936 com.android.dynsystem for 10
08-19 20:02:18.735   631   671 D ActivityManager: sync unfroze 2804 com.android.providers.calendar for 3
08-19 20:02:18.798   631   671 D ActivityManager: sync unfroze 8459 com.google.android.apps.messaging for 3
08-19 20:02:18.817   631   671 D ActivityManager: sync unfroze 23591 com.google.android.apps.safetyhub for 3
08-19 20:02:18.975   631   671 D ActivityManager: sync unfroze 2690 com.google.android.dialer for 3
08-19 20:02:18.996  1348 23827 D BatteryUsageDataLoader: loadUsageDataSafely() in the AsyncTask
08-19 20:02:19.056   631   671 D ActivityManager: sync unfroze 8830 com.google.android.gms for 10
08-19 20:02:19.082   631   671 D ActivityManager: sync unfroze 8004 com.google.android.gms.unstable for 10
08-19 20:02:19.084   631   671 D ActivityManager: sync unfroze 9809 com.google.android.gms.ui for 10
08-19 20:02:19.155   631   671 D ActivityManager: sync unfroze 8328 com.google.android.googlequicksearchbox:search for 3
08-19 20:02:19.223   631   671 D ActivityManager: sync unfroze 1122 com.google.android.permissioncontroller for 3
08-19 20:02:19.450   631   671 D ActivityManager: sync unfroze 4168 com.google.android.rkpdapp for 3
08-19 20:02:19.503   631   671 D ActivityManager: sync unfroze 6394 com.google.android.settings.intelligence for 3
08-19 20:02:19.554   631   671 D ActivityManager: sync unfroze 2975 com.google.android.tts for 3
08-19 20:02:20.990 22583 22583 I flutter : ðŸ” checkConnectionStatus: hasWallet=false, _wallet=null, rustInitialized=true
08-19 20:02:25.986 22583 22583 I flutter : ðŸ” checkConnectionStatus: hasWallet=false, _wallet=null, rustInitialized=true
08-19 20:02:30.992 22583 22583 I flutter : ðŸ” checkConnectionStatus: hasWallet=false, _wallet=null, rustInitialized=true
08-19 20:02:35.986 22583 22583 I flutter : ðŸ” checkConnectionStatus: hasWallet=false, _wallet=null, rustInitialized=true
08-19 20:02:40.984 22583 22583 I flutter : ðŸ” checkConnectionStatus: hasWallet=false, _wallet=null, rustInitialized=true
08-19 20:02:46.003 22583 22583 I flutter : ðŸ” checkConnectionStatus: hasWallet=false, _wallet=null, rustInitialized=true
08-19 20:02:50.992 22583 22583 I flutter : ðŸ” checkConnectionStatus: hasWallet=false, _wallet=null, rustInitialized=true
08-19 20:02:55.998 22583 22583 I flutter : ðŸ” checkConnectionStatus: hasWallet=false, _wallet=null, rustInitialized=true
08-19 20:02:57.912 22583 22583 I flutter : ðŸ”„ Full refresh via Rust...
08-19 20:02:57.914 22583 22583 I flutter : ðŸ”„ Syncing with network via Rust...
08-19 20:03:00.988 22583 22583 I flutter : ðŸ” checkConnectionStatus: hasWallet=false, _wallet=null, rustInitialized=true
08-19 20:05:22.286   631   671 D ActivityManager: sync unfroze 1348 com.android.settings for 10
08-19 20:05:22.293   631   671 D ActivityManager: sync unfroze 2043 com.android.keychain for 10
08-19 20:05:22.297   631   671 D ActivityManager: sync unfroze 3971 com.android.dynsystem:dynsystem for 10
08-19 20:05:22.297   631   671 D ActivityManager: sync unfroze 3936 com.android.dynsystem for 10
08-19 20:05:22.384   631   671 D ActivityManager: sync unfroze 2804 com.android.providers.calendar for 3
08-19 20:05:22.527   631   671 D ActivityManager: sync unfroze 8459 com.google.android.apps.messaging for 3
08-19 20:05:22.547   631   671 D ActivityManager: sync unfroze 23591 com.google.android.apps.safetyhub for 3
08-19 20:05:22.696   631   671 D ActivityManager: sync unfroze 2690 com.google.android.dialer for 3
08-19 20:05:22.772   631   671 D ActivityManager: sync unfroze 8830 com.google.android.gms for 10
08-19 20:05:22.803   631   671 D ActivityManager: sync unfroze 8004 com.google.android.gms.unstable for 10
08-19 20:05:22.845   631   671 D ActivityManager: sync unfroze 9809 com.google.android.gms.ui for 10
08-19 20:05:22.877   631   671 D ActivityManager: sync unfroze 8328 com.google.android.googlequicksearchbox:search for 3
08-19 20:05:22.914   631   671 D ActivityManager: sync unfroze 1122 com.google.android.permissioncontroller for 3
08-19 20:05:23.028   631   671 D ActivityManager: sync unfroze 4168 com.google.android.rkpdapp for 3
08-19 20:05:23.044 22583 22583 I flutter : ðŸ” checkConnectionStatus: hasWallet=false, _wallet=null, rustInitialized=true
08-19 20:05:23.229   631   671 D ActivityManager: sync unfroze 6394 com.google.android.settings.intelligence for 3
08-19 20:05:23.310   631   671 D ActivityManager: sync unfroze 2975 com.google.android.tts for 3
08-19 20:05:24.483  8200  8229 I WM-WorkerWrapper: Worker result SUCCESS for Work [ id=3140dd98-8801-48eb-a678-042a5ac5157b, tags={ com.google.apps.tiktok.contrib.work.TikTokListenableWorker,com.google.apps.tiktok.sync.impl.workmanager.SyncWorker,TikTokWorker#com.google.apps.tiktok.sync.impl.workmanager.SyncWorker } ]
08-19 20:05:28.036 22583 22583 I flutter : ðŸ” checkConnectionStatus: hasWallet=false, _wallet=null, rustInitialized=true
08-19 20:05:33.046 22583 22583 I flutter : ðŸ” checkConnectionStatus: hasWallet=false, _wallet=null, rustInitialized=true
08-19 20:05:38.043 22583 22583 I flutter : ðŸ” checkConnectionStatus: hasWallet=false, _wallet=null, rustInitialized=true
08-19 20:05:43.030 22583 22583 I flutter : ðŸ” checkConnectionStatus: hasWallet=false, _wallet=null, rustInitialized=true
08-19 20:05:48.029 22583 22583 I flutter : ðŸ” checkConnectionStatus: hasWallet=false, _wallet=null, rustInitialized=true
08-19 20:05:53.040 22583 22583 I flutter : ðŸ” checkConnectionStatus: hasWallet=false, _wallet=null, rustInitialized=true
08-19 20:05:58.046 22583 22583 I flutter : ðŸ” checkConnectionStatus: hasWallet=false, _wallet=null, rustInitialized=true
08-19 20:06:03.032 22583 22583 I flutter : ðŸ” checkConnectionStatus: hasWallet=false, _wallet=null, rustInitialized=true
08-19 20:06:08.030 22583 22583 I flutter : ðŸ” checkConnectionStatus: hasWallet=false, _wallet=null, rustInitialized=true
08-19 20:14:29.333   631   671 D ActivityManager: sync unfroze 1348 com.android.settings for 10
08-19 20:14:29.343   631   671 D ActivityManager: sync unfroze 2043 com.android.keychain for 10
08-19 20:14:29.348   631   671 D ActivityManager: sync unfroze 3971 com.android.dynsystem:dynsystem for 10
08-19 20:14:29.352   631   671 D ActivityManager: sync unfroze 3936 com.android.dynsystem for 10
08-19 20:14:29.399   631   671 D ActivityManager: sync unfroze 2804 com.android.providers.calendar for 3
08-19 20:14:29.426   631   671 D ActivityManager: sync unfroze 8459 com.google.android.apps.messaging for 3
08-19 20:14:29.435   631   671 D ActivityManager: sync unfroze 23591 com.google.android.apps.safetyhub for 3
08-19 20:14:29.527   631   671 D ActivityManager: sync unfroze 2690 com.google.android.dialer for 3
08-19 20:14:29.574   631   671 D ActivityManager: sync unfroze 8830 com.google.android.gms for 10
08-19 20:14:29.579   631   671 D ActivityManager: sync unfroze 8004 com.google.android.gms.unstable for 10
08-19 20:14:29.593   631   671 D ActivityManager: sync unfroze 9809 com.google.android.gms.ui for 10
08-19 20:14:29.680   631   671 D ActivityManager: sync unfroze 8328 com.google.android.googlequicksearchbox:search for 3
08-19 20:14:29.811   631   671 D ActivityManager: sync unfroze 1122 com.google.android.permissioncontroller for 3
08-19 20:14:29.896   631   671 D ActivityManager: sync unfroze 4168 com.google.android.rkpdapp for 3
08-19 20:14:29.982   631   671 D ActivityManager: sync unfroze 6394 com.google.android.settings.intelligence for 3
08-19 20:14:30.020   631   671 D ActivityManager: sync unfroze 2975 com.google.android.tts for 3
08-19 20:14:32.940 22583 22583 I flutter : ðŸ” checkConnectionStatus: hasWallet=false, _wallet=null, rustInitialized=true
08-19 20:14:34.859 22583 22583 I flutter : ðŸ”„ Full refresh via Rust...
08-19 20:14:34.861 22583 22583 I flutter : ðŸ”„ Syncing with network via Rust...
08-19 20:14:37.940 22583 22583 I flutter : ðŸ” checkConnectionStatus: hasWallet=false, _wallet=null, rustInitialized=true
08-19 20:14:42.959 22583 22583 I flutter : ðŸ” checkConnectionStatus: hasWallet=false, _wallet=null, rustInitialized=true
08-19 20:14:47.960 22583 22583 I flutter : ðŸ” checkConnectionStatus: hasWallet=false, _wallet=null, rustInitialized=true
08-19 20:14:52.948 22583 22583 I flutter : ðŸ” checkConnectionStatus: hasWallet=false, _wallet=null, rustInitialized=true
08-19 20:14:57.948 22583 22583 I flutter : ðŸ” checkConnectionStatus: hasWallet=false, _wallet=null, rustInitialized=true
08-19 20:15:02.942 22583 22583 I flutter : ðŸ” checkConnectionStatus: hasWallet=false, _wallet=null, rustInitialized=true
08-19 20:15:07.942 22583 22583 I flutter : ðŸ” checkConnectionStatus: hasWallet=false, _wallet=null, rustInitialized=true
08-19 20:15:12.944 22583 22583 I flutter : ðŸ” checkConnectionStatus: hasWallet=false, _wallet=null, rustInitialized=true
08-19 20:21:51.052   631   671 D ActivityManager: sync unfroze 1348 com.android.settings for 10
08-19 20:21:51.053   631   671 D ActivityManager: sync unfroze 2043 com.android.keychain for 10
08-19 20:21:51.062   631   671 D ActivityManager: sync unfroze 3971 com.android.dynsystem:dynsystem for 10
08-19 20:21:51.064   631   671 D ActivityManager: sync unfroze 3936 com.android.dynsystem for 10
08-19 20:21:51.404   631   671 D ActivityManager: sync unfroze 2804 com.android.providers.calendar for 3
08-19 20:21:52.746 22583 22583 I flutter : ðŸ” checkConnectionStatus: hasWallet=false, _wallet=null, rustInitialized=true
08-19 20:21:52.957   631   671 D ActivityManager: sync unfroze 8459 com.google.android.apps.messaging for 3
08-19 20:21:53.044   631   671 D ActivityManager: sync unfroze 23591 com.google.android.apps.safetyhub for 3
08-19 20:21:53.617   631   671 D ActivityManager: sync unfroze 2690 com.google.android.dialer for 3
08-19 20:21:53.677   631   671 D ActivityManager: sync unfroze 8830 com.google.android.gms for 10
08-19 20:21:53.688   631   671 D ActivityManager: sync unfroze 8004 com.google.android.gms.unstable for 10
08-19 20:21:53.700   631   671 D ActivityManager: sync unfroze 9809 com.google.android.gms.ui for 10
08-19 20:21:53.799   631   671 D ActivityManager: sync unfroze 8328 com.google.android.googlequicksearchbox:search for 3
08-19 20:21:53.922   631   671 D ActivityManager: sync unfroze 1122 com.google.android.permissioncontroller for 3
08-19 20:21:55.461   631   671 D ActivityManager: sync unfroze 4168 com.google.android.rkpdapp for 3
08-19 20:21:55.748   631   671 D ActivityManager: sync unfroze 6394 com.google.android.settings.intelligence for 3
08-19 20:21:56.029   631   671 D ActivityManager: sync unfroze 2975 com.google.android.tts for 3
08-19 20:21:57.744 22583 22583 I flutter : ðŸ” checkConnectionStatus: hasWallet=false, _wallet=null, rustInitialized=true
08-19 20:22:02.742 22583 22583 I flutter : ðŸ” checkConnectionStatus: hasWallet=false, _wallet=null, rustInitialized=true
08-19 20:22:07.746 22583 22583 I flutter : ðŸ” checkConnectionStatus: hasWallet=false, _wallet=null, rustInitialized=true
08-19 20:22:09.654 22583 22583 I flutter : ðŸ”„ Full refresh via Rust...
08-19 20:22:09.656 22583 22583 I flutter : ðŸ”„ Syncing with network via Rust...
08-19 20:22:12.742 22583 22583 I flutter : ðŸ” checkConnectionStatus: hasWallet=false, _wallet=null, rustInitialized=true
08-19 20:22:17.743 22583 22583 I flutter : ðŸ” checkConnectionStatus: hasWallet=false, _wallet=null, rustInitialized=true
08-19 20:22:22.745 22583 22583 I flutter : ðŸ” checkConnectionStatus: hasWallet=false, _wallet=null, rustInitialized=true
08-19 20:22:27.742 22583 22583 I flutter : ðŸ” checkConnectionStatus: hasWallet=false, _wallet=null, rustInitialized=true
08-19 20:22:32.741 22583 22583 I flutter : ðŸ” checkConnectionStatus: hasWallet=false, _wallet=null, rustInitialized=true
08-19 20:22:37.741 22583 22583 I flutter : ðŸ” checkConnectionStatus: hasWallet=false, _wallet=null, rustInitialized=true
08-19 20:22:42.741 22583 22583 I flutter : ðŸ” checkConnectionStatus: hasWallet=false, _wallet=null, rustInitialized=true
08-19 20:22:47.742 22583 22583 I flutter : ðŸ” checkConnectionStatus: hasWallet=false, _wallet=null, rustInitialized=true
08-19 20:22:52.742 22583 22583 I flutter : ðŸ” checkConnectionStatus: hasWallet=false, _wallet=null, rustInitialized=true
08-19 20:22:57.742 22583 22583 I flutter : ðŸ” checkConnectionStatus: hasWallet=false, _wallet=null, rustInitialized=true
08-19 20:23:02.742 22583 22583 I flutter : ðŸ” checkConnectionStatus: hasWallet=false, _wallet=null, rustInitialized=true
08-19 20:23:07.745 22583 22583 I flutter : ðŸ” checkConnectionStatus: hasWallet=false, _wallet=null, rustInitialized=true
08-19 20:23:09.654 22583 22583 I flutter : ðŸ”„ Full refresh via Rust...
08-19 20:23:09.656 22583 22583 I flutter : ðŸ”„ Syncing with network via Rust...
08-19 20:23:12.742 22583 22583 I flutter : ðŸ” checkConnectionStatus: hasWallet=false, _wallet=null, rustInitialized=true
08-19 20:23:17.742 22583 22583 I flutter : ðŸ” checkConnectionStatus: hasWallet=false, _wallet=null, rustInitialized=true
08-19 20:23:22.741 22583 22583 I flutter : ðŸ” checkConnectionStatus: hasWallet=false, _wallet=null, rustInitialized=true
08-19 20:23:27.741 22583 22583 I flutter : ðŸ” checkConnectionStatus: hasWallet=false, _wallet=null, rustInitialized=true
08-19 20:23:32.742 22583 22583 I flutter : ðŸ” checkConnectionStatus: hasWallet=false, _wallet=null, rustInitialized=true
08-19 20:23:37.741 22583 22583 I flutter : ðŸ” checkConnectionStatus: hasWallet=false, _wallet=null, rustInitialized=true
08-19 20:23:42.742 22583 22583 I flutter : ðŸ” checkConnectionStatus: hasWallet=false, _wallet=null, rustInitialized=true
08-19 20:23:47.744 22583 22583 I flutter : ðŸ” checkConnectionStatus: hasWallet=false, _wallet=null, rustInitialized=true
08-19 20:23:52.742 22583 22583 I flutter : ðŸ” checkConnectionStatus: hasWallet=false, _wallet=null, rustInitialized=true
08-19 20:23:57.744 22583 22583 I flutter : ðŸ” checkConnectionStatus: hasWallet=false, _wallet=null, rustInitialized=true
08-19 20:24:02.748 22583 22583 I flutter : ðŸ” checkConnectionStatus: hasWallet=false, _wallet=null, rustInitialized=true
08-19 20:24:07.741 22583 22583 I flutter : ðŸ” checkConnectionStatus: hasWallet=false, _wallet=null, rustInitialized=true
08-19 20:24:08.519 22583 22583 I flutter : [CurrencyService] Fetching prices from CoinGecko...
08-19 20:24:09.245 22583 22583 I flutter : [CurrencyService] Successfully fetched 37 currency prices
08-19 20:24:09.654 22583 22583 I flutter : ðŸ”„ Full refresh via Rust...
08-19 20:24:09.656 22583 22583 I flutter : ðŸ”„ Syncing with network via Rust...
08-19 20:24:12.742 22583 22583 I flutter : ðŸ” checkConnectionStatus: hasWallet=false, _wallet=null, rustInitialized=true
08-19 20:24:17.743 22583 22583 I flutter : ðŸ” checkConnectionStatus: hasWallet=false, _wallet=null, rustInitialized=true
08-19 20:24:22.742 22583 22583 I flutter : ðŸ” checkConnectionStatus: hasWallet=false, _wallet=null, rustInitialized=true
08-19 20:24:27.742 22583 22583 I flutter : ðŸ” checkConnectionStatus: hasWallet=false, _wallet=null, rustInitialized=true
08-19 20:24:32.742 22583 22583 I flutter : ðŸ” checkConnectionStatus: hasWallet=false, _wallet=null, rustInitialized=true
08-19 20:24:37.741 22583 22583 I flutter : ðŸ” checkConnectionStatus: hasWallet=false, _wallet=null, rustInitialized=true
08-19 20:24:42.741 22583 22583 I flutter : ðŸ” checkConnectionStatus: hasWallet=false, _wallet=null, rustInitialized=true
08-19 20:24:47.742 22583 22583 I flutter : ðŸ” checkConnectionStatus: hasWallet=false, _wallet=null, rustInitialized=true
08-19 20:24:52.742 22583 22583 I flutter : ðŸ” checkConnectionStatus: hasWallet=false, _wallet=null, rustInitialized=true
08-19 20:24:57.741 22583 22583 I flutter : ðŸ” checkConnectionStatus: hasWallet=false, _wallet=null, rustInitialized=true
08-19 20:25:02.741 22583 22583 I flutter : ðŸ” checkConnectionStatus: hasWallet=false, _wallet=null, rustInitialized=true
08-19 20:25:07.741 22583 22583 I flutter : ðŸ” checkConnectionStatus: hasWallet=false, _wallet=null, rustInitialized=true
08-19 20:25:09.659 22583 22583 I flutter : ðŸ”„ Full refresh via Rust...
08-19 20:25:09.659 22583 22583 I flutter : ðŸ”„ Syncing with network via Rust...
08-19 20:25:12.748 22583 22583 I flutter : ðŸ” checkConnectionStatus: hasWallet=false, _wallet=null, rustInitialized=true
08-19 20:25:17.742 22583 22583 I flutter : ðŸ” checkConnectionStatus: hasWallet=false, _wallet=null, rustInitialized=true
08-19 20:25:22.742 22583 22583 I flutter : ðŸ” checkConnectionStatus: hasWallet=false, _wallet=null, rustInitialized=true
08-19 20:25:27.744 22583 22583 I flutter : ðŸ” checkConnectionStatus: hasWallet=false, _wallet=null, rustInitialized=true
08-19 20:25:32.741 22583 22583 I flutter : ðŸ” checkConnectionStatus: hasWallet=false, _wallet=null, rustInitialized=true
08-19 20:25:37.741 22583 22583 I flutter : ðŸ” checkConnectionStatus: hasWallet=false, _wallet=null, rustInitialized=true
08-19 20:25:42.709  1057  1121 I QuickAccessWalletTile: QAW service is unavailable, recreating the wallet client.
08-19 20:25:42.741 22583 22583 I flutter : ðŸ” checkConnectionStatus: hasWallet=false, _wallet=null, rustInitialized=true
08-19 20:25:47.742 22583 22583 I flutter : ðŸ” checkConnectionStatus: hasWallet=false, _wallet=null, rustInitialized=true
08-19 20:25:52.741 22583 22583 I flutter : ðŸ” checkConnectionStatus: hasWallet=false, _wallet=null, rustInitialized=true
08-19 20:25:57.745 22583 22583 I flutter : ðŸ” checkConnectionStatus: hasWallet=false, _wallet=null, rustInitialized=true
08-19 20:26:02.742 22583 22583 I flutter : ðŸ” checkConnectionStatus: hasWallet=false, _wallet=null, rustInitialized=true
08-19 20:26:07.742 22583 22583 I flutter : ðŸ” checkConnectionStatus: hasWallet=false, _wallet=null, rustInitialized=true
08-19 20:26:09.654 22583 22583 I flutter : ðŸ”„ Full refresh via Rust...
08-19 20:26:09.656 22583 22583 I flutter : ðŸ”„ Syncing with network via Rust...
08-19 20:26:12.743 22583 22583 I flutter : ðŸ” checkConnectionStatus: hasWallet=false, _wallet=null, rustInitialized=true
08-19 20:26:17.742 22583 22583 I flutter : ðŸ” checkConnectionStatus: hasWallet=false, _wallet=null, rustInitialized=true
08-19 20:26:22.742 22583 22583 I flutter : ðŸ” checkConnectionStatus: hasWallet=false, _wallet=null, rustInitialized=true
08-19 20:26:27.743 22583 22583 I flutter : ðŸ” checkConnectionStatus: hasWallet=false, _wallet=null, rustInitialized=true
08-19 20:26:32.742 22583 22583 I flutter : ðŸ” checkConnectionStatus: hasWallet=false, _wallet=null, rustInitialized=true
08-19 20:26:37.741 22583 22583 I flutter : ðŸ” checkConnectionStatus: hasWallet=false, _wallet=null, rustInitialized=true
08-19 20:26:42.745 22583 22583 I flutter : ðŸ” checkConnectionStatus: hasWallet=false, _wallet=null, rustInitialized=true
08-19 20:26:47.742 22583 22583 I flutter : ðŸ” checkConnectionStatus: hasWallet=false, _wallet=null, rustInitialized=true
08-19 20:26:52.742 22583 22583 I flutter : ðŸ” checkConnectionStatus: hasWallet=false, _wallet=null, rustInitialized=true
